     VMA      LMA     Size Align Out     In      Symbol
       0        0 80200000     1 . = 0x80200000
80200000 80200000      2a4     4 .text
80200000 80200000       96     4         /tmp/kernel-b52fba.o:(.text)
80200000 80200000        0     1                 
80200000 80200000        0     1                 
80200000 80200000        0     1                 
80200000 80200000        0     1                 
80200000 80200000        6     1                 sbi_call
80200004 80200004        0     1                 
80200006 80200006        0     1                 
80200006 80200006        0     1                 
80200006 80200006        0     1                 
80200006 80200006        0     1                 
80200006 80200006        0     1                 
80200006 80200006        0     1                 
80200006 80200006       14     1                 putchar
80200018 80200018        0     1                 
80200018 80200018        0     1                 
8020001a 8020001a        0     1                 
8020001a 8020001a        0     1                 
8020001a 8020001a        0     1                 
8020001a 8020001a        0     1                 
8020001a 8020001a        0     1                 
8020001a 8020001a        0     1                 
8020001a 8020001a       14     1                 memset
8020001c 8020001c        0     1                 
8020001e 8020001e        0     1                 
80200020 80200020        0     1                 
80200024 80200024        0     1                 
80200028 80200028        0     1                 
8020002a 8020002a        0     1                 
8020002c 8020002c        0     1                 
8020002e 8020002e        0     1                 
8020002e 8020002e        0     1                 
8020002e 8020002e        0     1                 
8020002e 8020002e        0     1                 
8020002e 8020002e        0     1                 
8020002e 8020002e       68     1                 kernel_main
80200030 80200030        0     1                 
80200030 80200030        0     1                 
80200032 80200032        0     1                 
8020004a 8020004a        0     1                 
80200064 80200064        0     1                 
80200064 80200064        0     1                 
8020007a 8020007a        0     1                 
80200080 80200080        0     1                 
80200084 80200084        0     1                 
80200086 80200086        0     1                 
8020008a 8020008a        0     1                 
8020008c 8020008c        0     1                 
80200090 80200090        0     1                 
80200090 80200090        0     1                 
80200094 80200094        0     1                 
80200096 80200096        0     1                 
80200096 80200096        0     1                 
80200096 80200096        e     2         /tmp/kernel-b52fba.o:(.text.book)
80200096 80200096        0     1                 
80200096 80200096        0     1                 
80200096 80200096        0     1                 
80200096 80200096        0     1                 
80200096 80200096        e     1                 boot
802000a4 802000a4        0     1                 
802000a4 802000a4        0     1                 
802000a4 802000a4      200     4         /tmp/common-f3dced.o:(.text)
802000a4 802000a4        0     1                 
802000a4 802000a4        0     1                 
802000a4 802000a4        0     1                 
802000a4 802000a4      200     1                 printf
802000a6 802000a6        0     1                 
802000c0 802000c0        0     1                 
802000d2 802000d2        0     1                 
802000fe 802000fe        0     1                 
80200102 80200102        0     1                 
80200104 80200104        0     1                 
80200108 80200108        0     1                 
80200110 80200110        0     1                 
80200118 80200118        0     1                 
80200118 80200118        0     1                 
8020011a 8020011a        0     1                 
8020011c 8020011c        0     1                 
80200120 80200120        0     1                 
80200122 80200122        0     1                 
8020012e 8020012e        0     1                 
8020013a 8020013a        0     1                 
8020013e 8020013e        0     1                 
80200140 80200140        0     1                 
80200146 80200146        0     1                 
8020014e 8020014e        0     1                 
8020014e 8020014e        0     1                 
80200158 80200158        0     1                 
80200158 80200158        0     1                 
8020015c 8020015c        0     1                 
80200162 80200162        0     1                 
8020016a 8020016a        0     1                 
8020016a 8020016a        0     1                 
8020016e 8020016e        0     1                 
80200170 80200170        0     1                 
80200176 80200176        0     1                 
8020017e 8020017e        0     1                 
8020017e 8020017e        0     1                 
80200182 80200182        0     1                 
80200184 80200184        0     1                 
8020018a 8020018a        0     1                 
80200192 80200192        0     1                 
80200192 80200192        0     1                 
80200196 80200196        0     1                 
80200198 80200198        0     1                 
8020019e 8020019e        0     1                 
802001a6 802001a6        0     1                 
802001a6 802001a6        0     1                 
802001aa 802001aa        0     1                 
802001ac 802001ac        0     1                 
802001b2 802001b2        0     1                 
802001ba 802001ba        0     1                 
802001ba 802001ba        0     1                 
802001be 802001be        0     1                 
802001c0 802001c0        0     1                 
802001c6 802001c6        0     1                 
802001ce 802001ce        0     1                 
802001ce 802001ce        0     1                 
802001d2 802001d2        0     1                 
802001d4 802001d4        0     1                 
802001da 802001da        0     1                 
802001e2 802001e2        0     1                 
802001e2 802001e2        0     1                 
802001e6 802001e6        0     1                 
802001ec 802001ec        0     1                 
802001ec 802001ec        0     1                 
802001f4 802001f4        0     1                 
802001f4 802001f4        0     1                 
802001f6 802001f6        0     1                 
802001f8 802001f8        0     1                 
802001f8 802001f8        0     1                 
80200202 80200202        0     1                 
80200206 80200206        0     1                 
8020020e 8020020e        0     1                 
8020021a 8020021a        0     1                 
8020021a 8020021a        0     1                 
8020021e 8020021e        0     1                 
80200224 80200224        0     1                 
80200224 80200224        0     1                 
80200230 80200230        0     1                 
80200230 80200230        0     1                 
80200234 80200234        0     1                 
80200236 80200236        0     1                 
8020023a 8020023a        0     1                 
8020023c 8020023c        0     1                 
80200240 80200240        0     1                 
80200244 80200244        0     1                 
80200248 80200248        0     1                 
8020024c 8020024c        0     1                 
8020024e 8020024e        0     1                 
80200252 80200252        0     1                 
80200256 80200256        0     1                 
80200262 80200262        0     1                 
80200262 80200262        0     1                 
8020026a 8020026a        0     1                 
80200270 80200270        0     1                 
80200274 80200274        0     1                 
8020027a 8020027a        0     1                 
80200286 80200286        0     1                 
80200286 80200286        0     1                 
802002a4 802002a4        0     1                 
802002a4 802002a4        0     1                 
802002a4 802002a4       34     4 .rodata
802002a4 802002a4       34     1         <internal>:(.rodata)
802002d8 802002d8        0     4 .bss
802002d8 802002d8        0     1         __bss = .
802002d8 802002d8        0     1         __bss_end = .
802002d8 802002d8        0     1 . = ALIGN ( 4 )
802002d8 802002d8    20000     1 . += 128 * 1024
802202d8 802202d8        0     1 __stack_top = .
       0        0      204     1 .debug_loclists
       0        0       99     1         /tmp/kernel-b52fba.o:(.debug_loclists)
       c        c        0     1                 
      99       99      16b     1         /tmp/common-f3dced.o:(.debug_loclists)
      a5       a5        0     1                 
       0        0      1e3     1 .debug_abbrev
       0        0      127     1         /tmp/kernel-b52fba.o:(.debug_abbrev)
     127      127       bc     1         /tmp/common-f3dced.o:(.debug_abbrev)
       0        0      3a5     1 .debug_info
       0        0      282     1         /tmp/kernel-b52fba.o:(.debug_info)
     282      282      123     1         /tmp/common-f3dced.o:(.debug_info)
       0        0       33     1 .debug_rnglists
       0        0       18     1         /tmp/kernel-b52fba.o:(.debug_rnglists)
       c        c        0     1                 
      18       18       1b     1         /tmp/common-f3dced.o:(.debug_rnglists)
      24       24        0     1                 
       0        0       f4     1 .debug_str_offsets
       0        0       a4     1         /tmp/kernel-b52fba.o:(.debug_str_offsets)
       8        8        0     1                 
      a4       a4       50     1         /tmp/common-f3dced.o:(.debug_str_offsets)
      ac       ac        0     1                 
       0        0      158     1 .debug_str
       0        0      158     1         <internal>:(.debug_str)
       0        0       6c     1 .debug_addr
       0        0       20     1         /tmp/kernel-b52fba.o:(.debug_addr)
       8        8        0     1                 
      20       20       4c     1         /tmp/common-f3dced.o:(.debug_addr)
      28       28        0     1                 
       0        0       42     1 .comment
       0        0       42     1         <internal>:(.comment)
       0        0       2b     1 .riscv.attributes
       0        0       2b     1         /tmp/kernel-b52fba.o:(.riscv.attributes)
       0        0       b0     4 .debug_frame
       0        0       6c     4         /tmp/kernel-b52fba.o:(.debug_frame)
       0        0        0     1                 
      6c       6c       44     4         /tmp/common-f3dced.o:(.debug_frame)
      6c       6c        0     1                 
       0        0      41b     1 .debug_line
       0        0      157     1         /tmp/kernel-b52fba.o:(.debug_line)
       0        0        0     1                 .Lline_table_start0
     157      157      2c4     1         /tmp/common-f3dced.o:(.debug_line)
     157      157        0     1                 .Lline_table_start0
       0        0       30     1 .debug_line_str
       0        0       30     1         <internal>:(.debug_line_str)
       0        0      ea0     4 .symtab
       0        0      ea0     4         <internal>:(.symtab)
       0        0       d6     1 .shstrtab
       0        0       d6     1         <internal>:(.shstrtab)
       0        0       87     1 .strtab
       0        0       87     1         <internal>:(.strtab)
