     VMA      LMA     Size Align Out     In      Symbol
       0        0 80200000     1 . = 0x80200000
80200000 80200000      4d2     4 .text
80200000 80200000      238     4         /tmp/kernel-c56393.o:(.text)
80200000 80200000        0     1                 
80200000 80200000        0     1                 
80200000 80200000        0     1                 
80200000 80200000       58     1                 alloc_pages
80200002 80200002        0     1                 
80200002 80200002        0     1                 
80200006 80200006        0     1                 
8020000e 8020000e        0     1                 
80200012 80200012        0     1                 
80200016 80200016        0     1                 
8020001e 8020001e        0     1                 
80200022 80200022        0     1                 
80200026 80200026        0     1                 
80200040 80200040        0     1                 
80200040 80200040        0     1                 
80200042 80200042        0     1                 
8020004e 8020004e        0     1                 
8020004e 8020004e        0     1                 
80200058 80200058        0     1                 
80200058 80200058        0     1                 
80200058 80200058        0     1                 
80200058 80200058        0     1                 
80200058 80200058        0     1                 
80200058 80200058        0     1                 
80200058 80200058        6     1                 sbi_call
8020005c 8020005c        0     1                 
8020005e 8020005e        0     1                 
8020005e 8020005e        0     1                 
8020005e 8020005e        0     1                 
8020005e 8020005e        0     1                 
8020005e 8020005e        0     1                 
8020005e 8020005e        0     1                 
8020005e 8020005e       14     1                 putchar
80200070 80200070        0     1                 
80200070 80200070        0     1                 
80200072 80200072        0     1                 
80200072 80200072        0     1                 
80200074 80200074        0     1                 
80200074 80200074        0     1                 
80200074 80200074        0     1                 
80200074 80200074        0     1                 
80200074 80200074       96     1                 kernel_entry
8020010a 8020010a        0     1                 
8020010a 8020010a        0     1                 
8020010a 8020010a        0     1                 
8020010a 8020010a        0     1                 
8020010a 8020010a        0     1                 
8020010a 8020010a      100     1                 kernel_main
8020010c 8020010c        0     1                 
8020010c 8020010c        0     1                 
80200116 80200116        0     1                 
8020012e 8020012e        0     1                 
8020012e 8020012e        0     1                 
80200148 80200148        0     1                 
80200148 80200148        0     1                 
80200150 80200150        0     1                 
80200152 80200152        0     1                 
80200154 80200154        0     1                 
8020015c 8020015c        0     1                 
80200160 80200160        0     1                 
80200164 80200164        0     1                 
8020017e 8020017e        0     1                 
8020017e 8020017e        0     1                 
80200180 80200180        0     1                 
8020018e 8020018e        0     1                 
8020018e 8020018e        0     1                 
80200192 80200192        0     1                 
80200194 80200194        0     1                 
8020019a 8020019a        0     1                 
8020019e 8020019e        0     1                 
802001b8 802001b8        0     1                 
802001b8 802001b8        0     1                 
802001ba 802001ba        0     1                 
802001c8 802001c8        0     1                 
802001c8 802001c8        0     1                 
802001da 802001da        0     1                 
802001da 802001da        0     1                 
802001ec 802001ec        0     1                 
802001ec 802001ec        0     1                 
80200208 80200208        0     1                 
80200208 80200208        0     1                 
8020020a 8020020a        0     1                 
8020020a 8020020a        0     1                 
8020020a 8020020a        0     1                 
8020020a 8020020a        0     1                 
8020020a 8020020a        0     1                 
8020020a 8020020a       2e     1                 handle_trap
8020020c 8020020c        0     1                 
8020020c 8020020c        0     1                 
8020020c 8020020c        0     1                 
8020020e 8020020e        0     1                 
80200212 80200212        0     1                 
80200212 80200212        0     1                 
80200216 80200216        0     1                 
80200216 80200216        0     1                 
8020021a 8020021a        0     1                 
8020021a 8020021a        0     1                 
80200236 80200236        0     1                 
80200236 80200236        0     1                 
80200238 80200238        0     1                 
80200238 80200238        0     1                 
80200238 80200238        e     2         /tmp/kernel-c56393.o:(.text.book)
80200238 80200238        0     1                 
80200238 80200238        0     1                 
80200238 80200238        0     1                 
80200238 80200238        0     1                 
80200238 80200238        e     1                 boot
80200246 80200246        0     1                 
80200246 80200246        0     1                 
80200248 80200248      28a     4         /tmp/common-4bd5cd.o:(.text)
80200248 80200248        0     1                 
80200248 80200248        0     1                 
80200248 80200248        0     1                 
80200248 80200248      200     1                 printf
8020024a 8020024a        0     1                 
80200264 80200264        0     1                 
80200276 80200276        0     1                 
802002a2 802002a2        0     1                 
802002a6 802002a6        0     1                 
802002a8 802002a8        0     1                 
802002ac 802002ac        0     1                 
802002b4 802002b4        0     1                 
802002bc 802002bc        0     1                 
802002bc 802002bc        0     1                 
802002be 802002be        0     1                 
802002c0 802002c0        0     1                 
802002c4 802002c4        0     1                 
802002c6 802002c6        0     1                 
802002d2 802002d2        0     1                 
802002de 802002de        0     1                 
802002e2 802002e2        0     1                 
802002e4 802002e4        0     1                 
802002ea 802002ea        0     1                 
802002f2 802002f2        0     1                 
802002f2 802002f2        0     1                 
802002fc 802002fc        0     1                 
802002fc 802002fc        0     1                 
80200300 80200300        0     1                 
80200306 80200306        0     1                 
8020030e 8020030e        0     1                 
8020030e 8020030e        0     1                 
80200312 80200312        0     1                 
80200314 80200314        0     1                 
8020031a 8020031a        0     1                 
80200322 80200322        0     1                 
80200322 80200322        0     1                 
80200326 80200326        0     1                 
80200328 80200328        0     1                 
8020032e 8020032e        0     1                 
80200336 80200336        0     1                 
80200336 80200336        0     1                 
8020033a 8020033a        0     1                 
8020033c 8020033c        0     1                 
80200342 80200342        0     1                 
8020034a 8020034a        0     1                 
8020034a 8020034a        0     1                 
8020034e 8020034e        0     1                 
80200350 80200350        0     1                 
80200356 80200356        0     1                 
8020035e 8020035e        0     1                 
8020035e 8020035e        0     1                 
80200362 80200362        0     1                 
80200364 80200364        0     1                 
8020036a 8020036a        0     1                 
80200372 80200372        0     1                 
80200372 80200372        0     1                 
80200376 80200376        0     1                 
80200378 80200378        0     1                 
8020037e 8020037e        0     1                 
80200386 80200386        0     1                 
80200386 80200386        0     1                 
8020038a 8020038a        0     1                 
80200390 80200390        0     1                 
80200390 80200390        0     1                 
80200398 80200398        0     1                 
80200398 80200398        0     1                 
8020039a 8020039a        0     1                 
8020039c 8020039c        0     1                 
8020039c 8020039c        0     1                 
802003a6 802003a6        0     1                 
802003aa 802003aa        0     1                 
802003b2 802003b2        0     1                 
802003be 802003be        0     1                 
802003be 802003be        0     1                 
802003c2 802003c2        0     1                 
802003c8 802003c8        0     1                 
802003c8 802003c8        0     1                 
802003d4 802003d4        0     1                 
802003d4 802003d4        0     1                 
802003d8 802003d8        0     1                 
802003da 802003da        0     1                 
802003de 802003de        0     1                 
802003e0 802003e0        0     1                 
802003e4 802003e4        0     1                 
802003e8 802003e8        0     1                 
802003ec 802003ec        0     1                 
802003f0 802003f0        0     1                 
802003f2 802003f2        0     1                 
802003f6 802003f6        0     1                 
802003fa 802003fa        0     1                 
80200406 80200406        0     1                 
80200406 80200406        0     1                 
8020040e 8020040e        0     1                 
80200414 80200414        0     1                 
80200418 80200418        0     1                 
8020041e 8020041e        0     1                 
8020042a 8020042a        0     1                 
8020042a 8020042a        0     1                 
80200448 80200448        0     1                 
80200448 80200448        0     1                 
80200448 80200448        0     1                 
80200448 80200448        0     1                 
80200448 80200448        0     1                 
80200448 80200448        0     1                 
80200448 80200448       1a     1                 memcpy
8020044a 8020044a        0     1                 
8020044c 8020044c        0     1                 
80200450 80200450        0     1                 
80200452 80200452        0     1                 
80200454 80200454        0     1                 
80200458 80200458        0     1                 
8020045c 8020045c        0     1                 
8020045e 8020045e        0     1                 
80200460 80200460        0     1                 
80200462 80200462        0     1                 
80200462 80200462        0     1                 
80200462 80200462        0     1                 
80200462 80200462        0     1                 
80200462 80200462        0     1                 
80200462 80200462        0     1                 
80200462 80200462       14     1                 memset
80200464 80200464        0     1                 
80200466 80200466        0     1                 
80200468 80200468        0     1                 
8020046c 8020046c        0     1                 
80200470 80200470        0     1                 
80200472 80200472        0     1                 
80200474 80200474        0     1                 
80200476 80200476        0     1                 
80200476 80200476        0     1                 
80200476 80200476        0     1                 
80200476 80200476        0     1                 
80200476 80200476        0     1                 
80200476 80200476        0     1                 
80200476 80200476       24     1                 strcpy
8020047c 8020047c        0     1                 
80200480 80200480        0     1                 
80200482 80200482        0     1                 
80200486 80200486        0     1                 
8020048a 8020048a        0     1                 
8020048e 8020048e        0     1                 
80200490 80200490        0     1                 
80200492 80200492        0     1                 
80200494 80200494        0     1                 
80200498 80200498        0     1                 
8020049a 8020049a        0     1                 
8020049a 8020049a        0     1                 
8020049a 8020049a        0     1                 
8020049a 8020049a        0     1                 
8020049a 8020049a        0     1                 
8020049a 8020049a        0     1                 
8020049a 8020049a       38     1                 strcmp
8020049e 8020049e        0     1                 
802004a0 802004a0        0     1                 
802004a2 802004a2        0     1                 
802004a6 802004a6        0     1                 
802004b4 802004b4        0     1                 
802004b8 802004b8        0     1                 
802004bc 802004bc        0     1                 
802004be 802004be        0     1                 
802004c2 802004c2        0     1                 
802004c4 802004c4        0     1                 
802004c8 802004c8        0     1                 
802004cc 802004cc        0     1                 
802004d0 802004d0        0     1                 
802004d2 802004d2        0     1                 
802004d2 802004d2        0     1                 
802004d4 802004d4       e7     4 .rodata
802004d4 802004d4       e7     1         <internal>:(.rodata)
802005bc 802005bc        4     4 .sdata
802005bc 802005bc        4     4         /tmp/kernel-c56393.o:(.sdata)
802005bc 802005bc        4     1                 alloc_pages.next_paddr
802005c0 802005c0        0     4 .bss
802005c0 802005c0        0     1         __bss = .
802005c0 802005c0        0     1         __bss_end = .
802005c0 802005c0        0     1 . = ALIGN ( 4 )
802005c0 802005c0    20000     1 . += 128 * 1024
802205c0 802205c0        0     1 __stack_top = .
802205c0 802205c0      a40     1 . = ALIGN ( 4096 )
80221000 80221000        0     1 __free_ram = .
80221000 80221000  4000000     1 . += 64 * 1024 * 1024
84221000 84221000        0     1 __free_ram_end = .
       0        0      30e     1 .debug_loclists
       0        0       c4     1         /tmp/kernel-c56393.o:(.debug_loclists)
       c        c        0     1                 
      c4       c4      24a     1         /tmp/common-4bd5cd.o:(.debug_loclists)
      d0       d0        0     1                 
       0        0      293     1 .debug_abbrev
       0        0      18e     1         /tmp/kernel-c56393.o:(.debug_abbrev)
     18e      18e      105     1         /tmp/common-4bd5cd.o:(.debug_abbrev)
       0        0      6c0     1 .debug_info
       0        0      49f     1         /tmp/kernel-c56393.o:(.debug_info)
     49f      49f      221     1         /tmp/common-4bd5cd.o:(.debug_info)
       0        0       3a     1 .debug_rnglists
       0        0       1f     1         /tmp/kernel-c56393.o:(.debug_rnglists)
       c        c        0     1                 
      1f       1f       1b     1         /tmp/common-4bd5cd.o:(.debug_rnglists)
      2b       2b        0     1                 
       0        0      1c0     1 .debug_str_offsets
       0        0      12c     1         /tmp/kernel-c56393.o:(.debug_str_offsets)
       8        8        0     1                 
     12c      12c       94     1         /tmp/common-4bd5cd.o:(.debug_str_offsets)
     134      134        0     1                 
       0        0      240     1 .debug_str
       0        0      240     1         <internal>:(.debug_str)
       0        0       c0     1 .debug_addr
       0        0       64     1         /tmp/kernel-c56393.o:(.debug_addr)
       8        8        0     1                 
      64       64       5c     1         /tmp/common-4bd5cd.o:(.debug_addr)
      6c       6c        0     1                 
       0        0       42     1 .comment
       0        0       42     1         <internal>:(.comment)
       0        0       2b     1 .riscv.attributes
       0        0       2b     1         /tmp/kernel-c56393.o:(.riscv.attributes)
       0        0      128     4 .debug_frame
       0        0       a4     4         /tmp/kernel-c56393.o:(.debug_frame)
       0        0        0     1                 
      a4       a4       84     4         /tmp/common-4bd5cd.o:(.debug_frame)
      a4       a4        0     1                 
       0        0      681     1 .debug_line
       0        0      221     1         /tmp/kernel-c56393.o:(.debug_line)
       0        0        0     1                 .Lline_table_start0
     221      221      460     1         /tmp/common-4bd5cd.o:(.debug_line)
     221      221        0     1                 .Lline_table_start0
       0        0       39     1 .debug_line_str
       0        0       39     1         <internal>:(.debug_line_str)
       0        0     1940     4 .symtab
       0        0     1940     4         <internal>:(.symtab)
       0        0       dd     1 .shstrtab
       0        0       dd     1         <internal>:(.shstrtab)
       0        0       f2     1 .strtab
       0        0       f2     1         <internal>:(.strtab)
