     VMA      LMA     Size Align Out     In      Symbol
       0        0 80200000     1 . = 0x80200000
80200000 80200000      85a     4 .text
80200000 80200000        e     2         /tmp/kernel-5aa040.o:(.text.boot)
80200000 80200000        0     1                 
80200000 80200000        0     1                 
80200000 80200000        0     1                 
80200000 80200000        0     1                 
80200000 80200000        e     1                 boot
8020000e 8020000e        0     1                 
8020000e 8020000e        0     1                 
80200010 80200010      5c0     4         /tmp/kernel-5aa040.o:(.text)
80200010 80200010        0     1                 
80200010 80200010        0     1                 
80200010 80200010        0     1                 
80200010 80200010       58     1                 alloc_pages
80200012 80200012        0     1                 
80200012 80200012        0     1                 
80200016 80200016        0     1                 
8020001e 8020001e        0     1                 
80200022 80200022        0     1                 
80200026 80200026        0     1                 
8020002e 8020002e        0     1                 
80200032 80200032        0     1                 
80200036 80200036        0     1                 
80200050 80200050        0     1                 
80200050 80200050        0     1                 
80200052 80200052        0     1                 
8020005e 8020005e        0     1                 
8020005e 8020005e        0     1                 
80200068 80200068        0     1                 
80200068 80200068        0     1                 
80200068 80200068        0     1                 
80200068 80200068        0     1                 
80200068 80200068        0     1                 
80200068 80200068        0     1                 
80200068 80200068        6     1                 sbi_call
8020006c 8020006c        0     1                 
8020006e 8020006e        0     1                 
8020006e 8020006e        0     1                 
8020006e 8020006e        0     1                 
8020006e 8020006e        0     1                 
8020006e 8020006e        0     1                 
8020006e 8020006e        0     1                 
8020006e 8020006e       14     1                 putchar
80200080 80200080        0     1                 
80200080 80200080        0     1                 
80200082 80200082        0     1                 
80200082 80200082        0     1                 
80200082 80200082        0     1                 
80200082 80200082        0     1                 
80200082 80200082        0     1                 
80200082 80200082       10     1                 delay
8020008a 8020008a        0     1                 
8020008a 8020008a        0     1                 
8020008c 8020008c        0     1                 
8020008e 8020008e        0     1                 
80200090 80200090        0     1                 
80200090 80200090        0     1                 
80200092 80200092        0     1                 
80200092 80200092        0     1                 
80200094 80200094        0     1                 
80200094 80200094        0     1                 
80200094 80200094        0     1                 
80200094 80200094        0     1                 
80200094 80200094       96     1                 kernel_entry
8020012a 8020012a        0     1                 
8020012a 8020012a        0     1                 
8020012a 8020012a        0     1                 
8020012a 8020012a        0     1                 
8020012a 8020012a        0     1                 
8020012a 8020012a       2e     1                 handle_trap
8020012c 8020012c        0     1                 
8020012c 8020012c        0     1                 
8020012c 8020012c        0     1                 
8020012e 8020012e        0     1                 
80200132 80200132        0     1                 
80200132 80200132        0     1                 
80200136 80200136        0     1                 
80200136 80200136        0     1                 
8020013a 8020013a        0     1                 
8020013a 8020013a        0     1                 
80200156 80200156        0     1                 
80200156 80200156        0     1                 
80200158 80200158        0     1                 
80200158 80200158        0     1                 
80200158 80200158        0     1                 
80200158 80200158        0     1                 
80200158 80200158        0     1                 
80200158 80200158        0     1                 
80200158 80200158       46     1                 switch_context
8020019e 8020019e        0     1                 
8020019e 8020019e        0     1                 
8020019e 8020019e        0     1                 
8020019e 8020019e        0     1                 
8020019e 8020019e        0     1                 
8020019e 8020019e      154     1                 create_process
802001a0 802001a0        0     1                 
802001a2 802001a2        0     1                 
802001aa 802001aa        0     1                 
802001ac 802001ac        0     1                 
802001ae 802001ae        0     1                 
802001b4 802001b4        0     1                 
802001b6 802001b6        0     1                 
802001b8 802001b8        0     1                 
802001c8 802001c8        0     1                 
802001ca 802001ca        0     1                 
802001cc 802001cc        0     1                 
802001d4 802001d4        0     1                 
802001d6 802001d6        0     1                 
802001d8 802001d8        0     1                 
802001e8 802001e8        0     1                 
802001ea 802001ea        0     1                 
802001ec 802001ec        0     1                 
802001f4 802001f4        0     1                 
802001f6 802001f6        0     1                 
802001f8 802001f8        0     1                 
80200208 80200208        0     1                 
8020020a 8020020a        0     1                 
8020020c 8020020c        0     1                 
80200214 80200214        0     1                 
80200216 80200216        0     1                 
80200218 80200218        0     1                 
80200234 80200234        0     1                 
80200234 80200234        0     1                 
80200236 80200236        0     1                 
8020025a 8020025a        0     1                 
80200260 80200260        0     1                 
80200264 80200264        0     1                 
80200266 80200266        0     1                 
8020026e 8020026e        0     1                 
80200270 80200270        0     1                 
80200274 80200274        0     1                 
80200278 80200278        0     1                 
80200280 80200280        0     1                 
80200282 80200282        0     1                 
8020028a 8020028a        0     1                 
8020028c 8020028c        0     1                 
80200294 80200294        0     1                 
80200296 80200296        0     1                 
8020029e 8020029e        0     1                 
802002a0 802002a0        0     1                 
802002a8 802002a8        0     1                 
802002aa 802002aa        0     1                 
802002b2 802002b2        0     1                 
802002b4 802002b4        0     1                 
802002bc 802002bc        0     1                 
802002be 802002be        0     1                 
802002c6 802002c6        0     1                 
802002c8 802002c8        0     1                 
802002d0 802002d0        0     1                 
802002d2 802002d2        0     1                 
802002da 802002da        0     1                 
802002dc 802002dc        0     1                 
802002de 802002de        0     1                 
802002e2 802002e2        0     1                 
802002e6 802002e6        0     1                 
802002e8 802002e8        0     1                 
802002ea 802002ea        0     1                 
802002f2 802002f2        0     1                 
802002f2 802002f2        0     1                 
802002f2 802002f2        0     1                 
802002f2 802002f2        0     1                 
802002f2 802002f2        0     1                 
802002f2 802002f2      18e     1                 yield
802002fe 802002fe        0     1                 
80200302 80200302        0     1                 
80200314 80200314        0     1                 
80200322 80200322        0     1                 
80200324 80200324        0     1                 
80200328 80200328        0     1                 
8020032a 8020032a        0     1                 
8020032e 8020032e        0     1                 
80200330 80200330        0     1                 
80200334 80200334        0     1                 
80200338 80200338        0     1                 
80200344 80200344        0     1                 
8020034c 8020034c        0     1                 
8020034e 8020034e        0     1                 
80200352 80200352        0     1                 
80200354 80200354        0     1                 
80200358 80200358        0     1                 
8020035c 8020035c        0     1                 
8020036e 8020036e        0     1                 
8020037e 8020037e        0     1                 
80200382 80200382        0     1                 
80200386 80200386        0     1                 
80200388 80200388        0     1                 
8020038c 8020038c        0     1                 
80200390 80200390        0     1                 
8020039c 8020039c        0     1                 
802003a4 802003a4        0     1                 
802003a6 802003a6        0     1                 
802003aa 802003aa        0     1                 
802003ac 802003ac        0     1                 
802003b0 802003b0        0     1                 
802003b4 802003b4        0     1                 
802003c6 802003c6        0     1                 
802003d6 802003d6        0     1                 
802003da 802003da        0     1                 
802003de 802003de        0     1                 
802003e0 802003e0        0     1                 
802003e4 802003e4        0     1                 
802003e8 802003e8        0     1                 
802003f4 802003f4        0     1                 
802003fc 802003fc        0     1                 
802003fe 802003fe        0     1                 
80200402 80200402        0     1                 
80200404 80200404        0     1                 
80200408 80200408        0     1                 
8020040c 8020040c        0     1                 
8020041e 8020041e        0     1                 
8020042e 8020042e        0     1                 
80200432 80200432        0     1                 
80200436 80200436        0     1                 
80200438 80200438        0     1                 
8020043c 8020043c        0     1                 
80200440 80200440        0     1                 
8020044c 8020044c        0     1                 
80200454 80200454        0     1                 
80200456 80200456        0     1                 
8020045a 8020045a        0     1                 
8020045c 8020045c        0     1                 
80200460 80200460        0     1                 
80200462 80200462        0     1                 
80200466 80200466        0     1                 
8020046a 8020046a        0     1                 
8020046e 8020046e        0     1                 
80200472 80200472        0     1                 
80200476 80200476        0     1                 
80200476 80200476        0     1                 
8020047e 8020047e        0     1                 
80200480 80200480        0     1                 
80200480 80200480        0     1                 
80200480 80200480        0     1                 
80200480 80200480        0     1                 
80200480 80200480        0     1                 
80200480 80200480       46     1                 proc_a_entry
80200482 80200482        0     1                 
80200482 80200482        0     1                 
80200486 80200486        0     1                 
80200496 80200496        0     1                 
80200496 80200496        0     1                 
8020049e 8020049e        0     1                 
8020049e 8020049e        0     1                 
802004b4 802004b4        0     1                 
802004b4 802004b4        0     1                 
802004bc 802004bc        0     1                 
802004bc 802004bc        0     1                 
802004be 802004be        0     1                 
802004be 802004be        0     1                 
802004c0 802004c0        0     1                 
802004c2 802004c2        0     1                 
802004c6 802004c6        0     1                 
802004c6 802004c6        0     1                 
802004c6 802004c6        0     1                 
802004c6 802004c6        0     1                 
802004c6 802004c6        0     1                 
802004c6 802004c6        0     1                 
802004c6 802004c6       46     1                 proc_b_entry
802004c8 802004c8        0     1                 
802004c8 802004c8        0     1                 
802004cc 802004cc        0     1                 
802004dc 802004dc        0     1                 
802004dc 802004dc        0     1                 
802004e4 802004e4        0     1                 
802004e4 802004e4        0     1                 
802004fa 802004fa        0     1                 
802004fa 802004fa        0     1                 
80200502 80200502        0     1                 
80200502 80200502        0     1                 
80200504 80200504        0     1                 
80200504 80200504        0     1                 
80200506 80200506        0     1                 
80200508 80200508        0     1                 
8020050c 8020050c        0     1                 
8020050c 8020050c        0     1                 
8020050c 8020050c        0     1                 
8020050c 8020050c        0     1                 
8020050c 8020050c        0     1                 
8020050c 8020050c        0     1                 
8020050c 8020050c       c4     1                 kernel_main
8020050e 8020050e        0     1                 
8020050e 8020050e        0     1                 
80200510 80200510        0     1                 
8020052e 8020052e        0     1                 
8020052e 8020052e        0     1                 
80200546 80200546        0     1                 
80200546 80200546        0     1                 
80200560 80200560        0     1                 
80200560 80200560        0     1                 
8020056c 8020056c        0     1                 
8020056c 8020056c        0     1                 
80200576 80200576        0     1                 
80200576 80200576        0     1                 
8020057e 8020057e        0     1                 
80200582 80200582        0     1                 
8020058a 8020058a        0     1                 
8020059a 8020059a        0     1                 
8020059a 8020059a        0     1                 
802005aa 802005aa        0     1                 
802005aa 802005aa        0     1                 
802005b2 802005b2        0     1                 
802005b2 802005b2        0     1                 
802005ce 802005ce        0     1                 
802005ce 802005ce        0     1                 
802005d0 802005d0        0     1                 
802005d0 802005d0        0     1                 
802005d0 802005d0      28a     4         /tmp/common-d2d0cd.o:(.text)
802005d0 802005d0        0     1                 
802005d0 802005d0        0     1                 
802005d0 802005d0        0     1                 
802005d0 802005d0      200     1                 printf
802005d2 802005d2        0     1                 
802005ec 802005ec        0     1                 
802005fe 802005fe        0     1                 
8020062a 8020062a        0     1                 
8020062e 8020062e        0     1                 
80200630 80200630        0     1                 
80200634 80200634        0     1                 
8020063c 8020063c        0     1                 
80200644 80200644        0     1                 
80200644 80200644        0     1                 
80200646 80200646        0     1                 
80200648 80200648        0     1                 
8020064c 8020064c        0     1                 
8020064e 8020064e        0     1                 
8020065a 8020065a        0     1                 
80200666 80200666        0     1                 
8020066a 8020066a        0     1                 
8020066c 8020066c        0     1                 
80200672 80200672        0     1                 
8020067a 8020067a        0     1                 
8020067a 8020067a        0     1                 
80200684 80200684        0     1                 
80200684 80200684        0     1                 
80200688 80200688        0     1                 
8020068e 8020068e        0     1                 
80200696 80200696        0     1                 
80200696 80200696        0     1                 
8020069a 8020069a        0     1                 
8020069c 8020069c        0     1                 
802006a2 802006a2        0     1                 
802006aa 802006aa        0     1                 
802006aa 802006aa        0     1                 
802006ae 802006ae        0     1                 
802006b0 802006b0        0     1                 
802006b6 802006b6        0     1                 
802006be 802006be        0     1                 
802006be 802006be        0     1                 
802006c2 802006c2        0     1                 
802006c4 802006c4        0     1                 
802006ca 802006ca        0     1                 
802006d2 802006d2        0     1                 
802006d2 802006d2        0     1                 
802006d6 802006d6        0     1                 
802006d8 802006d8        0     1                 
802006de 802006de        0     1                 
802006e6 802006e6        0     1                 
802006e6 802006e6        0     1                 
802006ea 802006ea        0     1                 
802006ec 802006ec        0     1                 
802006f2 802006f2        0     1                 
802006fa 802006fa        0     1                 
802006fa 802006fa        0     1                 
802006fe 802006fe        0     1                 
80200700 80200700        0     1                 
80200706 80200706        0     1                 
8020070e 8020070e        0     1                 
8020070e 8020070e        0     1                 
80200712 80200712        0     1                 
80200718 80200718        0     1                 
80200718 80200718        0     1                 
80200720 80200720        0     1                 
80200720 80200720        0     1                 
80200722 80200722        0     1                 
80200724 80200724        0     1                 
80200724 80200724        0     1                 
8020072e 8020072e        0     1                 
80200732 80200732        0     1                 
8020073a 8020073a        0     1                 
80200746 80200746        0     1                 
80200746 80200746        0     1                 
8020074a 8020074a        0     1                 
80200750 80200750        0     1                 
80200750 80200750        0     1                 
8020075c 8020075c        0     1                 
8020075c 8020075c        0     1                 
80200760 80200760        0     1                 
80200762 80200762        0     1                 
80200766 80200766        0     1                 
80200768 80200768        0     1                 
8020076c 8020076c        0     1                 
80200770 80200770        0     1                 
80200774 80200774        0     1                 
80200778 80200778        0     1                 
8020077a 8020077a        0     1                 
8020077e 8020077e        0     1                 
80200782 80200782        0     1                 
8020078e 8020078e        0     1                 
8020078e 8020078e        0     1                 
80200796 80200796        0     1                 
8020079c 8020079c        0     1                 
802007a0 802007a0        0     1                 
802007a6 802007a6        0     1                 
802007b2 802007b2        0     1                 
802007b2 802007b2        0     1                 
802007d0 802007d0        0     1                 
802007d0 802007d0        0     1                 
802007d0 802007d0        0     1                 
802007d0 802007d0        0     1                 
802007d0 802007d0        0     1                 
802007d0 802007d0        0     1                 
802007d0 802007d0       1a     1                 memcpy
802007d2 802007d2        0     1                 
802007d4 802007d4        0     1                 
802007d8 802007d8        0     1                 
802007da 802007da        0     1                 
802007dc 802007dc        0     1                 
802007e0 802007e0        0     1                 
802007e4 802007e4        0     1                 
802007e6 802007e6        0     1                 
802007e8 802007e8        0     1                 
802007ea 802007ea        0     1                 
802007ea 802007ea        0     1                 
802007ea 802007ea        0     1                 
802007ea 802007ea        0     1                 
802007ea 802007ea        0     1                 
802007ea 802007ea        0     1                 
802007ea 802007ea       14     1                 memset
802007ec 802007ec        0     1                 
802007ee 802007ee        0     1                 
802007f0 802007f0        0     1                 
802007f4 802007f4        0     1                 
802007f8 802007f8        0     1                 
802007fa 802007fa        0     1                 
802007fc 802007fc        0     1                 
802007fe 802007fe        0     1                 
802007fe 802007fe        0     1                 
802007fe 802007fe        0     1                 
802007fe 802007fe        0     1                 
802007fe 802007fe        0     1                 
802007fe 802007fe        0     1                 
802007fe 802007fe       24     1                 strcpy
80200804 80200804        0     1                 
80200808 80200808        0     1                 
8020080a 8020080a        0     1                 
8020080e 8020080e        0     1                 
80200812 80200812        0     1                 
80200816 80200816        0     1                 
80200818 80200818        0     1                 
8020081a 8020081a        0     1                 
8020081c 8020081c        0     1                 
80200820 80200820        0     1                 
80200822 80200822        0     1                 
80200822 80200822        0     1                 
80200822 80200822        0     1                 
80200822 80200822        0     1                 
80200822 80200822        0     1                 
80200822 80200822        0     1                 
80200822 80200822       38     1                 strcmp
80200826 80200826        0     1                 
80200828 80200828        0     1                 
8020082a 8020082a        0     1                 
8020082e 8020082e        0     1                 
8020083c 8020083c        0     1                 
80200840 80200840        0     1                 
80200844 80200844        0     1                 
80200846 80200846        0     1                 
8020084a 8020084a        0     1                 
8020084c 8020084c        0     1                 
80200850 80200850        0     1                 
80200854 80200854        0     1                 
80200858 80200858        0     1                 
8020085a 8020085a        0     1                 
8020085a 8020085a        0     1                 
8020085c 8020085c      113     4 .rodata
8020085c 8020085c      113     1         <internal>:(.rodata)
80200970 80200970        4     4 .sdata
80200970 80200970        4     4         /tmp/kernel-5aa040.o:(.sdata)
80200970 80200970        4     1                 alloc_pages.next_paddr
80200974 80200974    10068     4 .bss
80200974 80200974        0     1         __bss = .
80200974 80200974    10060     4         /tmp/kernel-5aa040.o:(.bss)
80200974 80200974    10060     1                 procs
802109d4 802109d4        8     4         /tmp/kernel-5aa040.o:(.sbss)
802109d4 802109d4        4     1                 idle_proc
802109d8 802109d8        4     1                 current_proc
802109dc 802109dc        0     1         __bss_end = .
802109dc 802109dc        0     1 . = ALIGN ( 4 )
802109dc 802109dc    20000     1 . += 128 * 1024
802309dc 802309dc        0     1 __stack_top = .
802309dc 802309dc      624     1 . = ALIGN ( 4096 )
80231000 80231000        0     1 __free_ram = .
80231000 80231000  4000000     1 . += 64 * 1024 * 1024
84231000 84231000        0     1 __free_ram_end = .
       0        0      57c     1 .debug_loclists
       0        0      332     1         /tmp/kernel-5aa040.o:(.debug_loclists)
       c        c        0     1                 
     332      332      24a     1         /tmp/common-d2d0cd.o:(.debug_loclists)
     33e      33e        0     1                 
       0        0      330     1 .debug_abbrev
       0        0      22b     1         /tmp/kernel-5aa040.o:(.debug_abbrev)
     22b      22b      105     1         /tmp/common-d2d0cd.o:(.debug_abbrev)
       0        0      921     1 .debug_info
       0        0      700     1         /tmp/kernel-5aa040.o:(.debug_info)
     700      700      221     1         /tmp/common-d2d0cd.o:(.debug_info)
       0        0       55     1 .debug_rnglists
       0        0       3a     1         /tmp/kernel-5aa040.o:(.debug_rnglists)
       c        c        0     1                 
      3a       3a       1b     1         /tmp/common-d2d0cd.o:(.debug_rnglists)
      46       46        0     1                 
       0        0      214     1 .debug_str_offsets
       0        0      180     1         /tmp/kernel-5aa040.o:(.debug_str_offsets)
       8        8        0     1                 
     180      180       94     1         /tmp/common-d2d0cd.o:(.debug_str_offsets)
     188      188        0     1                 
       0        0      2d9     1 .debug_str
       0        0      2d9     1         <internal>:(.debug_str)
       0        0      10c     1 .debug_addr
       0        0       b0     1         /tmp/kernel-5aa040.o:(.debug_addr)
       8        8        0     1                 
      b0       b0       5c     1         /tmp/common-d2d0cd.o:(.debug_addr)
      b8       b8        0     1                 
       0        0       42     1 .comment
       0        0       42     1         <internal>:(.comment)
       0        0       2b     1 .riscv.attributes
       0        0       2b     1         /tmp/kernel-5aa040.o:(.riscv.attributes)
       0        0      198     4 .debug_frame
       0        0      114     4         /tmp/kernel-5aa040.o:(.debug_frame)
       0        0        0     1                 
     114      114       84     4         /tmp/common-d2d0cd.o:(.debug_frame)
     114      114        0     1                 
       0        0      b2d     1 .debug_line
       0        0      6cd     1         /tmp/kernel-5aa040.o:(.debug_line)
       0        0        0     1                 .Lline_table_start0
     6cd      6cd      460     1         /tmp/common-d2d0cd.o:(.debug_line)
     6cd      6cd        0     1                 .Lline_table_start0
       0        0       39     1 .debug_line_str
       0        0       39     1         <internal>:(.debug_line_str)
       0        0     26f0     4 .symtab
       0        0     26f0     4         <internal>:(.symtab)
       0        0       dd     1 .shstrtab
       0        0       dd     1         <internal>:(.shstrtab)
       0        0      153     1 .strtab
       0        0      153     1         <internal>:(.strtab)
