     VMA      LMA     Size Align Out     In      Symbol
       0        0 80200000     1 . = 0x80200000
80200000        0        0     1 __kernel_base = .
80200000 80200000      c62  4096 .text
80200000 80200000        e     2         /tmp/kernel-283189.o:(.text.boot)
80200000 80200000        0     1                 
80200000 80200000        0     1                 
80200000 80200000        0     1                 
80200000 80200000        0     1                 
80200000 80200000        e     1                 boot
8020000e 8020000e        0     1                 
8020000e 8020000e        0     1                 
80200010 80200010      9c6     4         /tmp/kernel-283189.o:(.text)
80200010 80200010        0     1                 
80200010 80200010        0     1                 
80200010 80200010        0     1                 
80200010 80200010        0     1                 
80200010 80200010        6     1                 sbi_call
80200014 80200014        0     1                 
80200016 80200016        0     1                 
80200016 80200016        0     1                 
80200016 80200016        0     1                 
80200016 80200016        0     1                 
80200016 80200016        0     1                 
80200016 80200016        0     1                 
80200016 80200016       14     1                 putchar
80200028 80200028        0     1                 
80200028 80200028        0     1                 
8020002a 8020002a        0     1                 
8020002a 8020002a        0     1                 
8020002a 8020002a        0     1                 
8020002a 8020002a        0     1                 
8020002a 8020002a        0     1                 
8020002a 8020002a       c4     1                 handle_syscall
8020002c 8020002c        0     1                 
80200030 80200030        0     1                 
80200032 80200032        0     1                 
80200054 80200054        0     1                 
80200058 80200058        0     1                 
8020005a 8020005a        0     1                 
8020005e 8020005e        0     1                 
8020005e 8020005e        0     1                 
80200072 80200072        0     1                 
80200076 80200076        0     1                 
8020007e 8020007e        0     1                 
8020007e 8020007e        0     1                 
80200092 80200092        0     1                 
80200096 80200096        0     1                 
802000b2 802000b2        0     1                 
802000b2 802000b2        0     1                 
802000b6 802000b6        0     1                 
802000b6 802000b6        0     1                 
802000c8 802000c8        0     1                 
802000c8 802000c8        0     1                 
802000d0 802000d0        0     1                 
802000ec 802000ec        0     1                 
802000ec 802000ec        0     1                 
802000ee 802000ee        0     1                 
802000ee 802000ee        0     1                 
802000ee 802000ee        0     1                 
802000ee 802000ee        0     1                 
802000ee 802000ee        0     1                 
802000ee 802000ee        0     1                 
802000ee 802000ee       16     1                 getchar
80200102 80200102        0     1                 
80200102 80200102        0     1                 
80200104 80200104        0     1                 
80200104 80200104        0     1                 
80200104 80200104        0     1                 
80200104 80200104        0     1                 
80200104 80200104        0     1                 
80200104 80200104      1b0     1                 yield
80200110 80200110        0     1                 
80200114 80200114        0     1                 
80200126 80200126        0     1                 
80200134 80200134        0     1                 
80200136 80200136        0     1                 
8020013a 8020013a        0     1                 
8020013c 8020013c        0     1                 
80200140 80200140        0     1                 
80200142 80200142        0     1                 
80200146 80200146        0     1                 
8020014a 8020014a        0     1                 
80200156 80200156        0     1                 
8020015e 8020015e        0     1                 
80200160 80200160        0     1                 
80200164 80200164        0     1                 
80200166 80200166        0     1                 
8020016a 8020016a        0     1                 
8020016e 8020016e        0     1                 
80200180 80200180        0     1                 
80200190 80200190        0     1                 
80200194 80200194        0     1                 
80200198 80200198        0     1                 
8020019a 8020019a        0     1                 
8020019e 8020019e        0     1                 
802001a2 802001a2        0     1                 
802001ae 802001ae        0     1                 
802001b6 802001b6        0     1                 
802001b8 802001b8        0     1                 
802001bc 802001bc        0     1                 
802001be 802001be        0     1                 
802001c2 802001c2        0     1                 
802001c6 802001c6        0     1                 
802001d8 802001d8        0     1                 
802001e8 802001e8        0     1                 
802001ec 802001ec        0     1                 
802001f0 802001f0        0     1                 
802001f2 802001f2        0     1                 
802001f6 802001f6        0     1                 
802001fa 802001fa        0     1                 
80200206 80200206        0     1                 
8020020e 8020020e        0     1                 
80200210 80200210        0     1                 
80200214 80200214        0     1                 
80200216 80200216        0     1                 
8020021a 8020021a        0     1                 
8020021e 8020021e        0     1                 
80200230 80200230        0     1                 
80200240 80200240        0     1                 
80200244 80200244        0     1                 
80200248 80200248        0     1                 
8020024a 8020024a        0     1                 
8020024e 8020024e        0     1                 
80200252 80200252        0     1                 
8020025e 8020025e        0     1                 
80200266 80200266        0     1                 
80200268 80200268        0     1                 
8020026c 8020026c        0     1                 
8020026e 8020026e        0     1                 
80200272 80200272        0     1                 
80200274 80200274        0     1                 
80200278 80200278        0     1                 
8020027a 8020027a        0     1                 
80200280 80200280        0     1                 
80200286 80200286        0     1                 
80200288 80200288        0     1                 
80200298 80200298        0     1                 
802002a0 802002a0        0     1                 
802002a2 802002a2        0     1                 
802002a6 802002a6        0     1                 
802002aa 802002aa        0     1                 
802002aa 802002aa        0     1                 
802002b2 802002b2        0     1                 
802002b4 802002b4        0     1                 
802002b4 802002b4        0     1                 
802002b4 802002b4        0     1                 
802002b4 802002b4        0     1                 
802002b4 802002b4        0     1                 
802002b4 802002b4       50     1                 handle_trap
802002b6 802002b6        0     1                 
802002b6 802002b6        0     1                 
802002b6 802002b6        0     1                 
802002ba 802002ba        0     1                 
802002be 802002be        0     1                 
802002be 802002be        0     1                 
802002c2 802002c2        0     1                 
802002c4 802002c4        0     1                 
802002c4 802002c4        0     1                 
802002c8 802002c8        0     1                 
802002c8 802002c8        0     1                 
802002cc 802002cc        0     1                 
802002d4 802002d4        0     1                 
802002d4 802002d4        0     1                 
802002d8 802002d8        0     1                 
802002d8 802002d8        0     1                 
802002dc 802002dc        0     1                 
802002dc 802002dc        0     1                 
802002e4 802002e4        0     1                 
80200302 80200302        0     1                 
80200302 80200302        0     1                 
80200304 80200304        0     1                 
80200304 80200304        0     1                 
80200304 80200304        0     1                 
80200304 80200304        0     1                 
80200304 80200304        0     1                 
80200304 80200304        0     1                 
80200304 80200304       9c     1                 kernel_entry
802003a0 802003a0        0     1                 
802003a0 802003a0        0     1                 
802003a0 802003a0        0     1                 
802003a0 802003a0        0     1                 
802003a0 802003a0        0     1                 
802003a0 802003a0       5a     1                 alloc_pages
802003a2 802003a2        0     1                 
802003a2 802003a2        0     1                 
802003a6 802003a6        0     1                 
802003ae 802003ae        0     1                 
802003b2 802003b2        0     1                 
802003b6 802003b6        0     1                 
802003be 802003be        0     1                 
802003c2 802003c2        0     1                 
802003c6 802003c6        0     1                 
802003e2 802003e2        0     1                 
802003e2 802003e2        0     1                 
802003e4 802003e4        0     1                 
802003f0 802003f0        0     1                 
802003f0 802003f0        0     1                 
802003fa 802003fa        0     1                 
802003fa 802003fa        0     1                 
802003fa 802003fa        0     1                 
802003fa 802003fa        0     1                 
802003fa 802003fa        0     1                 
802003fa 802003fa      108     1                 map_page
802003fc 802003fc        0     1                 
8020040a 8020040a        0     1                 
80200410 80200410        0     1                 
80200414 80200414        0     1                 
80200416 80200416        0     1                 
80200432 80200432        0     1                 
80200432 80200432        0     1                 
80200434 80200434        0     1                 
80200436 80200436        0     1                 
80200438 80200438        0     1                 
8020043a 8020043a        0     1                 
80200456 80200456        0     1                 
80200456 80200456        0     1                 
80200458 80200458        0     1                 
8020045a 8020045a        0     1                 
8020045e 8020045e        0     1                 
80200460 80200460        0     1                 
80200468 80200468        0     1                 
8020046c 8020046c        0     1                 
80200474 80200474        0     1                 
80200476 80200476        0     1                 
80200476 80200476        0     1                 
8020047e 8020047e        0     1                 
80200480 80200480        0     1                 
80200482 80200482        0     1                 
8020048a 8020048a        0     1                 
8020048e 8020048e        0     1                 
80200492 80200492        0     1                 
802004ae 802004ae        0     1                 
802004ae 802004ae        0     1                 
802004b0 802004b0        0     1                 
802004be 802004be        0     1                 
802004be 802004be        0     1                 
802004c6 802004c6        0     1                 
802004ca 802004ca        0     1                 
802004ce 802004ce        0     1                 
802004ce 802004ce        0     1                 
802004d2 802004d2        0     1                 
802004da 802004da        0     1                 
802004e2 802004e2        0     1                 
802004ee 802004ee        0     1                 
802004f0 802004f0        0     1                 
80200502 80200502        0     1                 
80200502 80200502        0     1                 
80200502 80200502        0     1                 
80200502 80200502        0     1                 
80200502 80200502        0     1                 
80200502 80200502       1a     1                 user_entry
8020050e 8020050e        0     1                 
8020051c 8020051c        0     1                 
8020051c 8020051c        0     1                 
8020051c 8020051c        0     1                 
8020051c 8020051c        0     1                 
8020051c 8020051c        0     1                 
8020051c 8020051c        0     1                 
8020051c 8020051c       46     1                 switch_context
80200562 80200562        0     1                 
80200562 80200562        0     1                 
80200562 80200562        0     1                 
80200562 80200562        0     1                 
80200562 80200562        0     1                 
80200562 80200562      3a6     1                 create_process
80200564 80200564        0     1                 
8020057e 8020057e        0     1                 
80200586 80200586        0     1                 
8020058a 8020058a        0     1                 
8020058c 8020058c        0     1                 
8020058e 8020058e        0     1                 
80200594 80200594        0     1                 
80200596 80200596        0     1                 
80200598 80200598        0     1                 
802005a8 802005a8        0     1                 
802005aa 802005aa        0     1                 
802005ac 802005ac        0     1                 
802005b4 802005b4        0     1                 
802005b6 802005b6        0     1                 
802005b8 802005b8        0     1                 
802005c8 802005c8        0     1                 
802005ca 802005ca        0     1                 
802005cc 802005cc        0     1                 
802005d4 802005d4        0     1                 
802005d6 802005d6        0     1                 
802005d8 802005d8        0     1                 
802005e8 802005e8        0     1                 
802005ea 802005ea        0     1                 
802005ec 802005ec        0     1                 
802005f4 802005f4        0     1                 
802005f6 802005f6        0     1                 
802005f8 802005f8        0     1                 
80200614 80200614        0     1                 
80200614 80200614        0     1                 
80200616 80200616        0     1                 
8020063a 8020063a        0     1                 
80200642 80200642        0     1                 
80200646 80200646        0     1                 
80200648 80200648        0     1                 
80200650 80200650        0     1                 
80200652 80200652        0     1                 
8020065a 8020065a        0     1                 
8020065c 8020065c        0     1                 
80200660 80200660        0     1                 
80200664 80200664        0     1                 
8020066c 8020066c        0     1                 
8020066e 8020066e        0     1                 
80200676 80200676        0     1                 
80200678 80200678        0     1                 
80200680 80200680        0     1                 
80200682 80200682        0     1                 
8020068a 8020068a        0     1                 
8020068c 8020068c        0     1                 
80200694 80200694        0     1                 
80200696 80200696        0     1                 
8020069e 8020069e        0     1                 
802006a0 802006a0        0     1                 
802006a8 802006a8        0     1                 
802006aa 802006aa        0     1                 
802006b2 802006b2        0     1                 
802006b4 802006b4        0     1                 
802006bc 802006bc        0     1                 
802006c0 802006c0        0     1                 
802006c4 802006c4        0     1                 
802006cc 802006cc        0     1                 
802006d4 802006d4        0     1                 
802006d6 802006d6        0     1                 
802006de 802006de        0     1                 
802006e6 802006e6        0     1                 
80200702 80200702        0     1                 
80200702 80200702        0     1                 
80200704 80200704        0     1                 
80200708 80200708        0     1                 
80200718 80200718        0     1                 
80200718 80200718        0     1                 
80200724 80200724        0     1                 
8020072c 8020072c        0     1                 
8020073c 8020073c        0     1                 
8020073c 8020073c        0     1                 
8020073e 8020073e        0     1                 
80200742 80200742        0     1                 
80200742 80200742        0     1                 
80200746 80200746        0     1                 
80200760 80200760        0     1                 
8020076e 8020076e        0     1                 
8020076e 8020076e        0     1                 
80200772 80200772        0     1                 
80200780 80200780        0     1                 
80200780 80200780        0     1                 
80200782 80200782        0     1                 
8020078a 8020078a        0     1                 
8020078e 8020078e        0     1                 
80200792 80200792        0     1                 
8020079e 8020079e        0     1                 
802007ac 802007ac        0     1                 
802007ac 802007ac        0     1                 
802007b4 802007b4        0     1                 
802007b8 802007b8        0     1                 
802007b8 802007b8        0     1                 
802007c0 802007c0        0     1                 
802007c2 802007c2        0     1                 
802007c4 802007c4        0     1                 
802007cc 802007cc        0     1                 
802007d0 802007d0        0     1                 
802007d4 802007d4        0     1                 
802007f0 802007f0        0     1                 
802007f0 802007f0        0     1                 
802007f2 802007f2        0     1                 
80200800 80200800        0     1                 
80200800 80200800        0     1                 
80200806 80200806        0     1                 
80200808 80200808        0     1                 
80200824 80200824        0     1                 
80200824 80200824        0     1                 
80200826 80200826        0     1                 
80200842 80200842        0     1                 
80200842 80200842        0     1                 
80200844 80200844        0     1                 
8020084c 8020084c        0     1                 
80200854 80200854        0     1                 
80200856 80200856        0     1                 
80200856 80200856        0     1                 
8020085e 8020085e        0     1                 
80200860 80200860        0     1                 
80200862 80200862        0     1                 
8020086a 8020086a        0     1                 
8020086e 8020086e        0     1                 
80200872 80200872        0     1                 
8020088e 8020088e        0     1                 
8020088e 8020088e        0     1                 
80200890 80200890        0     1                 
8020089e 8020089e        0     1                 
8020089e 8020089e        0     1                 
802008a4 802008a4        0     1                 
802008a8 802008a8        0     1                 
802008ac 802008ac        0     1                 
802008ac 802008ac        0     1                 
802008ae 802008ae        0     1                 
802008b4 802008b4        0     1                 
802008bc 802008bc        0     1                 
802008be 802008be        0     1                 
802008c2 802008c2        0     1                 
802008c6 802008c6        0     1                 
802008ce 802008ce        0     1                 
802008de 802008de        0     1                 
802008e0 802008e0        0     1                 
802008e4 802008e4        0     1                 
802008e8 802008e8        0     1                 
80200908 80200908        0     1                 
80200908 80200908        0     1                 
80200908 80200908        0     1                 
80200908 80200908        0     1                 
80200908 80200908        0     1                 
80200908 80200908       10     1                 delay
80200910 80200910        0     1                 
80200910 80200910        0     1                 
80200912 80200912        0     1                 
80200914 80200914        0     1                 
80200916 80200916        0     1                 
80200916 80200916        0     1                 
80200918 80200918        0     1                 
80200918 80200918        0     1                 
80200918 80200918        0     1                 
80200918 80200918        0     1                 
80200918 80200918        0     1                 
80200918 80200918       be     1                 kernel_main
8020091a 8020091a        0     1                 
8020091a 8020091a        0     1                 
8020091c 8020091c        0     1                 
8020093a 8020093a        0     1                 
8020093a 8020093a        0     1                 
80200952 80200952        0     1                 
80200952 80200952        0     1                 
8020096c 8020096c        0     1                 
8020096c 8020096c        0     1                 
80200978 80200978        0     1                 
80200978 80200978        0     1                 
80200984 80200984        0     1                 
80200984 80200984        0     1                 
8020098c 8020098c        0     1                 
80200990 80200990        0     1                 
80200998 80200998        0     1                 
802009b0 802009b0        0     1                 
802009b0 802009b0        0     1                 
802009b8 802009b8        0     1                 
802009b8 802009b8        0     1                 
802009d4 802009d4        0     1                 
802009d4 802009d4        0     1                 
802009d6 802009d6        0     1                 
802009d6 802009d6        0     1                 
802009d8 802009d8      28a     4         /tmp/common-433a8d.o:(.text)
802009d8 802009d8        0     1                 
802009d8 802009d8        0     1                 
802009d8 802009d8        0     1                 
802009d8 802009d8      200     1                 printf
802009da 802009da        0     1                 
802009f4 802009f4        0     1                 
80200a06 80200a06        0     1                 
80200a32 80200a32        0     1                 
80200a36 80200a36        0     1                 
80200a38 80200a38        0     1                 
80200a3c 80200a3c        0     1                 
80200a44 80200a44        0     1                 
80200a4c 80200a4c        0     1                 
80200a4c 80200a4c        0     1                 
80200a4e 80200a4e        0     1                 
80200a50 80200a50        0     1                 
80200a54 80200a54        0     1                 
80200a56 80200a56        0     1                 
80200a62 80200a62        0     1                 
80200a6e 80200a6e        0     1                 
80200a72 80200a72        0     1                 
80200a74 80200a74        0     1                 
80200a7a 80200a7a        0     1                 
80200a82 80200a82        0     1                 
80200a82 80200a82        0     1                 
80200a8c 80200a8c        0     1                 
80200a8c 80200a8c        0     1                 
80200a90 80200a90        0     1                 
80200a96 80200a96        0     1                 
80200a9e 80200a9e        0     1                 
80200a9e 80200a9e        0     1                 
80200aa2 80200aa2        0     1                 
80200aa4 80200aa4        0     1                 
80200aaa 80200aaa        0     1                 
80200ab2 80200ab2        0     1                 
80200ab2 80200ab2        0     1                 
80200ab6 80200ab6        0     1                 
80200ab8 80200ab8        0     1                 
80200abe 80200abe        0     1                 
80200ac6 80200ac6        0     1                 
80200ac6 80200ac6        0     1                 
80200aca 80200aca        0     1                 
80200acc 80200acc        0     1                 
80200ad2 80200ad2        0     1                 
80200ada 80200ada        0     1                 
80200ada 80200ada        0     1                 
80200ade 80200ade        0     1                 
80200ae0 80200ae0        0     1                 
80200ae6 80200ae6        0     1                 
80200aee 80200aee        0     1                 
80200aee 80200aee        0     1                 
80200af2 80200af2        0     1                 
80200af4 80200af4        0     1                 
80200afa 80200afa        0     1                 
80200b02 80200b02        0     1                 
80200b02 80200b02        0     1                 
80200b06 80200b06        0     1                 
80200b08 80200b08        0     1                 
80200b0e 80200b0e        0     1                 
80200b16 80200b16        0     1                 
80200b16 80200b16        0     1                 
80200b1a 80200b1a        0     1                 
80200b20 80200b20        0     1                 
80200b20 80200b20        0     1                 
80200b28 80200b28        0     1                 
80200b28 80200b28        0     1                 
80200b2a 80200b2a        0     1                 
80200b2c 80200b2c        0     1                 
80200b2c 80200b2c        0     1                 
80200b36 80200b36        0     1                 
80200b3a 80200b3a        0     1                 
80200b42 80200b42        0     1                 
80200b4e 80200b4e        0     1                 
80200b4e 80200b4e        0     1                 
80200b52 80200b52        0     1                 
80200b58 80200b58        0     1                 
80200b58 80200b58        0     1                 
80200b64 80200b64        0     1                 
80200b64 80200b64        0     1                 
80200b68 80200b68        0     1                 
80200b6a 80200b6a        0     1                 
80200b6e 80200b6e        0     1                 
80200b70 80200b70        0     1                 
80200b74 80200b74        0     1                 
80200b78 80200b78        0     1                 
80200b7c 80200b7c        0     1                 
80200b80 80200b80        0     1                 
80200b82 80200b82        0     1                 
80200b86 80200b86        0     1                 
80200b8a 80200b8a        0     1                 
80200b96 80200b96        0     1                 
80200b96 80200b96        0     1                 
80200b9e 80200b9e        0     1                 
80200ba4 80200ba4        0     1                 
80200ba8 80200ba8        0     1                 
80200bae 80200bae        0     1                 
80200bba 80200bba        0     1                 
80200bba 80200bba        0     1                 
80200bd8 80200bd8        0     1                 
80200bd8 80200bd8        0     1                 
80200bd8 80200bd8        0     1                 
80200bd8 80200bd8        0     1                 
80200bd8 80200bd8        0     1                 
80200bd8 80200bd8        0     1                 
80200bd8 80200bd8       1a     1                 memcpy
80200bda 80200bda        0     1                 
80200bdc 80200bdc        0     1                 
80200be0 80200be0        0     1                 
80200be2 80200be2        0     1                 
80200be4 80200be4        0     1                 
80200be8 80200be8        0     1                 
80200bec 80200bec        0     1                 
80200bee 80200bee        0     1                 
80200bf0 80200bf0        0     1                 
80200bf2 80200bf2        0     1                 
80200bf2 80200bf2        0     1                 
80200bf2 80200bf2        0     1                 
80200bf2 80200bf2        0     1                 
80200bf2 80200bf2        0     1                 
80200bf2 80200bf2        0     1                 
80200bf2 80200bf2       14     1                 memset
80200bf4 80200bf4        0     1                 
80200bf6 80200bf6        0     1                 
80200bf8 80200bf8        0     1                 
80200bfc 80200bfc        0     1                 
80200c00 80200c00        0     1                 
80200c02 80200c02        0     1                 
80200c04 80200c04        0     1                 
80200c06 80200c06        0     1                 
80200c06 80200c06        0     1                 
80200c06 80200c06        0     1                 
80200c06 80200c06        0     1                 
80200c06 80200c06        0     1                 
80200c06 80200c06        0     1                 
80200c06 80200c06       24     1                 strcpy
80200c0c 80200c0c        0     1                 
80200c10 80200c10        0     1                 
80200c12 80200c12        0     1                 
80200c16 80200c16        0     1                 
80200c1a 80200c1a        0     1                 
80200c1e 80200c1e        0     1                 
80200c20 80200c20        0     1                 
80200c22 80200c22        0     1                 
80200c24 80200c24        0     1                 
80200c28 80200c28        0     1                 
80200c2a 80200c2a        0     1                 
80200c2a 80200c2a        0     1                 
80200c2a 80200c2a        0     1                 
80200c2a 80200c2a        0     1                 
80200c2a 80200c2a        0     1                 
80200c2a 80200c2a        0     1                 
80200c2a 80200c2a       38     1                 strcmp
80200c2e 80200c2e        0     1                 
80200c30 80200c30        0     1                 
80200c32 80200c32        0     1                 
80200c36 80200c36        0     1                 
80200c44 80200c44        0     1                 
80200c48 80200c48        0     1                 
80200c4c 80200c4c        0     1                 
80200c4e 80200c4e        0     1                 
80200c52 80200c52        0     1                 
80200c54 80200c54        0     1                 
80200c58 80200c58        0     1                 
80200c5c 80200c5c        0     1                 
80200c60 80200c60        0     1                 
80200c62 80200c62        0     1                 
80200c62 80200c62        0     1                 
80201000 80201000      16e  4096 .rodata
80201000 80201000      16e     1         <internal>:(.rodata)
80202000 80202000    10430  4096 .data
80202000 80202000    10430     1         shell.bin.o:(.data)
80202000 80202000        0     1                 _binary_shell_bin_start
80212430 80212430        0     1                 _binary_shell_bin_end
80212430 80212430        4     4 .sdata
80212430 80212430        4     4         /tmp/kernel-283189.o:(.sdata)
80212430 80212430        4     1                 alloc_pages.next_paddr
80213000 80213000    10088  4096 .bss
80213000 80213000        0     1         __bss = .
80213000 80213000    10080     4         /tmp/kernel-283189.o:(.bss)
80213000 80213000    10080     1                 procs
80223080 80223080        8     4         /tmp/kernel-283189.o:(.sbss)
80223080 80223080        4     1                 idle_proc
80223084 80223084        4     1                 current_proc
80223088 80223088        0     1         __bss_end = .
80223088 80223088      f78     1 . = ALIGN ( 4096 )
80224000 80224000    20000     1 . += 128 * 1024
80244000 80244000        0     1 __stack_top = .
80244000 80244000        0     1 . = ALIGN ( 4096 )
80244000 80244000        0     1 __free_ram = .
80244000 80244000  4000000     1 . += 64 * 1024 * 1024
84244000 84244000        0     1 __free_ram_end = .
       0        0      827     1 .debug_loclists
       0        0      5dd     1         /tmp/kernel-283189.o:(.debug_loclists)
       c        c        0     1                 
     5dd      5dd      24a     1         /tmp/common-433a8d.o:(.debug_loclists)
     5e9      5e9        0     1                 
       0        0      3af     1 .debug_abbrev
       0        0      2aa     1         /tmp/kernel-283189.o:(.debug_abbrev)
     2aa      2aa      105     1         /tmp/common-433a8d.o:(.debug_abbrev)
       0        0      bbd     1 .debug_info
       0        0      99c     1         /tmp/kernel-283189.o:(.debug_info)
     99c      99c      221     1         /tmp/common-433a8d.o:(.debug_info)
       0        0       cb     1 .debug_rnglists
       0        0       b0     1         /tmp/kernel-283189.o:(.debug_rnglists)
       c        c        0     1                 
      b0       b0       1b     1         /tmp/common-433a8d.o:(.debug_rnglists)
      bc       bc        0     1                 
       0        0      25c     1 .debug_str_offsets
       0        0      1c8     1         /tmp/kernel-283189.o:(.debug_str_offsets)
       8        8        0     1                 
     1c8      1c8       94     1         /tmp/common-433a8d.o:(.debug_str_offsets)
     1d0      1d0        0     1                 
       0        0      35b     1 .debug_str
       0        0      35b     1         <internal>:(.debug_str)
       0        0      154     1 .debug_addr
       0        0       f8     1         /tmp/kernel-283189.o:(.debug_addr)
       8        8        0     1                 
      f8       f8       5c     1         /tmp/common-433a8d.o:(.debug_addr)
     100      100        0     1                 
       0        0       42     1 .comment
       0        0       42     1         <internal>:(.comment)
       0        0       2b     1 .riscv.attributes
       0        0       2b     1         /tmp/kernel-283189.o:(.riscv.attributes)
       0        0      1dc     4 .debug_frame
       0        0      158     4         /tmp/kernel-283189.o:(.debug_frame)
       0        0        0     1                 
     158      158       84     4         /tmp/common-433a8d.o:(.debug_frame)
     158      158        0     1                 
       0        0      ec8     1 .debug_line
       0        0      a68     1         /tmp/kernel-283189.o:(.debug_line)
       0        0        0     1                 .Lline_table_start0
     a68      a68      460     1         /tmp/common-433a8d.o:(.debug_line)
     a68      a68        0     1                 .Lline_table_start0
       0        0       39     1 .debug_line_str
       0        0       39     1         <internal>:(.debug_line_str)
       0        0     3130     4 .symtab
       0        0     3130     4         <internal>:(.symtab)
       0        0       e3     1 .shstrtab
       0        0       e3     1         <internal>:(.shstrtab)
       0        0      1b7     1 .strtab
       0        0      1b7     1         <internal>:(.strtab)
