     VMA      LMA     Size Align Out     In      Symbol
       0        0 80200000     1 . = 0x80200000
80200000        0        0     1 __kernel_base = .
80200000 80200000     1222  4096 .text
80200000 80200000        e     2         /tmp/kernel-ccf635.o:(.text.boot)
80200000 80200000        0     1                 
80200000 80200000        0     1                 
80200000 80200000        0     1                 
80200000 80200000        0     1                 
80200000 80200000        e     1                 boot
8020000e 8020000e        0     1                 
8020000e 8020000e        0     1                 
80200010 80200010      f88     4         /tmp/kernel-ccf635.o:(.text)
80200010 80200010        0     1                 
80200010 80200010        0     1                 
80200010 80200010        0     1                 
80200010 80200010        0     1                 
80200010 80200010        6     1                 sbi_call
80200014 80200014        0     1                 
80200016 80200016        0     1                 
80200016 80200016        0     1                 
80200016 80200016        0     1                 
80200016 80200016        0     1                 
80200016 80200016        0     1                 
80200016 80200016        0     1                 
80200016 80200016       14     1                 putchar
80200028 80200028        0     1                 
80200028 80200028        0     1                 
8020002a 8020002a        0     1                 
8020002a 8020002a        0     1                 
8020002a 8020002a        0     1                 
8020002a 8020002a        0     1                 
8020002a 8020002a        0     1                 
8020002a 8020002a       86     1                 virtq_init
8020002c 8020002c        0     1                 
8020002c 8020002c        0     1                 
8020002c 8020002c        0     1                 
80200032 80200032        0     1                 
8020003a 8020003a        0     1                 
8020003e 8020003e        0     1                 
80200040 80200040        0     1                 
80200048 80200048        0     1                 
8020004c 8020004c        0     1                 
80200050 80200050        0     1                 
8020006c 8020006c        0     1                 
8020006c 8020006c        0     1                 
8020006e 8020006e        0     1                 
8020007c 8020007c        0     1                 
8020007c 8020007c        0     1                 
80200082 80200082        0     1                 
80200082 80200082        0     1                 
80200084 80200084        0     1                 
8020008a 8020008a        0     1                 
80200090 80200090        0     1                 
80200092 80200092        0     1                 
80200098 80200098        0     1                 
80200098 80200098        0     1                 
8020009c 8020009c        0     1                 
8020009c 8020009c        0     1                 
8020009e 8020009e        0     1                 
8020009e 8020009e        0     1                 
802000a2 802000a2        0     1                 
802000a2 802000a2        0     1                 
802000a4 802000a4        0     1                 
802000a4 802000a4        0     1                 
802000b0 802000b0        0     1                 
802000b0 802000b0        0     1                 
802000b0 802000b0        0     1                 
802000b0 802000b0        0     1                 
802000b0 802000b0        0     1                 
802000b0 802000b0       5a     1                 alloc_pages
802000b2 802000b2        0     1                 
802000b2 802000b2        0     1                 
802000b6 802000b6        0     1                 
802000be 802000be        0     1                 
802000c2 802000c2        0     1                 
802000c6 802000c6        0     1                 
802000ce 802000ce        0     1                 
802000d2 802000d2        0     1                 
802000d6 802000d6        0     1                 
802000f2 802000f2        0     1                 
802000f2 802000f2        0     1                 
802000f4 802000f4        0     1                 
80200100 80200100        0     1                 
80200100 80200100        0     1                 
8020010a 8020010a        0     1                 
8020010a 8020010a        0     1                 
8020010a 8020010a        0     1                 
8020010a 8020010a        0     1                 
8020010a 8020010a        0     1                 
8020010a 8020010a        a     1                 virtio_reg_write32
8020010e 8020010e        0     1                 
80200110 80200110        0     1                 
80200112 80200112        0     1                 
80200114 80200114        0     1                 
80200114 80200114        0     1                 
80200114 80200114        0     1                 
80200114 80200114        0     1                 
80200114 80200114        0     1                 
80200114 80200114        0     1                 
80200114 80200114       38     1                 virtq_kick
8020011e 8020011e        0     1                 
80200120 80200120        0     1                 
80200124 80200124        0     1                 
80200126 80200126        0     1                 
80200128 80200128        0     1                 
8020012c 8020012c        0     1                 
80200134 80200134        0     1                 
80200138 80200138        0     1                 
8020013a 8020013a        0     1                 
8020013e 8020013e        0     1                 
8020013e 8020013e        0     1                 
80200140 80200140        0     1                 
80200140 80200140        0     1                 
8020014a 8020014a        0     1                 
8020014c 8020014c        0     1                 
8020014c 8020014c        0     1                 
8020014c 8020014c        0     1                 
8020014c 8020014c        0     1                 
8020014c 8020014c        0     1                 
8020014c 8020014c       1a     1                 virtq_is_busy
80200152 80200152        0     1                 
80200154 80200154        0     1                 
80200156 80200156        0     1                 
8020015a 8020015a        0     1                 
8020015e 8020015e        0     1                 
80200164 80200164        0     1                 
80200166 80200166        0     1                 
80200166 80200166        0     1                 
80200166 80200166        0     1                 
80200166 80200166        0     1                 
80200166 80200166        0     1                 
80200166 80200166      19c     1                 read_write_disk
80200168 80200168        0     1                 
80200170 80200170        0     1                 
80200174 80200174        0     1                 
8020017e 8020017e        0     1                 
80200182 80200182        0     1                 
80200192 80200192        0     1                 
80200194 80200194        0     1                 
80200198 80200198        0     1                 
8020019a 8020019a        0     1                 
802001ae 802001ae        0     1                 
802001b6 802001b6        0     1                 
802001ba 802001ba        0     1                 
802001bc 802001bc        0     1                 
802001c4 802001c4        0     1                 
802001f0 802001f0        0     1                 
802001f4 802001f4        0     1                 
80200204 80200204        0     1                 
80200206 80200206        0     1                 
80200208 80200208        0     1                 
80200216 80200216        0     1                 
80200216 80200216        0     1                 
8020021c 8020021c        0     1                 
80200224 80200224        0     1                 
80200226 80200226        0     1                 
80200232 80200232        0     1                 
80200234 80200234        0     1                 
8020023c 8020023c        0     1                 
80200242 80200242        0     1                 
80200244 80200244        0     1                 
80200248 80200248        0     1                 
80200252 80200252        0     1                 
80200254 80200254        0     1                 
8020025a 8020025a        0     1                 
8020025e 8020025e        0     1                 
80200262 80200262        0     1                 
80200268 80200268        0     1                 
8020026e 8020026e        0     1                 
80200270 80200270        0     1                 
80200274 80200274        0     1                 
80200278 80200278        0     1                 
8020027a 8020027a        0     1                 
8020027c 8020027c        0     1                 
80200280 80200280        0     1                 
80200288 80200288        0     1                 
8020028c 8020028c        0     1                 
80200292 80200292        0     1                 
80200292 80200292        0     1                 
80200294 80200294        0     1                 
80200294 80200294        0     1                 
802002a6 802002a6        0     1                 
802002a6 802002a6        0     1                 
802002aa 802002aa        0     1                 
802002aa 802002aa        0     1                 
802002ae 802002ae        0     1                 
802002b6 802002b6        0     1                 
802002ba 802002ba        0     1                 
802002bc 802002bc        0     1                 
802002d0 802002d0        0     1                 
802002d8 802002d8        0     1                 
802002da 802002da        0     1                 
802002e6 802002e6        0     1                 
802002ea 802002ea        0     1                 
802002fa 802002fa        0     1                 
80200302 80200302        0     1                 
80200302 80200302        0     1                 
80200302 80200302        0     1                 
80200302 80200302        0     1                 
80200302 80200302        0     1                 
80200302 80200302      112     1                 handle_syscall
80200304 80200304        0     1                 
80200308 80200308        0     1                 
8020030a 8020030a        0     1                 
8020032c 8020032c        0     1                 
80200330 80200330        0     1                 
80200332 80200332        0     1                 
80200336 80200336        0     1                 
80200338 80200338        0     1                 
8020033c 8020033c        0     1                 
8020033c 8020033c        0     1                 
80200350 80200350        0     1                 
80200354 80200354        0     1                 
8020035c 8020035c        0     1                 
8020035c 8020035c        0     1                 
80200370 80200370        0     1                 
80200374 80200374        0     1                 
80200390 80200390        0     1                 
80200390 80200390        0     1                 
80200394 80200394        0     1                 
80200394 80200394        0     1                 
802003a6 802003a6        0     1                 
802003a6 802003a6        0     1                 
802003ae 802003ae        0     1                 
802003b6 802003b6        0     1                 
802003b8 802003b8        0     1                 
802003c8 802003c8        0     1                 
802003c8 802003c8        0     1                 
802003ce 802003ce        0     1                 
802003d0 802003d0        0     1                 
802003d8 802003d8        0     1                 
802003d8 802003d8        0     1                 
802003f4 802003f4        0     1                 
802003f4 802003f4        0     1                 
802003f6 802003f6        0     1                 
80200412 80200412        0     1                 
80200412 80200412        0     1                 
80200414 80200414        0     1                 
80200414 80200414        0     1                 
80200414 80200414        0     1                 
80200414 80200414        0     1                 
80200414 80200414        0     1                 
80200414 80200414        0     1                 
80200414 80200414       16     1                 getchar
80200428 80200428        0     1                 
80200428 80200428        0     1                 
8020042a 8020042a        0     1                 
8020042a 8020042a        0     1                 
8020042a 8020042a        0     1                 
8020042a 8020042a        0     1                 
8020042a 8020042a        0     1                 
8020042a 8020042a      1b0     1                 yield
80200436 80200436        0     1                 
8020043a 8020043a        0     1                 
8020044c 8020044c        0     1                 
8020045a 8020045a        0     1                 
8020045c 8020045c        0     1                 
80200460 80200460        0     1                 
80200462 80200462        0     1                 
80200466 80200466        0     1                 
80200468 80200468        0     1                 
8020046c 8020046c        0     1                 
80200470 80200470        0     1                 
8020047c 8020047c        0     1                 
80200484 80200484        0     1                 
80200486 80200486        0     1                 
8020048a 8020048a        0     1                 
8020048c 8020048c        0     1                 
80200490 80200490        0     1                 
80200494 80200494        0     1                 
802004a6 802004a6        0     1                 
802004b6 802004b6        0     1                 
802004ba 802004ba        0     1                 
802004be 802004be        0     1                 
802004c0 802004c0        0     1                 
802004c4 802004c4        0     1                 
802004c8 802004c8        0     1                 
802004d4 802004d4        0     1                 
802004dc 802004dc        0     1                 
802004de 802004de        0     1                 
802004e2 802004e2        0     1                 
802004e4 802004e4        0     1                 
802004e8 802004e8        0     1                 
802004ec 802004ec        0     1                 
802004fe 802004fe        0     1                 
8020050e 8020050e        0     1                 
80200512 80200512        0     1                 
80200516 80200516        0     1                 
80200518 80200518        0     1                 
8020051c 8020051c        0     1                 
80200520 80200520        0     1                 
8020052c 8020052c        0     1                 
80200534 80200534        0     1                 
80200536 80200536        0     1                 
8020053a 8020053a        0     1                 
8020053c 8020053c        0     1                 
80200540 80200540        0     1                 
80200544 80200544        0     1                 
80200556 80200556        0     1                 
80200566 80200566        0     1                 
8020056a 8020056a        0     1                 
8020056e 8020056e        0     1                 
80200570 80200570        0     1                 
80200574 80200574        0     1                 
80200578 80200578        0     1                 
80200584 80200584        0     1                 
8020058c 8020058c        0     1                 
8020058e 8020058e        0     1                 
80200592 80200592        0     1                 
80200594 80200594        0     1                 
80200598 80200598        0     1                 
8020059a 8020059a        0     1                 
8020059e 8020059e        0     1                 
802005a0 802005a0        0     1                 
802005a6 802005a6        0     1                 
802005ac 802005ac        0     1                 
802005ae 802005ae        0     1                 
802005be 802005be        0     1                 
802005c6 802005c6        0     1                 
802005c8 802005c8        0     1                 
802005cc 802005cc        0     1                 
802005d0 802005d0        0     1                 
802005d0 802005d0        0     1                 
802005d8 802005d8        0     1                 
802005da 802005da        0     1                 
802005da 802005da        0     1                 
802005da 802005da        0     1                 
802005da 802005da        0     1                 
802005da 802005da        0     1                 
802005da 802005da       50     1                 handle_trap
802005dc 802005dc        0     1                 
802005dc 802005dc        0     1                 
802005dc 802005dc        0     1                 
802005e0 802005e0        0     1                 
802005e4 802005e4        0     1                 
802005e4 802005e4        0     1                 
802005e8 802005e8        0     1                 
802005ea 802005ea        0     1                 
802005ea 802005ea        0     1                 
802005ee 802005ee        0     1                 
802005ee 802005ee        0     1                 
802005f2 802005f2        0     1                 
802005fa 802005fa        0     1                 
802005fa 802005fa        0     1                 
802005fe 802005fe        0     1                 
802005fe 802005fe        0     1                 
80200602 80200602        0     1                 
80200602 80200602        0     1                 
8020060a 8020060a        0     1                 
80200628 80200628        0     1                 
80200628 80200628        0     1                 
8020062a 8020062a        0     1                 
8020062a 8020062a        0     1                 
8020062a 8020062a        0     1                 
8020062a 8020062a        0     1                 
8020062a 8020062a        0     1                 
8020062a 8020062a        a     1                 virtio_reg_read32
8020062e 8020062e        0     1                 
80200630 80200630        0     1                 
80200632 80200632        0     1                 
80200634 80200634        0     1                 
80200634 80200634        0     1                 
80200634 80200634        0     1                 
80200634 80200634        0     1                 
80200634 80200634        0     1                 
80200634 80200634        c     1                 virtio_reg_read64
80200638 80200638        0     1                 
8020063a 8020063a        0     1                 
8020063e 8020063e        0     1                 
80200640 80200640        0     1                 
80200640 80200640        0     1                 
80200640 80200640        0     1                 
80200640 80200640        0     1                 
80200640 80200640        0     1                 
80200640 80200640        e     1                 virtio_reg_fetch_and_or32
80200644 80200644        0     1                 
80200644 80200644        0     1                 
80200646 80200646        0     1                 
80200648 80200648        0     1                 
80200648 80200648        0     1                 
8020064a 8020064a        0     1                 
8020064a 8020064a        0     1                 
8020064c 8020064c        0     1                 
8020064c 8020064c        0     1                 
8020064e 8020064e        0     1                 
8020064e 8020064e        0     1                 
8020064e 8020064e        0     1                 
8020064e 8020064e        0     1                 
8020064e 8020064e        0     1                 
8020064e 8020064e      1ae     1                 virtio_blk_init
80200650 80200650        0     1                 
8020065a 8020065a        0     1                 
8020065e 8020065e        0     1                 
8020065e 8020065e        0     1                 
80200668 80200668        0     1                 
80200668 80200668        0     1                 
8020066c 8020066c        0     1                 
8020066c 8020066c        0     1                 
80200670 80200670        0     1                 
80200670 80200670        0     1                 
80200674 80200674        0     1                 
80200678 80200678        0     1                 
80200678 80200678        0     1                 
8020067c 8020067c        0     1                 
8020067c 8020067c        0     1                 
80200680 80200680        0     1                 
80200680 80200680        0     1                 
80200684 80200684        0     1                 
80200684 80200684        0     1                 
80200686 80200686        0     1                 
80200686 80200686        0     1                 
8020068a 8020068a        0     1                 
8020068a 8020068a        0     1                 
8020068c 8020068c        0     1                 
8020068c 8020068c        0     1                 
8020068e 8020068e        0     1                 
8020068e 8020068e        0     1                 
80200692 80200692        0     1                 
80200692 80200692        0     1                 
80200696 80200696        0     1                 
80200696 80200696        0     1                 
8020069a 8020069a        0     1                 
8020069a 8020069a        0     1                 
802006a2 802006a2        0     1                 
802006a4 802006a4        0     1                 
802006a6 802006a6        0     1                 
802006ae 802006ae        0     1                 
802006b2 802006b2        0     1                 
802006b6 802006b6        0     1                 
802006d2 802006d2        0     1                 
802006d2 802006d2        0     1                 
802006d4 802006d4        0     1                 
802006f0 802006f0        0     1                 
802006f0 802006f0        0     1                 
802006f2 802006f2        0     1                 
8020070e 8020070e        0     1                 
8020070e 8020070e        0     1                 
80200710 80200710        0     1                 
8020072c 8020072c        0     1                 
8020072c 8020072c        0     1                 
8020072e 8020072e        0     1                 
8020073c 8020073c        0     1                 
8020073c 8020073c        0     1                 
80200740 80200740        0     1                 
80200742 80200742        0     1                 
8020074a 8020074a        0     1                 
80200750 80200750        0     1                 
80200752 80200752        0     1                 
80200758 80200758        0     1                 
80200758 80200758        0     1                 
8020075e 8020075e        0     1                 
8020075e 8020075e        0     1                 
80200760 80200760        0     1                 
80200760 80200760        0     1                 
80200764 80200764        0     1                 
80200764 80200764        0     1                 
80200766 80200766        0     1                 
80200766 80200766        0     1                 
80200770 80200770        0     1                 
80200770 80200770        0     1                 
80200772 80200772        0     1                 
80200772 80200772        0     1                 
8020077a 8020077a        0     1                 
8020077a 8020077a        0     1                 
8020078a 8020078a        0     1                 
80200792 80200792        0     1                 
802007a2 802007a2        0     1                 
802007a2 802007a2        0     1                 
802007a6 802007a6        0     1                 
802007ae 802007ae        0     1                 
802007b2 802007b2        0     1                 
802007ce 802007ce        0     1                 
802007ce 802007ce        0     1                 
802007d0 802007d0        0     1                 
802007de 802007de        0     1                 
802007de 802007de        0     1                 
802007e6 802007e6        0     1                 
802007ee 802007ee        0     1                 
802007fc 802007fc        0     1                 
802007fc 802007fc        0     1                 
802007fc 802007fc        0     1                 
802007fc 802007fc        0     1                 
802007fc 802007fc        0     1                 
802007fc 802007fc        0     1                 
802007fc 802007fc       9c     1                 kernel_entry
80200898 80200898        0     1                 
80200898 80200898        0     1                 
80200898 80200898        0     1                 
80200898 80200898        0     1                 
80200898 80200898        0     1                 
80200898 80200898      108     1                 map_page
8020089a 8020089a        0     1                 
802008a8 802008a8        0     1                 
802008ae 802008ae        0     1                 
802008b2 802008b2        0     1                 
802008b4 802008b4        0     1                 
802008d0 802008d0        0     1                 
802008d0 802008d0        0     1                 
802008d2 802008d2        0     1                 
802008d4 802008d4        0     1                 
802008d6 802008d6        0     1                 
802008d8 802008d8        0     1                 
802008f4 802008f4        0     1                 
802008f4 802008f4        0     1                 
802008f6 802008f6        0     1                 
802008f8 802008f8        0     1                 
802008fc 802008fc        0     1                 
802008fe 802008fe        0     1                 
80200906 80200906        0     1                 
8020090a 8020090a        0     1                 
80200912 80200912        0     1                 
80200914 80200914        0     1                 
80200914 80200914        0     1                 
8020091c 8020091c        0     1                 
8020091e 8020091e        0     1                 
80200920 80200920        0     1                 
80200928 80200928        0     1                 
8020092c 8020092c        0     1                 
80200930 80200930        0     1                 
8020094c 8020094c        0     1                 
8020094c 8020094c        0     1                 
8020094e 8020094e        0     1                 
8020095c 8020095c        0     1                 
8020095c 8020095c        0     1                 
80200964 80200964        0     1                 
80200968 80200968        0     1                 
8020096c 8020096c        0     1                 
8020096c 8020096c        0     1                 
80200970 80200970        0     1                 
80200978 80200978        0     1                 
80200980 80200980        0     1                 
8020098c 8020098c        0     1                 
8020098e 8020098e        0     1                 
802009a0 802009a0        0     1                 
802009a0 802009a0        0     1                 
802009a0 802009a0        0     1                 
802009a0 802009a0        0     1                 
802009a0 802009a0        0     1                 
802009a0 802009a0       1a     1                 user_entry
802009ac 802009ac        0     1                 
802009ba 802009ba        0     1                 
802009ba 802009ba        0     1                 
802009ba 802009ba        0     1                 
802009ba 802009ba        0     1                 
802009ba 802009ba        0     1                 
802009ba 802009ba        0     1                 
802009ba 802009ba       46     1                 switch_context
80200a00 80200a00        0     1                 
80200a00 80200a00        0     1                 
80200a00 80200a00        0     1                 
80200a00 80200a00        0     1                 
80200a00 80200a00        0     1                 
80200a00 80200a00      422     1                 create_process
80200a02 80200a02        0     1                 
80200a1c 80200a1c        0     1                 
80200a24 80200a24        0     1                 
80200a28 80200a28        0     1                 
80200a2a 80200a2a        0     1                 
80200a2c 80200a2c        0     1                 
80200a32 80200a32        0     1                 
80200a34 80200a34        0     1                 
80200a36 80200a36        0     1                 
80200a46 80200a46        0     1                 
80200a48 80200a48        0     1                 
80200a4a 80200a4a        0     1                 
80200a52 80200a52        0     1                 
80200a54 80200a54        0     1                 
80200a56 80200a56        0     1                 
80200a66 80200a66        0     1                 
80200a68 80200a68        0     1                 
80200a6a 80200a6a        0     1                 
80200a72 80200a72        0     1                 
80200a74 80200a74        0     1                 
80200a76 80200a76        0     1                 
80200a86 80200a86        0     1                 
80200a88 80200a88        0     1                 
80200a8a 80200a8a        0     1                 
80200a92 80200a92        0     1                 
80200a94 80200a94        0     1                 
80200a96 80200a96        0     1                 
80200ab2 80200ab2        0     1                 
80200ab2 80200ab2        0     1                 
80200ab4 80200ab4        0     1                 
80200ad8 80200ad8        0     1                 
80200ae0 80200ae0        0     1                 
80200ae4 80200ae4        0     1                 
80200ae6 80200ae6        0     1                 
80200aee 80200aee        0     1                 
80200af0 80200af0        0     1                 
80200af8 80200af8        0     1                 
80200afa 80200afa        0     1                 
80200afe 80200afe        0     1                 
80200b02 80200b02        0     1                 
80200b0a 80200b0a        0     1                 
80200b0c 80200b0c        0     1                 
80200b14 80200b14        0     1                 
80200b16 80200b16        0     1                 
80200b1e 80200b1e        0     1                 
80200b20 80200b20        0     1                 
80200b28 80200b28        0     1                 
80200b2a 80200b2a        0     1                 
80200b32 80200b32        0     1                 
80200b34 80200b34        0     1                 
80200b3c 80200b3c        0     1                 
80200b3e 80200b3e        0     1                 
80200b46 80200b46        0     1                 
80200b48 80200b48        0     1                 
80200b50 80200b50        0     1                 
80200b52 80200b52        0     1                 
80200b5a 80200b5a        0     1                 
80200b5e 80200b5e        0     1                 
80200b62 80200b62        0     1                 
80200b6a 80200b6a        0     1                 
80200b74 80200b74        0     1                 
80200b76 80200b76        0     1                 
80200b7e 80200b7e        0     1                 
80200b86 80200b86        0     1                 
80200ba2 80200ba2        0     1                 
80200ba2 80200ba2        0     1                 
80200ba4 80200ba4        0     1                 
80200bb4 80200bb4        0     1                 
80200bb4 80200bb4        0     1                 
80200bc0 80200bc0        0     1                 
80200bc8 80200bc8        0     1                 
80200bd8 80200bd8        0     1                 
80200bd8 80200bd8        0     1                 
80200bda 80200bda        0     1                 
80200bde 80200bde        0     1                 
80200bde 80200bde        0     1                 
80200be2 80200be2        0     1                 
80200be6 80200be6        0     1                 
80200be8 80200be8        0     1                 
80200be8 80200be8        0     1                 
80200bf0 80200bf0        0     1                 
80200bf2 80200bf2        0     1                 
80200bf4 80200bf4        0     1                 
80200bfc 80200bfc        0     1                 
80200c00 80200c00        0     1                 
80200c04 80200c04        0     1                 
80200c20 80200c20        0     1                 
80200c20 80200c20        0     1                 
80200c22 80200c22        0     1                 
80200c30 80200c30        0     1                 
80200c30 80200c30        0     1                 
80200c38 80200c38        0     1                 
80200c3c 80200c3c        0     1                 
80200c40 80200c40        0     1                 
80200c40 80200c40        0     1                 
80200c44 80200c44        0     1                 
80200c48 80200c48        0     1                 
80200c4c 80200c4c        0     1                 
80200c54 80200c54        0     1                 
80200c56 80200c56        0     1                 
80200c56 80200c56        0     1                 
80200c5a 80200c5a        0     1                 
80200c74 80200c74        0     1                 
80200c82 80200c82        0     1                 
80200c82 80200c82        0     1                 
80200c86 80200c86        0     1                 
80200c94 80200c94        0     1                 
80200c94 80200c94        0     1                 
80200c96 80200c96        0     1                 
80200c9e 80200c9e        0     1                 
80200ca2 80200ca2        0     1                 
80200ca6 80200ca6        0     1                 
80200cb2 80200cb2        0     1                 
80200cc0 80200cc0        0     1                 
80200cc0 80200cc0        0     1                 
80200cc8 80200cc8        0     1                 
80200ccc 80200ccc        0     1                 
80200ccc 80200ccc        0     1                 
80200cd4 80200cd4        0     1                 
80200cd6 80200cd6        0     1                 
80200cd8 80200cd8        0     1                 
80200ce0 80200ce0        0     1                 
80200ce4 80200ce4        0     1                 
80200ce8 80200ce8        0     1                 
80200d04 80200d04        0     1                 
80200d04 80200d04        0     1                 
80200d06 80200d06        0     1                 
80200d14 80200d14        0     1                 
80200d14 80200d14        0     1                 
80200d1a 80200d1a        0     1                 
80200d1c 80200d1c        0     1                 
80200d38 80200d38        0     1                 
80200d38 80200d38        0     1                 
80200d3a 80200d3a        0     1                 
80200d56 80200d56        0     1                 
80200d56 80200d56        0     1                 
80200d58 80200d58        0     1                 
80200d60 80200d60        0     1                 
80200d6c 80200d6c        0     1                 
80200d6e 80200d6e        0     1                 
80200d6e 80200d6e        0     1                 
80200d76 80200d76        0     1                 
80200d78 80200d78        0     1                 
80200d7a 80200d7a        0     1                 
80200d82 80200d82        0     1                 
80200d86 80200d86        0     1                 
80200d8a 80200d8a        0     1                 
80200da6 80200da6        0     1                 
80200da6 80200da6        0     1                 
80200da8 80200da8        0     1                 
80200db6 80200db6        0     1                 
80200db6 80200db6        0     1                 
80200dbe 80200dbe        0     1                 
80200dc2 80200dc2        0     1                 
80200dc6 80200dc6        0     1                 
80200dc6 80200dc6        0     1                 
80200dc8 80200dc8        0     1                 
80200dd0 80200dd0        0     1                 
80200dd8 80200dd8        0     1                 
80200dda 80200dda        0     1                 
80200ddc 80200ddc        0     1                 
80200de0 80200de0        0     1                 
80200de8 80200de8        0     1                 
80200df8 80200df8        0     1                 
80200dfa 80200dfa        0     1                 
80200dfe 80200dfe        0     1                 
80200e02 80200e02        0     1                 
80200e22 80200e22        0     1                 
80200e22 80200e22        0     1                 
80200e22 80200e22        0     1                 
80200e22 80200e22        0     1                 
80200e22 80200e22        0     1                 
80200e22 80200e22       10     1                 delay
80200e2a 80200e2a        0     1                 
80200e2a 80200e2a        0     1                 
80200e2c 80200e2c        0     1                 
80200e2e 80200e2e        0     1                 
80200e30 80200e30        0     1                 
80200e30 80200e30        0     1                 
80200e32 80200e32        0     1                 
80200e32 80200e32        0     1                 
80200e32 80200e32        0     1                 
80200e32 80200e32        0     1                 
80200e32 80200e32        0     1                 
80200e32 80200e32      166     1                 kernel_main
80200e36 80200e36        0     1                 
80200e36 80200e36        0     1                 
80200e3e 80200e3e        0     1                 
80200e5c 80200e5c        0     1                 
80200e5c 80200e5c        0     1                 
80200e74 80200e74        0     1                 
80200e74 80200e74        0     1                 
80200e8e 80200e8e        0     1                 
80200e8e 80200e8e        0     1                 
80200e9a 80200e9a        0     1                 
80200e9a 80200e9a        0     1                 
80200ea2 80200ea2        0     1                 
80200ea2 80200ea2        0     1                 
80200eb2 80200eb2        0     1                 
80200eb2 80200eb2        0     1                 
80200ec4 80200ec4        0     1                 
80200ec4 80200ec4        0     1                 
80200ed6 80200ed6        0     1                 
80200ed6 80200ed6        0     1                 
80200ee4 80200ee4        0     1                 
80200ee4 80200ee4        0     1                 
80200eec 80200eec        0     1                 
80200eec 80200eec        0     1                 
80200ef4 80200ef4        0     1                 
80200ef8 80200ef8        0     1                 
80200efa 80200efa        0     1                 
80200f02 80200f02        0     1                 
80200f08 80200f08        0     1                 
80200f08 80200f08        0     1                 
80200f1a 80200f1a        0     1                 
80200f1a 80200f1a        0     1                 
80200f2c 80200f2c        0     1                 
80200f2c 80200f2c        0     1                 
80200f3a 80200f3a        0     1                 
80200f3a 80200f3a        0     1                 
80200f46 80200f46        0     1                 
80200f46 80200f46        0     1                 
80200f4e 80200f4e        0     1                 
80200f52 80200f52        0     1                 
80200f5a 80200f5a        0     1                 
80200f72 80200f72        0     1                 
80200f72 80200f72        0     1                 
80200f7a 80200f7a        0     1                 
80200f7a 80200f7a        0     1                 
80200f96 80200f96        0     1                 
80200f96 80200f96        0     1                 
80200f98 80200f98        0     1                 
80200f98 80200f98        0     1                 
80200f98 80200f98      28a     4         /tmp/common-b75f53.o:(.text)
80200f98 80200f98        0     1                 
80200f98 80200f98        0     1                 
80200f98 80200f98        0     1                 
80200f98 80200f98      200     1                 printf
80200f9a 80200f9a        0     1                 
80200fb4 80200fb4        0     1                 
80200fc6 80200fc6        0     1                 
80200ff2 80200ff2        0     1                 
80200ff6 80200ff6        0     1                 
80200ff8 80200ff8        0     1                 
80200ffc 80200ffc        0     1                 
80201004 80201004        0     1                 
8020100c 8020100c        0     1                 
8020100c 8020100c        0     1                 
8020100e 8020100e        0     1                 
80201010 80201010        0     1                 
80201014 80201014        0     1                 
80201016 80201016        0     1                 
80201022 80201022        0     1                 
8020102e 8020102e        0     1                 
80201032 80201032        0     1                 
80201034 80201034        0     1                 
8020103a 8020103a        0     1                 
80201042 80201042        0     1                 
80201042 80201042        0     1                 
8020104c 8020104c        0     1                 
8020104c 8020104c        0     1                 
80201050 80201050        0     1                 
80201056 80201056        0     1                 
8020105e 8020105e        0     1                 
8020105e 8020105e        0     1                 
80201062 80201062        0     1                 
80201064 80201064        0     1                 
8020106a 8020106a        0     1                 
80201072 80201072        0     1                 
80201072 80201072        0     1                 
80201076 80201076        0     1                 
80201078 80201078        0     1                 
8020107e 8020107e        0     1                 
80201086 80201086        0     1                 
80201086 80201086        0     1                 
8020108a 8020108a        0     1                 
8020108c 8020108c        0     1                 
80201092 80201092        0     1                 
8020109a 8020109a        0     1                 
8020109a 8020109a        0     1                 
8020109e 8020109e        0     1                 
802010a0 802010a0        0     1                 
802010a6 802010a6        0     1                 
802010ae 802010ae        0     1                 
802010ae 802010ae        0     1                 
802010b2 802010b2        0     1                 
802010b4 802010b4        0     1                 
802010ba 802010ba        0     1                 
802010c2 802010c2        0     1                 
802010c2 802010c2        0     1                 
802010c6 802010c6        0     1                 
802010c8 802010c8        0     1                 
802010ce 802010ce        0     1                 
802010d6 802010d6        0     1                 
802010d6 802010d6        0     1                 
802010da 802010da        0     1                 
802010e0 802010e0        0     1                 
802010e0 802010e0        0     1                 
802010e8 802010e8        0     1                 
802010e8 802010e8        0     1                 
802010ea 802010ea        0     1                 
802010ec 802010ec        0     1                 
802010ec 802010ec        0     1                 
802010f6 802010f6        0     1                 
802010fa 802010fa        0     1                 
80201102 80201102        0     1                 
8020110e 8020110e        0     1                 
8020110e 8020110e        0     1                 
80201112 80201112        0     1                 
80201118 80201118        0     1                 
80201118 80201118        0     1                 
80201124 80201124        0     1                 
80201124 80201124        0     1                 
80201128 80201128        0     1                 
8020112a 8020112a        0     1                 
8020112e 8020112e        0     1                 
80201130 80201130        0     1                 
80201134 80201134        0     1                 
80201138 80201138        0     1                 
8020113c 8020113c        0     1                 
80201140 80201140        0     1                 
80201142 80201142        0     1                 
80201146 80201146        0     1                 
8020114a 8020114a        0     1                 
80201156 80201156        0     1                 
80201156 80201156        0     1                 
8020115e 8020115e        0     1                 
80201164 80201164        0     1                 
80201168 80201168        0     1                 
8020116e 8020116e        0     1                 
8020117a 8020117a        0     1                 
8020117a 8020117a        0     1                 
80201198 80201198        0     1                 
80201198 80201198        0     1                 
80201198 80201198        0     1                 
80201198 80201198        0     1                 
80201198 80201198        0     1                 
80201198 80201198        0     1                 
80201198 80201198       1a     1                 memcpy
8020119a 8020119a        0     1                 
8020119c 8020119c        0     1                 
802011a0 802011a0        0     1                 
802011a2 802011a2        0     1                 
802011a4 802011a4        0     1                 
802011a8 802011a8        0     1                 
802011ac 802011ac        0     1                 
802011ae 802011ae        0     1                 
802011b0 802011b0        0     1                 
802011b2 802011b2        0     1                 
802011b2 802011b2        0     1                 
802011b2 802011b2        0     1                 
802011b2 802011b2        0     1                 
802011b2 802011b2        0     1                 
802011b2 802011b2        0     1                 
802011b2 802011b2       14     1                 memset
802011b4 802011b4        0     1                 
802011b6 802011b6        0     1                 
802011b8 802011b8        0     1                 
802011bc 802011bc        0     1                 
802011c0 802011c0        0     1                 
802011c2 802011c2        0     1                 
802011c4 802011c4        0     1                 
802011c6 802011c6        0     1                 
802011c6 802011c6        0     1                 
802011c6 802011c6        0     1                 
802011c6 802011c6        0     1                 
802011c6 802011c6        0     1                 
802011c6 802011c6        0     1                 
802011c6 802011c6       24     1                 strcpy
802011cc 802011cc        0     1                 
802011d0 802011d0        0     1                 
802011d2 802011d2        0     1                 
802011d6 802011d6        0     1                 
802011da 802011da        0     1                 
802011de 802011de        0     1                 
802011e0 802011e0        0     1                 
802011e2 802011e2        0     1                 
802011e4 802011e4        0     1                 
802011e8 802011e8        0     1                 
802011ea 802011ea        0     1                 
802011ea 802011ea        0     1                 
802011ea 802011ea        0     1                 
802011ea 802011ea        0     1                 
802011ea 802011ea        0     1                 
802011ea 802011ea        0     1                 
802011ea 802011ea       38     1                 strcmp
802011ee 802011ee        0     1                 
802011f0 802011f0        0     1                 
802011f2 802011f2        0     1                 
802011f6 802011f6        0     1                 
80201204 80201204        0     1                 
80201208 80201208        0     1                 
8020120c 8020120c        0     1                 
8020120e 8020120e        0     1                 
80201212 80201212        0     1                 
80201214 80201214        0     1                 
80201218 80201218        0     1                 
8020121c 8020121c        0     1                 
80201220 80201220        0     1                 
80201222 80201222        0     1                 
80201222 80201222        0     1                 
80202000 80202000      2d2  4096 .rodata
80202000 80202000      2d2     1         <internal>:(.rodata)
80203000 80203000    10460  4096 .data
80203000 80203000    10460     1         shell.bin.o:(.data)
80203000 80203000        0     1                 _binary_shell_bin_start
80213460 80213460        0     1                 _binary_shell_bin_end
80213460 80213460        4     4 .sdata
80213460 80213460        4     4         /tmp/kernel-ccf635.o:(.sdata)
80213460 80213460        4     1                 alloc_pages.next_paddr
80214000 80214000    1009c  4096 .bss
80214000 80214000        0     1         __bss = .
80214000 80214000       1c     8         /tmp/kernel-ccf635.o:(.sbss)
80214000 80214000        8     1                 blk_capacity
80214008 80214008        4     1                 blk_req
8021400c 8021400c        4     1                 blk_request_vq
80214010 80214010        4     1                 blk_req_paddr
80214014 80214014        4     1                 current_proc
80214018 80214018        4     1                 idle_proc
8021401c 8021401c    10080     4         /tmp/kernel-ccf635.o:(.bss)
8021401c 8021401c    10080     1                 procs
8022409c 8022409c        0     1         __bss_end = .
8022409c 8022409c      f64     1 . = ALIGN ( 4096 )
80225000 80225000    20000     1 . += 128 * 1024
80245000 80245000        0     1 __stack_top = .
80245000 80245000        0     1 . = ALIGN ( 4096 )
80245000 80245000        0     1 __free_ram = .
80245000 80245000  4000000     1 . += 64 * 1024 * 1024
84245000 84245000        0     1 __free_ram_end = .
       0        0      a60     1 .debug_loclists
       0        0      816     1         /tmp/kernel-ccf635.o:(.debug_loclists)
       c        c        0     1                 
     816      816      24a     1         /tmp/common-b75f53.o:(.debug_loclists)
     822      822        0     1                 
       0        0      451     1 .debug_abbrev
       0        0      34c     1         /tmp/kernel-ccf635.o:(.debug_abbrev)
     34c      34c      105     1         /tmp/common-b75f53.o:(.debug_abbrev)
       0        0     12ea     1 .debug_info
       0        0     10c9     1         /tmp/kernel-ccf635.o:(.debug_info)
    10c9     10c9      221     1         /tmp/common-b75f53.o:(.debug_info)
       0        0      104     1 .debug_rnglists
       0        0       e9     1         /tmp/kernel-ccf635.o:(.debug_rnglists)
       c        c        0     1                 
      e9       e9       1b     1         /tmp/common-b75f53.o:(.debug_rnglists)
      f5       f5        0     1                 
       0        0      318     1 .debug_str_offsets
       0        0      284     1         /tmp/kernel-ccf635.o:(.debug_str_offsets)
       8        8        0     1                 
     284      284       94     1         /tmp/common-b75f53.o:(.debug_str_offsets)
     28c      28c        0     1                 
       0        0      543     1 .debug_str
       0        0      543     1         <internal>:(.debug_str)
       0        0      25c     1 .debug_addr
       0        0      200     1         /tmp/kernel-ccf635.o:(.debug_addr)
       8        8        0     1                 
     200      200       5c     1         /tmp/common-b75f53.o:(.debug_addr)
     208      208        0     1                 
       0        0       42     1 .comment
       0        0       42     1         <internal>:(.comment)
       0        0       2b     1 .riscv.attributes
       0        0       2b     1         /tmp/kernel-ccf635.o:(.riscv.attributes)
       0        0      298     4 .debug_frame
       0        0      214     4         /tmp/kernel-ccf635.o:(.debug_frame)
       0        0        0     1                 
     214      214       84     4         /tmp/common-b75f53.o:(.debug_frame)
     214      214        0     1                 
       0        0     15c4     1 .debug_line
       0        0     1164     1         /tmp/kernel-ccf635.o:(.debug_line)
       0        0        0     1                 .Lline_table_start0
    1164     1164      460     1         /tmp/common-b75f53.o:(.debug_line)
    1164     1164        0     1                 .Lline_table_start0
       0        0       39     1 .debug_line_str
       0        0       39     1         <internal>:(.debug_line_str)
       0        0     4960     4 .symtab
       0        0     4960     4         <internal>:(.symtab)
       0        0       e3     1 .shstrtab
       0        0       e3     1         <internal>:(.shstrtab)
       0        0      27e     1 .strtab
       0        0      27e     1         <internal>:(.strtab)
