     VMA      LMA     Size Align Out     In      Symbol
       0        0 80200000     1 . = 0x80200000
80200000        0        0     1 __kernel_base = .
80200000 80200000      f96  4096 .text
80200000 80200000        e     2         /tmp/kernel-2bd0c8.o:(.text.boot)
80200000 80200000        0     1                 
80200000 80200000        0     1                 
80200000 80200000        0     1                 
80200000 80200000        0     1                 
80200000 80200000        e     1                 boot
8020000e 8020000e        0     1                 
8020000e 8020000e        0     1                 
80200010 80200010      cfc     4         /tmp/kernel-2bd0c8.o:(.text)
80200010 80200010        0     1                 
80200010 80200010        0     1                 
80200010 80200010        0     1                 
80200010 80200010        0     1                 
80200010 80200010        6     1                 sbi_call
80200014 80200014        0     1                 
80200016 80200016        0     1                 
80200016 80200016        0     1                 
80200016 80200016        0     1                 
80200016 80200016        0     1                 
80200016 80200016        0     1                 
80200016 80200016        0     1                 
80200016 80200016       14     1                 putchar
80200028 80200028        0     1                 
80200028 80200028        0     1                 
8020002a 8020002a        0     1                 
8020002a 8020002a        0     1                 
8020002a 8020002a        0     1                 
8020002a 8020002a        0     1                 
8020002a 8020002a        0     1                 
8020002a 8020002a       86     1                 virtq_init
8020002c 8020002c        0     1                 
8020002c 8020002c        0     1                 
8020002c 8020002c        0     1                 
80200032 80200032        0     1                 
8020003a 8020003a        0     1                 
8020003e 8020003e        0     1                 
80200040 80200040        0     1                 
80200048 80200048        0     1                 
8020004c 8020004c        0     1                 
80200050 80200050        0     1                 
8020006c 8020006c        0     1                 
8020006c 8020006c        0     1                 
8020006e 8020006e        0     1                 
8020007c 8020007c        0     1                 
8020007c 8020007c        0     1                 
80200082 80200082        0     1                 
80200082 80200082        0     1                 
80200084 80200084        0     1                 
8020008a 8020008a        0     1                 
80200090 80200090        0     1                 
80200092 80200092        0     1                 
80200098 80200098        0     1                 
80200098 80200098        0     1                 
8020009c 8020009c        0     1                 
8020009c 8020009c        0     1                 
8020009e 8020009e        0     1                 
8020009e 8020009e        0     1                 
802000a2 802000a2        0     1                 
802000a2 802000a2        0     1                 
802000a4 802000a4        0     1                 
802000a4 802000a4        0     1                 
802000b0 802000b0        0     1                 
802000b0 802000b0        0     1                 
802000b0 802000b0        0     1                 
802000b0 802000b0        0     1                 
802000b0 802000b0        0     1                 
802000b0 802000b0       5a     1                 alloc_pages
802000b2 802000b2        0     1                 
802000b2 802000b2        0     1                 
802000b6 802000b6        0     1                 
802000be 802000be        0     1                 
802000c2 802000c2        0     1                 
802000c6 802000c6        0     1                 
802000ce 802000ce        0     1                 
802000d2 802000d2        0     1                 
802000d6 802000d6        0     1                 
802000f2 802000f2        0     1                 
802000f2 802000f2        0     1                 
802000f4 802000f4        0     1                 
80200100 80200100        0     1                 
80200100 80200100        0     1                 
8020010a 8020010a        0     1                 
8020010a 8020010a        0     1                 
8020010a 8020010a        0     1                 
8020010a 8020010a        0     1                 
8020010a 8020010a        0     1                 
8020010a 8020010a        a     1                 virtio_reg_write32
8020010e 8020010e        0     1                 
80200110 80200110        0     1                 
80200112 80200112        0     1                 
80200114 80200114        0     1                 
80200114 80200114        0     1                 
80200114 80200114        0     1                 
80200114 80200114        0     1                 
80200114 80200114        0     1                 
80200114 80200114      112     1                 handle_syscall
80200116 80200116        0     1                 
8020011a 8020011a        0     1                 
8020011c 8020011c        0     1                 
8020013e 8020013e        0     1                 
80200142 80200142        0     1                 
80200144 80200144        0     1                 
80200148 80200148        0     1                 
8020014a 8020014a        0     1                 
8020014e 8020014e        0     1                 
8020014e 8020014e        0     1                 
80200162 80200162        0     1                 
80200166 80200166        0     1                 
8020016e 8020016e        0     1                 
8020016e 8020016e        0     1                 
80200182 80200182        0     1                 
80200186 80200186        0     1                 
802001a2 802001a2        0     1                 
802001a2 802001a2        0     1                 
802001a6 802001a6        0     1                 
802001a6 802001a6        0     1                 
802001b8 802001b8        0     1                 
802001b8 802001b8        0     1                 
802001c0 802001c0        0     1                 
802001c8 802001c8        0     1                 
802001ca 802001ca        0     1                 
802001da 802001da        0     1                 
802001da 802001da        0     1                 
802001e0 802001e0        0     1                 
802001e2 802001e2        0     1                 
802001ea 802001ea        0     1                 
802001ea 802001ea        0     1                 
80200206 80200206        0     1                 
80200206 80200206        0     1                 
80200208 80200208        0     1                 
80200224 80200224        0     1                 
80200224 80200224        0     1                 
80200226 80200226        0     1                 
80200226 80200226        0     1                 
80200226 80200226        0     1                 
80200226 80200226        0     1                 
80200226 80200226        0     1                 
80200226 80200226        0     1                 
80200226 80200226       16     1                 getchar
8020023a 8020023a        0     1                 
8020023a 8020023a        0     1                 
8020023c 8020023c        0     1                 
8020023c 8020023c        0     1                 
8020023c 8020023c        0     1                 
8020023c 8020023c        0     1                 
8020023c 8020023c        0     1                 
8020023c 8020023c      1b0     1                 yield
80200248 80200248        0     1                 
8020024c 8020024c        0     1                 
8020025e 8020025e        0     1                 
8020026c 8020026c        0     1                 
8020026e 8020026e        0     1                 
80200272 80200272        0     1                 
80200274 80200274        0     1                 
80200278 80200278        0     1                 
8020027a 8020027a        0     1                 
8020027e 8020027e        0     1                 
80200282 80200282        0     1                 
8020028e 8020028e        0     1                 
80200296 80200296        0     1                 
80200298 80200298        0     1                 
8020029c 8020029c        0     1                 
8020029e 8020029e        0     1                 
802002a2 802002a2        0     1                 
802002a6 802002a6        0     1                 
802002b8 802002b8        0     1                 
802002c8 802002c8        0     1                 
802002cc 802002cc        0     1                 
802002d0 802002d0        0     1                 
802002d2 802002d2        0     1                 
802002d6 802002d6        0     1                 
802002da 802002da        0     1                 
802002e6 802002e6        0     1                 
802002ee 802002ee        0     1                 
802002f0 802002f0        0     1                 
802002f4 802002f4        0     1                 
802002f6 802002f6        0     1                 
802002fa 802002fa        0     1                 
802002fe 802002fe        0     1                 
80200310 80200310        0     1                 
80200320 80200320        0     1                 
80200324 80200324        0     1                 
80200328 80200328        0     1                 
8020032a 8020032a        0     1                 
8020032e 8020032e        0     1                 
80200332 80200332        0     1                 
8020033e 8020033e        0     1                 
80200346 80200346        0     1                 
80200348 80200348        0     1                 
8020034c 8020034c        0     1                 
8020034e 8020034e        0     1                 
80200352 80200352        0     1                 
80200356 80200356        0     1                 
80200368 80200368        0     1                 
80200378 80200378        0     1                 
8020037c 8020037c        0     1                 
80200380 80200380        0     1                 
80200382 80200382        0     1                 
80200386 80200386        0     1                 
8020038a 8020038a        0     1                 
80200396 80200396        0     1                 
8020039e 8020039e        0     1                 
802003a0 802003a0        0     1                 
802003a4 802003a4        0     1                 
802003a6 802003a6        0     1                 
802003aa 802003aa        0     1                 
802003ac 802003ac        0     1                 
802003b0 802003b0        0     1                 
802003b2 802003b2        0     1                 
802003b8 802003b8        0     1                 
802003be 802003be        0     1                 
802003c0 802003c0        0     1                 
802003d0 802003d0        0     1                 
802003d8 802003d8        0     1                 
802003da 802003da        0     1                 
802003de 802003de        0     1                 
802003e2 802003e2        0     1                 
802003e2 802003e2        0     1                 
802003ea 802003ea        0     1                 
802003ec 802003ec        0     1                 
802003ec 802003ec        0     1                 
802003ec 802003ec        0     1                 
802003ec 802003ec        0     1                 
802003ec 802003ec        0     1                 
802003ec 802003ec       50     1                 handle_trap
802003ee 802003ee        0     1                 
802003ee 802003ee        0     1                 
802003ee 802003ee        0     1                 
802003f2 802003f2        0     1                 
802003f6 802003f6        0     1                 
802003f6 802003f6        0     1                 
802003fa 802003fa        0     1                 
802003fc 802003fc        0     1                 
802003fc 802003fc        0     1                 
80200400 80200400        0     1                 
80200400 80200400        0     1                 
80200404 80200404        0     1                 
8020040c 8020040c        0     1                 
8020040c 8020040c        0     1                 
80200410 80200410        0     1                 
80200410 80200410        0     1                 
80200414 80200414        0     1                 
80200414 80200414        0     1                 
8020041c 8020041c        0     1                 
8020043a 8020043a        0     1                 
8020043a 8020043a        0     1                 
8020043c 8020043c        0     1                 
8020043c 8020043c        0     1                 
8020043c 8020043c        0     1                 
8020043c 8020043c        0     1                 
8020043c 8020043c        0     1                 
8020043c 8020043c        a     1                 virtio_reg_read32
80200440 80200440        0     1                 
80200442 80200442        0     1                 
80200444 80200444        0     1                 
80200446 80200446        0     1                 
80200446 80200446        0     1                 
80200446 80200446        0     1                 
80200446 80200446        0     1                 
80200446 80200446        0     1                 
80200446 80200446        c     1                 virtio_reg_read64
8020044a 8020044a        0     1                 
8020044c 8020044c        0     1                 
80200450 80200450        0     1                 
80200452 80200452        0     1                 
80200452 80200452        0     1                 
80200452 80200452        0     1                 
80200452 80200452        0     1                 
80200452 80200452        0     1                 
80200452 80200452        e     1                 virtio_reg_fetch_and_or32
80200456 80200456        0     1                 
80200456 80200456        0     1                 
80200458 80200458        0     1                 
8020045a 8020045a        0     1                 
8020045a 8020045a        0     1                 
8020045c 8020045c        0     1                 
8020045c 8020045c        0     1                 
8020045e 8020045e        0     1                 
8020045e 8020045e        0     1                 
80200460 80200460        0     1                 
80200460 80200460        0     1                 
80200460 80200460        0     1                 
80200460 80200460        0     1                 
80200460 80200460        0     1                 
80200460 80200460      1ae     1                 virtio_blk_init
80200462 80200462        0     1                 
8020046c 8020046c        0     1                 
80200470 80200470        0     1                 
80200470 80200470        0     1                 
8020047a 8020047a        0     1                 
8020047a 8020047a        0     1                 
8020047e 8020047e        0     1                 
8020047e 8020047e        0     1                 
80200482 80200482        0     1                 
80200482 80200482        0     1                 
80200486 80200486        0     1                 
8020048a 8020048a        0     1                 
8020048a 8020048a        0     1                 
8020048e 8020048e        0     1                 
8020048e 8020048e        0     1                 
80200492 80200492        0     1                 
80200492 80200492        0     1                 
80200496 80200496        0     1                 
80200496 80200496        0     1                 
80200498 80200498        0     1                 
80200498 80200498        0     1                 
8020049c 8020049c        0     1                 
8020049c 8020049c        0     1                 
8020049e 8020049e        0     1                 
8020049e 8020049e        0     1                 
802004a0 802004a0        0     1                 
802004a0 802004a0        0     1                 
802004a4 802004a4        0     1                 
802004a4 802004a4        0     1                 
802004a8 802004a8        0     1                 
802004a8 802004a8        0     1                 
802004ac 802004ac        0     1                 
802004ac 802004ac        0     1                 
802004b4 802004b4        0     1                 
802004b6 802004b6        0     1                 
802004b8 802004b8        0     1                 
802004c0 802004c0        0     1                 
802004c4 802004c4        0     1                 
802004c8 802004c8        0     1                 
802004e4 802004e4        0     1                 
802004e4 802004e4        0     1                 
802004e6 802004e6        0     1                 
80200502 80200502        0     1                 
80200502 80200502        0     1                 
80200504 80200504        0     1                 
80200520 80200520        0     1                 
80200520 80200520        0     1                 
80200522 80200522        0     1                 
8020053e 8020053e        0     1                 
8020053e 8020053e        0     1                 
80200540 80200540        0     1                 
8020054e 8020054e        0     1                 
8020054e 8020054e        0     1                 
80200552 80200552        0     1                 
80200554 80200554        0     1                 
8020055c 8020055c        0     1                 
80200562 80200562        0     1                 
80200564 80200564        0     1                 
8020056a 8020056a        0     1                 
8020056a 8020056a        0     1                 
80200570 80200570        0     1                 
80200570 80200570        0     1                 
80200572 80200572        0     1                 
80200572 80200572        0     1                 
80200576 80200576        0     1                 
80200576 80200576        0     1                 
80200578 80200578        0     1                 
80200578 80200578        0     1                 
80200582 80200582        0     1                 
80200582 80200582        0     1                 
80200584 80200584        0     1                 
80200584 80200584        0     1                 
8020058c 8020058c        0     1                 
8020058c 8020058c        0     1                 
8020059c 8020059c        0     1                 
802005a4 802005a4        0     1                 
802005b4 802005b4        0     1                 
802005b4 802005b4        0     1                 
802005b8 802005b8        0     1                 
802005c0 802005c0        0     1                 
802005c4 802005c4        0     1                 
802005e0 802005e0        0     1                 
802005e0 802005e0        0     1                 
802005e2 802005e2        0     1                 
802005f0 802005f0        0     1                 
802005f0 802005f0        0     1                 
802005f8 802005f8        0     1                 
80200600 80200600        0     1                 
8020060e 8020060e        0     1                 
8020060e 8020060e        0     1                 
80200610 80200610        0     1                 
80200610 80200610        0     1                 
80200610 80200610        0     1                 
80200610 80200610        0     1                 
80200610 80200610       9c     1                 kernel_entry
802006ac 802006ac        0     1                 
802006ac 802006ac        0     1                 
802006ac 802006ac        0     1                 
802006ac 802006ac        0     1                 
802006ac 802006ac        0     1                 
802006ac 802006ac      108     1                 map_page
802006ae 802006ae        0     1                 
802006bc 802006bc        0     1                 
802006c2 802006c2        0     1                 
802006c6 802006c6        0     1                 
802006c8 802006c8        0     1                 
802006e4 802006e4        0     1                 
802006e4 802006e4        0     1                 
802006e6 802006e6        0     1                 
802006e8 802006e8        0     1                 
802006ea 802006ea        0     1                 
802006ec 802006ec        0     1                 
80200708 80200708        0     1                 
80200708 80200708        0     1                 
8020070a 8020070a        0     1                 
8020070c 8020070c        0     1                 
80200710 80200710        0     1                 
80200712 80200712        0     1                 
8020071a 8020071a        0     1                 
8020071e 8020071e        0     1                 
80200726 80200726        0     1                 
80200728 80200728        0     1                 
80200728 80200728        0     1                 
80200730 80200730        0     1                 
80200732 80200732        0     1                 
80200734 80200734        0     1                 
8020073c 8020073c        0     1                 
80200740 80200740        0     1                 
80200744 80200744        0     1                 
80200760 80200760        0     1                 
80200760 80200760        0     1                 
80200762 80200762        0     1                 
80200770 80200770        0     1                 
80200770 80200770        0     1                 
80200778 80200778        0     1                 
8020077c 8020077c        0     1                 
80200780 80200780        0     1                 
80200780 80200780        0     1                 
80200784 80200784        0     1                 
8020078c 8020078c        0     1                 
80200794 80200794        0     1                 
802007a0 802007a0        0     1                 
802007a2 802007a2        0     1                 
802007b4 802007b4        0     1                 
802007b4 802007b4        0     1                 
802007b4 802007b4        0     1                 
802007b4 802007b4        0     1                 
802007b4 802007b4        0     1                 
802007b4 802007b4       1a     1                 user_entry
802007c0 802007c0        0     1                 
802007ce 802007ce        0     1                 
802007ce 802007ce        0     1                 
802007ce 802007ce        0     1                 
802007ce 802007ce        0     1                 
802007ce 802007ce        0     1                 
802007ce 802007ce        0     1                 
802007ce 802007ce       46     1                 switch_context
80200814 80200814        0     1                 
80200814 80200814        0     1                 
80200814 80200814        0     1                 
80200814 80200814        0     1                 
80200814 80200814        0     1                 
80200814 80200814      422     1                 create_process
80200816 80200816        0     1                 
80200830 80200830        0     1                 
80200838 80200838        0     1                 
8020083c 8020083c        0     1                 
8020083e 8020083e        0     1                 
80200840 80200840        0     1                 
80200846 80200846        0     1                 
80200848 80200848        0     1                 
8020084a 8020084a        0     1                 
8020085a 8020085a        0     1                 
8020085c 8020085c        0     1                 
8020085e 8020085e        0     1                 
80200866 80200866        0     1                 
80200868 80200868        0     1                 
8020086a 8020086a        0     1                 
8020087a 8020087a        0     1                 
8020087c 8020087c        0     1                 
8020087e 8020087e        0     1                 
80200886 80200886        0     1                 
80200888 80200888        0     1                 
8020088a 8020088a        0     1                 
8020089a 8020089a        0     1                 
8020089c 8020089c        0     1                 
8020089e 8020089e        0     1                 
802008a6 802008a6        0     1                 
802008a8 802008a8        0     1                 
802008aa 802008aa        0     1                 
802008c6 802008c6        0     1                 
802008c6 802008c6        0     1                 
802008c8 802008c8        0     1                 
802008ec 802008ec        0     1                 
802008f4 802008f4        0     1                 
802008f8 802008f8        0     1                 
802008fa 802008fa        0     1                 
80200902 80200902        0     1                 
80200904 80200904        0     1                 
8020090c 8020090c        0     1                 
8020090e 8020090e        0     1                 
80200912 80200912        0     1                 
80200916 80200916        0     1                 
8020091e 8020091e        0     1                 
80200920 80200920        0     1                 
80200928 80200928        0     1                 
8020092a 8020092a        0     1                 
80200932 80200932        0     1                 
80200934 80200934        0     1                 
8020093c 8020093c        0     1                 
8020093e 8020093e        0     1                 
80200946 80200946        0     1                 
80200948 80200948        0     1                 
80200950 80200950        0     1                 
80200952 80200952        0     1                 
8020095a 8020095a        0     1                 
8020095c 8020095c        0     1                 
80200964 80200964        0     1                 
80200966 80200966        0     1                 
8020096e 8020096e        0     1                 
80200972 80200972        0     1                 
80200976 80200976        0     1                 
8020097e 8020097e        0     1                 
80200988 80200988        0     1                 
8020098a 8020098a        0     1                 
80200992 80200992        0     1                 
8020099a 8020099a        0     1                 
802009b6 802009b6        0     1                 
802009b6 802009b6        0     1                 
802009b8 802009b8        0     1                 
802009c8 802009c8        0     1                 
802009c8 802009c8        0     1                 
802009d4 802009d4        0     1                 
802009dc 802009dc        0     1                 
802009ec 802009ec        0     1                 
802009ec 802009ec        0     1                 
802009ee 802009ee        0     1                 
802009f2 802009f2        0     1                 
802009f2 802009f2        0     1                 
802009f6 802009f6        0     1                 
802009fa 802009fa        0     1                 
802009fc 802009fc        0     1                 
802009fc 802009fc        0     1                 
80200a04 80200a04        0     1                 
80200a06 80200a06        0     1                 
80200a08 80200a08        0     1                 
80200a10 80200a10        0     1                 
80200a14 80200a14        0     1                 
80200a18 80200a18        0     1                 
80200a34 80200a34        0     1                 
80200a34 80200a34        0     1                 
80200a36 80200a36        0     1                 
80200a44 80200a44        0     1                 
80200a44 80200a44        0     1                 
80200a4c 80200a4c        0     1                 
80200a50 80200a50        0     1                 
80200a54 80200a54        0     1                 
80200a54 80200a54        0     1                 
80200a58 80200a58        0     1                 
80200a5c 80200a5c        0     1                 
80200a60 80200a60        0     1                 
80200a68 80200a68        0     1                 
80200a6a 80200a6a        0     1                 
80200a6a 80200a6a        0     1                 
80200a6e 80200a6e        0     1                 
80200a88 80200a88        0     1                 
80200a96 80200a96        0     1                 
80200a96 80200a96        0     1                 
80200a9a 80200a9a        0     1                 
80200aa8 80200aa8        0     1                 
80200aa8 80200aa8        0     1                 
80200aaa 80200aaa        0     1                 
80200ab2 80200ab2        0     1                 
80200ab6 80200ab6        0     1                 
80200aba 80200aba        0     1                 
80200ac6 80200ac6        0     1                 
80200ad4 80200ad4        0     1                 
80200ad4 80200ad4        0     1                 
80200adc 80200adc        0     1                 
80200ae0 80200ae0        0     1                 
80200ae0 80200ae0        0     1                 
80200ae8 80200ae8        0     1                 
80200aea 80200aea        0     1                 
80200aec 80200aec        0     1                 
80200af4 80200af4        0     1                 
80200af8 80200af8        0     1                 
80200afc 80200afc        0     1                 
80200b18 80200b18        0     1                 
80200b18 80200b18        0     1                 
80200b1a 80200b1a        0     1                 
80200b28 80200b28        0     1                 
80200b28 80200b28        0     1                 
80200b2e 80200b2e        0     1                 
80200b30 80200b30        0     1                 
80200b4c 80200b4c        0     1                 
80200b4c 80200b4c        0     1                 
80200b4e 80200b4e        0     1                 
80200b6a 80200b6a        0     1                 
80200b6a 80200b6a        0     1                 
80200b6c 80200b6c        0     1                 
80200b74 80200b74        0     1                 
80200b80 80200b80        0     1                 
80200b82 80200b82        0     1                 
80200b82 80200b82        0     1                 
80200b8a 80200b8a        0     1                 
80200b8c 80200b8c        0     1                 
80200b8e 80200b8e        0     1                 
80200b96 80200b96        0     1                 
80200b9a 80200b9a        0     1                 
80200b9e 80200b9e        0     1                 
80200bba 80200bba        0     1                 
80200bba 80200bba        0     1                 
80200bbc 80200bbc        0     1                 
80200bca 80200bca        0     1                 
80200bca 80200bca        0     1                 
80200bd2 80200bd2        0     1                 
80200bd6 80200bd6        0     1                 
80200bda 80200bda        0     1                 
80200bda 80200bda        0     1                 
80200bdc 80200bdc        0     1                 
80200be4 80200be4        0     1                 
80200bec 80200bec        0     1                 
80200bee 80200bee        0     1                 
80200bf0 80200bf0        0     1                 
80200bf4 80200bf4        0     1                 
80200bfc 80200bfc        0     1                 
80200c0c 80200c0c        0     1                 
80200c0e 80200c0e        0     1                 
80200c12 80200c12        0     1                 
80200c16 80200c16        0     1                 
80200c36 80200c36        0     1                 
80200c36 80200c36        0     1                 
80200c36 80200c36        0     1                 
80200c36 80200c36        0     1                 
80200c36 80200c36        0     1                 
80200c36 80200c36       10     1                 delay
80200c3e 80200c3e        0     1                 
80200c3e 80200c3e        0     1                 
80200c40 80200c40        0     1                 
80200c42 80200c42        0     1                 
80200c44 80200c44        0     1                 
80200c44 80200c44        0     1                 
80200c46 80200c46        0     1                 
80200c46 80200c46        0     1                 
80200c46 80200c46        0     1                 
80200c46 80200c46        0     1                 
80200c46 80200c46        0     1                 
80200c46 80200c46       c6     1                 kernel_main
80200c48 80200c48        0     1                 
80200c48 80200c48        0     1                 
80200c4a 80200c4a        0     1                 
80200c68 80200c68        0     1                 
80200c68 80200c68        0     1                 
80200c80 80200c80        0     1                 
80200c80 80200c80        0     1                 
80200c9a 80200c9a        0     1                 
80200c9a 80200c9a        0     1                 
80200ca6 80200ca6        0     1                 
80200ca6 80200ca6        0     1                 
80200cae 80200cae        0     1                 
80200cae 80200cae        0     1                 
80200cba 80200cba        0     1                 
80200cba 80200cba        0     1                 
80200cc2 80200cc2        0     1                 
80200cc6 80200cc6        0     1                 
80200cce 80200cce        0     1                 
80200ce6 80200ce6        0     1                 
80200ce6 80200ce6        0     1                 
80200cee 80200cee        0     1                 
80200cee 80200cee        0     1                 
80200d0a 80200d0a        0     1                 
80200d0a 80200d0a        0     1                 
80200d0c 80200d0c        0     1                 
80200d0c 80200d0c        0     1                 
80200d0c 80200d0c      28a     4         /tmp/common-54ddf7.o:(.text)
80200d0c 80200d0c        0     1                 
80200d0c 80200d0c        0     1                 
80200d0c 80200d0c        0     1                 
80200d0c 80200d0c      200     1                 printf
80200d0e 80200d0e        0     1                 
80200d28 80200d28        0     1                 
80200d3a 80200d3a        0     1                 
80200d66 80200d66        0     1                 
80200d6a 80200d6a        0     1                 
80200d6c 80200d6c        0     1                 
80200d70 80200d70        0     1                 
80200d78 80200d78        0     1                 
80200d80 80200d80        0     1                 
80200d80 80200d80        0     1                 
80200d82 80200d82        0     1                 
80200d84 80200d84        0     1                 
80200d88 80200d88        0     1                 
80200d8a 80200d8a        0     1                 
80200d96 80200d96        0     1                 
80200da2 80200da2        0     1                 
80200da6 80200da6        0     1                 
80200da8 80200da8        0     1                 
80200dae 80200dae        0     1                 
80200db6 80200db6        0     1                 
80200db6 80200db6        0     1                 
80200dc0 80200dc0        0     1                 
80200dc0 80200dc0        0     1                 
80200dc4 80200dc4        0     1                 
80200dca 80200dca        0     1                 
80200dd2 80200dd2        0     1                 
80200dd2 80200dd2        0     1                 
80200dd6 80200dd6        0     1                 
80200dd8 80200dd8        0     1                 
80200dde 80200dde        0     1                 
80200de6 80200de6        0     1                 
80200de6 80200de6        0     1                 
80200dea 80200dea        0     1                 
80200dec 80200dec        0     1                 
80200df2 80200df2        0     1                 
80200dfa 80200dfa        0     1                 
80200dfa 80200dfa        0     1                 
80200dfe 80200dfe        0     1                 
80200e00 80200e00        0     1                 
80200e06 80200e06        0     1                 
80200e0e 80200e0e        0     1                 
80200e0e 80200e0e        0     1                 
80200e12 80200e12        0     1                 
80200e14 80200e14        0     1                 
80200e1a 80200e1a        0     1                 
80200e22 80200e22        0     1                 
80200e22 80200e22        0     1                 
80200e26 80200e26        0     1                 
80200e28 80200e28        0     1                 
80200e2e 80200e2e        0     1                 
80200e36 80200e36        0     1                 
80200e36 80200e36        0     1                 
80200e3a 80200e3a        0     1                 
80200e3c 80200e3c        0     1                 
80200e42 80200e42        0     1                 
80200e4a 80200e4a        0     1                 
80200e4a 80200e4a        0     1                 
80200e4e 80200e4e        0     1                 
80200e54 80200e54        0     1                 
80200e54 80200e54        0     1                 
80200e5c 80200e5c        0     1                 
80200e5c 80200e5c        0     1                 
80200e5e 80200e5e        0     1                 
80200e60 80200e60        0     1                 
80200e60 80200e60        0     1                 
80200e6a 80200e6a        0     1                 
80200e6e 80200e6e        0     1                 
80200e76 80200e76        0     1                 
80200e82 80200e82        0     1                 
80200e82 80200e82        0     1                 
80200e86 80200e86        0     1                 
80200e8c 80200e8c        0     1                 
80200e8c 80200e8c        0     1                 
80200e98 80200e98        0     1                 
80200e98 80200e98        0     1                 
80200e9c 80200e9c        0     1                 
80200e9e 80200e9e        0     1                 
80200ea2 80200ea2        0     1                 
80200ea4 80200ea4        0     1                 
80200ea8 80200ea8        0     1                 
80200eac 80200eac        0     1                 
80200eb0 80200eb0        0     1                 
80200eb4 80200eb4        0     1                 
80200eb6 80200eb6        0     1                 
80200eba 80200eba        0     1                 
80200ebe 80200ebe        0     1                 
80200eca 80200eca        0     1                 
80200eca 80200eca        0     1                 
80200ed2 80200ed2        0     1                 
80200ed8 80200ed8        0     1                 
80200edc 80200edc        0     1                 
80200ee2 80200ee2        0     1                 
80200eee 80200eee        0     1                 
80200eee 80200eee        0     1                 
80200f0c 80200f0c        0     1                 
80200f0c 80200f0c        0     1                 
80200f0c 80200f0c        0     1                 
80200f0c 80200f0c        0     1                 
80200f0c 80200f0c        0     1                 
80200f0c 80200f0c        0     1                 
80200f0c 80200f0c       1a     1                 memcpy
80200f0e 80200f0e        0     1                 
80200f10 80200f10        0     1                 
80200f14 80200f14        0     1                 
80200f16 80200f16        0     1                 
80200f18 80200f18        0     1                 
80200f1c 80200f1c        0     1                 
80200f20 80200f20        0     1                 
80200f22 80200f22        0     1                 
80200f24 80200f24        0     1                 
80200f26 80200f26        0     1                 
80200f26 80200f26        0     1                 
80200f26 80200f26        0     1                 
80200f26 80200f26        0     1                 
80200f26 80200f26        0     1                 
80200f26 80200f26        0     1                 
80200f26 80200f26       14     1                 memset
80200f28 80200f28        0     1                 
80200f2a 80200f2a        0     1                 
80200f2c 80200f2c        0     1                 
80200f30 80200f30        0     1                 
80200f34 80200f34        0     1                 
80200f36 80200f36        0     1                 
80200f38 80200f38        0     1                 
80200f3a 80200f3a        0     1                 
80200f3a 80200f3a        0     1                 
80200f3a 80200f3a        0     1                 
80200f3a 80200f3a        0     1                 
80200f3a 80200f3a        0     1                 
80200f3a 80200f3a        0     1                 
80200f3a 80200f3a       24     1                 strcpy
80200f40 80200f40        0     1                 
80200f44 80200f44        0     1                 
80200f46 80200f46        0     1                 
80200f4a 80200f4a        0     1                 
80200f4e 80200f4e        0     1                 
80200f52 80200f52        0     1                 
80200f54 80200f54        0     1                 
80200f56 80200f56        0     1                 
80200f58 80200f58        0     1                 
80200f5c 80200f5c        0     1                 
80200f5e 80200f5e        0     1                 
80200f5e 80200f5e        0     1                 
80200f5e 80200f5e        0     1                 
80200f5e 80200f5e        0     1                 
80200f5e 80200f5e        0     1                 
80200f5e 80200f5e        0     1                 
80200f5e 80200f5e       38     1                 strcmp
80200f62 80200f62        0     1                 
80200f64 80200f64        0     1                 
80200f66 80200f66        0     1                 
80200f6a 80200f6a        0     1                 
80200f78 80200f78        0     1                 
80200f7c 80200f7c        0     1                 
80200f80 80200f80        0     1                 
80200f82 80200f82        0     1                 
80200f86 80200f86        0     1                 
80200f88 80200f88        0     1                 
80200f8c 80200f8c        0     1                 
80200f90 80200f90        0     1                 
80200f94 80200f94        0     1                 
80200f96 80200f96        0     1                 
80200f96 80200f96        0     1                 
80201000 80201000      239  4096 .rodata
80201000 80201000      239     1         <internal>:(.rodata)
80202000 80202000    10460  4096 .data
80202000 80202000    10460     1         shell.bin.o:(.data)
80202000 80202000        0     1                 _binary_shell_bin_start
80212460 80212460        0     1                 _binary_shell_bin_end
80212460 80212460        4     4 .sdata
80212460 80212460        4     4         /tmp/kernel-2bd0c8.o:(.sdata)
80212460 80212460        4     1                 alloc_pages.next_paddr
80213000 80213000    1009c  4096 .bss
80213000 80213000        0     1         __bss = .
80213000 80213000       1c     8         /tmp/kernel-2bd0c8.o:(.sbss)
80213000 80213000        4     1                 current_proc
80213004 80213004        4     1                 blk_request_vq
80213008 80213008        8     1                 blk_capacity
80213010 80213010        4     1                 blk_req_paddr
80213014 80213014        4     1                 blk_req
80213018 80213018        4     1                 idle_proc
8021301c 8021301c    10080     4         /tmp/kernel-2bd0c8.o:(.bss)
8021301c 8021301c    10080     1                 procs
8022309c 8022309c        0     1         __bss_end = .
8022309c 8022309c      f64     1 . = ALIGN ( 4096 )
80224000 80224000    20000     1 . += 128 * 1024
80244000 80244000        0     1 __stack_top = .
80244000 80244000        0     1 . = ALIGN ( 4096 )
80244000 80244000        0     1 __free_ram = .
80244000 80244000  4000000     1 . += 64 * 1024 * 1024
84244000 84244000        0     1 __free_ram_end = .
       0        0      975     1 .debug_loclists
       0        0      72b     1         /tmp/kernel-2bd0c8.o:(.debug_loclists)
       c        c        0     1                 
     72b      72b      24a     1         /tmp/common-54ddf7.o:(.debug_loclists)
     737      737        0     1                 
       0        0      3fe     1 .debug_abbrev
       0        0      2f9     1         /tmp/kernel-2bd0c8.o:(.debug_abbrev)
     2f9      2f9      105     1         /tmp/common-54ddf7.o:(.debug_abbrev)
       0        0     117a     1 .debug_info
       0        0      f59     1         /tmp/kernel-2bd0c8.o:(.debug_info)
     f59      f59      221     1         /tmp/common-54ddf7.o:(.debug_info)
       0        0       f3     1 .debug_rnglists
       0        0       d8     1         /tmp/kernel-2bd0c8.o:(.debug_rnglists)
       c        c        0     1                 
      d8       d8       1b     1         /tmp/common-54ddf7.o:(.debug_rnglists)
      e4       e4        0     1                 
       0        0      2f8     1 .debug_str_offsets
       0        0      264     1         /tmp/kernel-2bd0c8.o:(.debug_str_offsets)
       8        8        0     1                 
     264      264       94     1         /tmp/common-54ddf7.o:(.debug_str_offsets)
     26c      26c        0     1                 
       0        0      501     1 .debug_str
       0        0      501     1         <internal>:(.debug_str)
       0        0      214     1 .debug_addr
       0        0      1b8     1         /tmp/kernel-2bd0c8.o:(.debug_addr)
       8        8        0     1                 
     1b8      1b8       5c     1         /tmp/common-54ddf7.o:(.debug_addr)
     1c0      1c0        0     1                 
       0        0       42     1 .comment
       0        0       42     1         <internal>:(.comment)
       0        0       2b     1 .riscv.attributes
       0        0       2b     1         /tmp/kernel-2bd0c8.o:(.riscv.attributes)
       0        0      258     4 .debug_frame
       0        0      1d4     4         /tmp/kernel-2bd0c8.o:(.debug_frame)
       0        0        0     1                 
     1d4      1d4       84     4         /tmp/common-54ddf7.o:(.debug_frame)
     1d4      1d4        0     1                 
       0        0     12d6     1 .debug_line
       0        0      e76     1         /tmp/kernel-2bd0c8.o:(.debug_line)
       0        0        0     1                 .Lline_table_start0
     e76      e76      460     1         /tmp/common-54ddf7.o:(.debug_line)
     e76      e76        0     1                 .Lline_table_start0
       0        0       39     1 .debug_line_str
       0        0       39     1         <internal>:(.debug_line_str)
       0        0     4120     4 .symtab
       0        0     4120     4         <internal>:(.symtab)
       0        0       e3     1 .shstrtab
       0        0       e3     1         <internal>:(.shstrtab)
       0        0      255     1 .strtab
       0        0      255     1         <internal>:(.strtab)
