     VMA      LMA     Size Align Out     In      Symbol
       0        0 80200000     1 . = 0x80200000
80200000        0        0     1 __kernel_base = .
80200000 80200000      a82     4 .text
80200000 80200000        e     2         /tmp/kernel-cb928d.o:(.text.boot)
80200000 80200000        0     1                 
80200000 80200000        0     1                 
80200000 80200000        0     1                 
80200000 80200000        0     1                 
80200000 80200000        e     1                 boot
8020000e 8020000e        0     1                 
8020000e 8020000e        0     1                 
80200010 80200010      7e8     4         /tmp/kernel-cb928d.o:(.text)
80200010 80200010        0     1                 
80200010 80200010        0     1                 
80200010 80200010        0     1                 
80200010 80200010       14     1                 user_entry
80200018 80200018        0     1                 
80200024 80200024        0     1                 
80200024 80200024        0     1                 
80200024 80200024        0     1                 
80200024 80200024        0     1                 
80200024 80200024        0     1                 
80200024 80200024       5a     1                 alloc_pages
80200026 80200026        0     1                 
80200026 80200026        0     1                 
8020002a 8020002a        0     1                 
80200032 80200032        0     1                 
80200036 80200036        0     1                 
8020003a 8020003a        0     1                 
80200042 80200042        0     1                 
80200046 80200046        0     1                 
8020004a 8020004a        0     1                 
80200066 80200066        0     1                 
80200066 80200066        0     1                 
80200068 80200068        0     1                 
80200074 80200074        0     1                 
80200074 80200074        0     1                 
8020007e 8020007e        0     1                 
8020007e 8020007e        0     1                 
8020007e 8020007e        0     1                 
8020007e 8020007e        0     1                 
8020007e 8020007e        0     1                 
8020007e 8020007e        0     1                 
8020007e 8020007e        6     1                 sbi_call
80200082 80200082        0     1                 
80200084 80200084        0     1                 
80200084 80200084        0     1                 
80200084 80200084        0     1                 
80200084 80200084        0     1                 
80200084 80200084        0     1                 
80200084 80200084        0     1                 
80200084 80200084       14     1                 putchar
80200096 80200096        0     1                 
80200096 80200096        0     1                 
80200098 80200098        0     1                 
80200098 80200098        0     1                 
80200098 80200098        0     1                 
80200098 80200098        0     1                 
80200098 80200098        0     1                 
80200098 80200098       10     1                 delay
802000a0 802000a0        0     1                 
802000a0 802000a0        0     1                 
802000a2 802000a2        0     1                 
802000a4 802000a4        0     1                 
802000a6 802000a6        0     1                 
802000a6 802000a6        0     1                 
802000a8 802000a8        0     1                 
802000a8 802000a8        0     1                 
802000a8 802000a8        0     1                 
802000a8 802000a8        0     1                 
802000a8 802000a8        0     1                 
802000a8 802000a8        0     1                 
802000a8 802000a8       f0     1                 kernel_entry
80200198 80200198        0     1                 
80200198 80200198        0     1                 
80200198 80200198        0     1                 
80200198 80200198        0     1                 
80200198 80200198        0     1                 
80200198 80200198      10c     1                 map_page
8020019a 8020019a        0     1                 
802001a8 802001a8        0     1                 
802001ae 802001ae        0     1                 
802001b4 802001b4        0     1                 
802001b6 802001b6        0     1                 
802001d2 802001d2        0     1                 
802001d2 802001d2        0     1                 
802001d4 802001d4        0     1                 
802001d6 802001d6        0     1                 
802001da 802001da        0     1                 
802001dc 802001dc        0     1                 
802001f8 802001f8        0     1                 
802001f8 802001f8        0     1                 
802001fa 802001fa        0     1                 
802001fc 802001fc        0     1                 
80200200 80200200        0     1                 
80200202 80200202        0     1                 
8020020a 8020020a        0     1                 
8020020e 8020020e        0     1                 
80200216 80200216        0     1                 
80200218 80200218        0     1                 
80200218 80200218        0     1                 
80200220 80200220        0     1                 
80200222 80200222        0     1                 
80200224 80200224        0     1                 
8020022c 8020022c        0     1                 
80200230 80200230        0     1                 
80200234 80200234        0     1                 
80200250 80200250        0     1                 
80200250 80200250        0     1                 
80200252 80200252        0     1                 
80200260 80200260        0     1                 
80200260 80200260        0     1                 
80200268 80200268        0     1                 
8020026c 8020026c        0     1                 
80200270 80200270        0     1                 
80200270 80200270        0     1                 
80200274 80200274        0     1                 
8020027c 8020027c        0     1                 
80200284 80200284        0     1                 
80200290 80200290        0     1                 
80200292 80200292        0     1                 
802002a4 802002a4        0     1                 
802002a4 802002a4        0     1                 
802002a4 802002a4        0     1                 
802002a4 802002a4        0     1                 
802002a4 802002a4        0     1                 
802002a4 802002a4       2e     1                 handle_trap
802002a6 802002a6        0     1                 
802002a6 802002a6        0     1                 
802002a6 802002a6        0     1                 
802002a8 802002a8        0     1                 
802002ac 802002ac        0     1                 
802002ac 802002ac        0     1                 
802002b0 802002b0        0     1                 
802002b0 802002b0        0     1                 
802002b4 802002b4        0     1                 
802002b4 802002b4        0     1                 
802002d0 802002d0        0     1                 
802002d0 802002d0        0     1                 
802002d2 802002d2        0     1                 
802002d2 802002d2        0     1                 
802002d2 802002d2        0     1                 
802002d2 802002d2        0     1                 
802002d2 802002d2        0     1                 
802002d2 802002d2        0     1                 
802002d2 802002d2       46     1                 switch_context
80200318 80200318        0     1                 
80200318 80200318        0     1                 
80200318 80200318        0     1                 
80200318 80200318        0     1                 
80200318 80200318        0     1                 
80200318 80200318      204     1                 create_process
8020031a 8020031a        0     1                 
8020032a 8020032a        0     1                 
80200332 80200332        0     1                 
80200334 80200334        0     1                 
80200336 80200336        0     1                 
8020033c 8020033c        0     1                 
8020033e 8020033e        0     1                 
80200340 80200340        0     1                 
80200350 80200350        0     1                 
80200352 80200352        0     1                 
80200354 80200354        0     1                 
8020035c 8020035c        0     1                 
8020035e 8020035e        0     1                 
80200360 80200360        0     1                 
80200370 80200370        0     1                 
80200372 80200372        0     1                 
80200374 80200374        0     1                 
8020037c 8020037c        0     1                 
8020037e 8020037e        0     1                 
80200380 80200380        0     1                 
80200390 80200390        0     1                 
80200392 80200392        0     1                 
80200394 80200394        0     1                 
8020039c 8020039c        0     1                 
8020039e 8020039e        0     1                 
802003a0 802003a0        0     1                 
802003bc 802003bc        0     1                 
802003bc 802003bc        0     1                 
802003be 802003be        0     1                 
802003e2 802003e2        0     1                 
802003ea 802003ea        0     1                 
802003ee 802003ee        0     1                 
802003f0 802003f0        0     1                 
802003f8 802003f8        0     1                 
802003fa 802003fa        0     1                 
80200402 80200402        0     1                 
80200404 80200404        0     1                 
80200408 80200408        0     1                 
8020040c 8020040c        0     1                 
80200414 80200414        0     1                 
80200416 80200416        0     1                 
8020041e 8020041e        0     1                 
80200420 80200420        0     1                 
80200428 80200428        0     1                 
8020042a 8020042a        0     1                 
80200432 80200432        0     1                 
80200434 80200434        0     1                 
8020043c 8020043c        0     1                 
8020043e 8020043e        0     1                 
80200446 80200446        0     1                 
80200448 80200448        0     1                 
80200450 80200450        0     1                 
80200452 80200452        0     1                 
8020045a 8020045a        0     1                 
8020045c 8020045c        0     1                 
80200464 80200464        0     1                 
8020046c 8020046c        0     1                 
80200470 80200470        0     1                 
80200476 80200476        0     1                 
80200478 80200478        0     1                 
80200480 80200480        0     1                 
80200488 80200488        0     1                 
802004a4 802004a4        0     1                 
802004a4 802004a4        0     1                 
802004a6 802004a6        0     1                 
802004b6 802004b6        0     1                 
802004b6 802004b6        0     1                 
802004c2 802004c2        0     1                 
802004ca 802004ca        0     1                 
802004da 802004da        0     1                 
802004da 802004da        0     1                 
802004dc 802004dc        0     1                 
802004e0 802004e0        0     1                 
802004e0 802004e0        0     1                 
802004e4 802004e4        0     1                 
802004ec 802004ec        0     1                 
802004fc 802004fc        0     1                 
802004fe 802004fe        0     1                 
80200502 80200502        0     1                 
80200506 80200506        0     1                 
8020051c 8020051c        0     1                 
8020051c 8020051c        0     1                 
8020051c 8020051c        0     1                 
8020051c 8020051c        0     1                 
8020051c 8020051c        0     1                 
8020051c 8020051c      1b0     1                 yield
80200528 80200528        0     1                 
8020052c 8020052c        0     1                 
8020053e 8020053e        0     1                 
8020054c 8020054c        0     1                 
8020054e 8020054e        0     1                 
80200552 80200552        0     1                 
80200554 80200554        0     1                 
80200558 80200558        0     1                 
8020055a 8020055a        0     1                 
8020055e 8020055e        0     1                 
80200562 80200562        0     1                 
8020056e 8020056e        0     1                 
80200576 80200576        0     1                 
80200578 80200578        0     1                 
8020057c 8020057c        0     1                 
8020057e 8020057e        0     1                 
80200582 80200582        0     1                 
80200586 80200586        0     1                 
80200598 80200598        0     1                 
802005a8 802005a8        0     1                 
802005ac 802005ac        0     1                 
802005b0 802005b0        0     1                 
802005b2 802005b2        0     1                 
802005b6 802005b6        0     1                 
802005ba 802005ba        0     1                 
802005c6 802005c6        0     1                 
802005ce 802005ce        0     1                 
802005d0 802005d0        0     1                 
802005d4 802005d4        0     1                 
802005d6 802005d6        0     1                 
802005da 802005da        0     1                 
802005de 802005de        0     1                 
802005f0 802005f0        0     1                 
80200600 80200600        0     1                 
80200604 80200604        0     1                 
80200608 80200608        0     1                 
8020060a 8020060a        0     1                 
8020060e 8020060e        0     1                 
80200612 80200612        0     1                 
8020061e 8020061e        0     1                 
80200626 80200626        0     1                 
80200628 80200628        0     1                 
8020062c 8020062c        0     1                 
8020062e 8020062e        0     1                 
80200632 80200632        0     1                 
80200636 80200636        0     1                 
80200648 80200648        0     1                 
80200658 80200658        0     1                 
8020065c 8020065c        0     1                 
80200660 80200660        0     1                 
80200662 80200662        0     1                 
80200666 80200666        0     1                 
8020066a 8020066a        0     1                 
80200676 80200676        0     1                 
8020067e 8020067e        0     1                 
80200680 80200680        0     1                 
80200684 80200684        0     1                 
80200686 80200686        0     1                 
8020068a 8020068a        0     1                 
8020068c 8020068c        0     1                 
80200690 80200690        0     1                 
80200692 80200692        0     1                 
80200698 80200698        0     1                 
8020069e 8020069e        0     1                 
802006a0 802006a0        0     1                 
802006b0 802006b0        0     1                 
802006b8 802006b8        0     1                 
802006ba 802006ba        0     1                 
802006be 802006be        0     1                 
802006c2 802006c2        0     1                 
802006c2 802006c2        0     1                 
802006ca 802006ca        0     1                 
802006cc 802006cc        0     1                 
802006cc 802006cc        0     1                 
802006cc 802006cc        0     1                 
802006cc 802006cc        0     1                 
802006cc 802006cc        0     1                 
802006cc 802006cc       34     1                 proc_a_entry
802006ce 802006ce        0     1                 
802006ce 802006ce        0     1                 
802006d0 802006d0        0     1                 
802006e0 802006e0        0     1                 
802006e0 802006e0        0     1                 
802006f6 802006f6        0     1                 
802006f6 802006f6        0     1                 
802006fe 802006fe        0     1                 
802006fe 802006fe        0     1                 
80200700 80200700        0     1                 
80200700 80200700        0     1                 
80200700 80200700        0     1                 
80200700 80200700        0     1                 
80200700 80200700        0     1                 
80200700 80200700       34     1                 proc_b_entry
80200702 80200702        0     1                 
80200702 80200702        0     1                 
80200704 80200704        0     1                 
80200714 80200714        0     1                 
80200714 80200714        0     1                 
8020072a 8020072a        0     1                 
8020072a 8020072a        0     1                 
80200732 80200732        0     1                 
80200732 80200732        0     1                 
80200734 80200734        0     1                 
80200734 80200734        0     1                 
80200734 80200734        0     1                 
80200734 80200734        0     1                 
80200734 80200734        0     1                 
80200734 80200734       c4     1                 kernel_main
80200736 80200736        0     1                 
80200736 80200736        0     1                 
80200738 80200738        0     1                 
80200756 80200756        0     1                 
80200756 80200756        0     1                 
8020076e 8020076e        0     1                 
8020076e 8020076e        0     1                 
80200788 80200788        0     1                 
80200788 80200788        0     1                 
80200794 80200794        0     1                 
80200794 80200794        0     1                 
8020079e 8020079e        0     1                 
8020079e 8020079e        0     1                 
802007a6 802007a6        0     1                 
802007aa 802007aa        0     1                 
802007b2 802007b2        0     1                 
802007c2 802007c2        0     1                 
802007c2 802007c2        0     1                 
802007d2 802007d2        0     1                 
802007d2 802007d2        0     1                 
802007da 802007da        0     1                 
802007da 802007da        0     1                 
802007f6 802007f6        0     1                 
802007f6 802007f6        0     1                 
802007f8 802007f8        0     1                 
802007f8 802007f8        0     1                 
802007f8 802007f8      28a     4         /tmp/common-2aba99.o:(.text)
802007f8 802007f8        0     1                 
802007f8 802007f8        0     1                 
802007f8 802007f8        0     1                 
802007f8 802007f8      200     1                 printf
802007fa 802007fa        0     1                 
80200814 80200814        0     1                 
80200826 80200826        0     1                 
80200852 80200852        0     1                 
80200856 80200856        0     1                 
80200858 80200858        0     1                 
8020085c 8020085c        0     1                 
80200864 80200864        0     1                 
8020086c 8020086c        0     1                 
8020086c 8020086c        0     1                 
8020086e 8020086e        0     1                 
80200870 80200870        0     1                 
80200874 80200874        0     1                 
80200876 80200876        0     1                 
80200882 80200882        0     1                 
8020088e 8020088e        0     1                 
80200892 80200892        0     1                 
80200894 80200894        0     1                 
8020089a 8020089a        0     1                 
802008a2 802008a2        0     1                 
802008a2 802008a2        0     1                 
802008ac 802008ac        0     1                 
802008ac 802008ac        0     1                 
802008b0 802008b0        0     1                 
802008b6 802008b6        0     1                 
802008be 802008be        0     1                 
802008be 802008be        0     1                 
802008c2 802008c2        0     1                 
802008c4 802008c4        0     1                 
802008ca 802008ca        0     1                 
802008d2 802008d2        0     1                 
802008d2 802008d2        0     1                 
802008d6 802008d6        0     1                 
802008d8 802008d8        0     1                 
802008de 802008de        0     1                 
802008e6 802008e6        0     1                 
802008e6 802008e6        0     1                 
802008ea 802008ea        0     1                 
802008ec 802008ec        0     1                 
802008f2 802008f2        0     1                 
802008fa 802008fa        0     1                 
802008fa 802008fa        0     1                 
802008fe 802008fe        0     1                 
80200900 80200900        0     1                 
80200906 80200906        0     1                 
8020090e 8020090e        0     1                 
8020090e 8020090e        0     1                 
80200912 80200912        0     1                 
80200914 80200914        0     1                 
8020091a 8020091a        0     1                 
80200922 80200922        0     1                 
80200922 80200922        0     1                 
80200926 80200926        0     1                 
80200928 80200928        0     1                 
8020092e 8020092e        0     1                 
80200936 80200936        0     1                 
80200936 80200936        0     1                 
8020093a 8020093a        0     1                 
80200940 80200940        0     1                 
80200940 80200940        0     1                 
80200948 80200948        0     1                 
80200948 80200948        0     1                 
8020094a 8020094a        0     1                 
8020094c 8020094c        0     1                 
8020094c 8020094c        0     1                 
80200956 80200956        0     1                 
8020095a 8020095a        0     1                 
80200962 80200962        0     1                 
8020096e 8020096e        0     1                 
8020096e 8020096e        0     1                 
80200972 80200972        0     1                 
80200978 80200978        0     1                 
80200978 80200978        0     1                 
80200984 80200984        0     1                 
80200984 80200984        0     1                 
80200988 80200988        0     1                 
8020098a 8020098a        0     1                 
8020098e 8020098e        0     1                 
80200990 80200990        0     1                 
80200994 80200994        0     1                 
80200998 80200998        0     1                 
8020099c 8020099c        0     1                 
802009a0 802009a0        0     1                 
802009a2 802009a2        0     1                 
802009a6 802009a6        0     1                 
802009aa 802009aa        0     1                 
802009b6 802009b6        0     1                 
802009b6 802009b6        0     1                 
802009be 802009be        0     1                 
802009c4 802009c4        0     1                 
802009c8 802009c8        0     1                 
802009ce 802009ce        0     1                 
802009da 802009da        0     1                 
802009da 802009da        0     1                 
802009f8 802009f8        0     1                 
802009f8 802009f8        0     1                 
802009f8 802009f8        0     1                 
802009f8 802009f8        0     1                 
802009f8 802009f8        0     1                 
802009f8 802009f8        0     1                 
802009f8 802009f8       1a     1                 memcpy
802009fa 802009fa        0     1                 
802009fc 802009fc        0     1                 
80200a00 80200a00        0     1                 
80200a02 80200a02        0     1                 
80200a04 80200a04        0     1                 
80200a08 80200a08        0     1                 
80200a0c 80200a0c        0     1                 
80200a0e 80200a0e        0     1                 
80200a10 80200a10        0     1                 
80200a12 80200a12        0     1                 
80200a12 80200a12        0     1                 
80200a12 80200a12        0     1                 
80200a12 80200a12        0     1                 
80200a12 80200a12        0     1                 
80200a12 80200a12        0     1                 
80200a12 80200a12       14     1                 memset
80200a14 80200a14        0     1                 
80200a16 80200a16        0     1                 
80200a18 80200a18        0     1                 
80200a1c 80200a1c        0     1                 
80200a20 80200a20        0     1                 
80200a22 80200a22        0     1                 
80200a24 80200a24        0     1                 
80200a26 80200a26        0     1                 
80200a26 80200a26        0     1                 
80200a26 80200a26        0     1                 
80200a26 80200a26        0     1                 
80200a26 80200a26        0     1                 
80200a26 80200a26        0     1                 
80200a26 80200a26       24     1                 strcpy
80200a2c 80200a2c        0     1                 
80200a30 80200a30        0     1                 
80200a32 80200a32        0     1                 
80200a36 80200a36        0     1                 
80200a3a 80200a3a        0     1                 
80200a3e 80200a3e        0     1                 
80200a40 80200a40        0     1                 
80200a42 80200a42        0     1                 
80200a44 80200a44        0     1                 
80200a48 80200a48        0     1                 
80200a4a 80200a4a        0     1                 
80200a4a 80200a4a        0     1                 
80200a4a 80200a4a        0     1                 
80200a4a 80200a4a        0     1                 
80200a4a 80200a4a        0     1                 
80200a4a 80200a4a        0     1                 
80200a4a 80200a4a       38     1                 strcmp
80200a4e 80200a4e        0     1                 
80200a50 80200a50        0     1                 
80200a52 80200a52        0     1                 
80200a56 80200a56        0     1                 
80200a64 80200a64        0     1                 
80200a68 80200a68        0     1                 
80200a6c 80200a6c        0     1                 
80200a6e 80200a6e        0     1                 
80200a72 80200a72        0     1                 
80200a74 80200a74        0     1                 
80200a78 80200a78        0     1                 
80200a7c 80200a7c        0     1                 
80200a80 80200a80        0     1                 
80200a82 80200a82        0     1                 
80200a82 80200a82        0     1                 
80200a84 80200a84      16d     4 .rodata
80200a84 80200a84      16d     1         <internal>:(.rodata)
80200bf4 80200bf4    102d0     4 .data
80200bf4 80200bf4    102d0     1         shell.bin.o:(.data)
80200bf4 80200bf4        0     1                 _binary_shell_bin_start
80210ec4 80210ec4        0     1                 _binary_shell_bin_end
80210ec4 80210ec4        4     4 .sdata
80210ec4 80210ec4        4     4         /tmp/kernel-cb928d.o:(.sdata)
80210ec4 80210ec4        4     1                 alloc_pages.next_paddr
80210ec8 80210ec8    10088     4 .bss
80210ec8 80210ec8        0     1         __bss = .
80210ec8 80210ec8    10080     4         /tmp/kernel-cb928d.o:(.bss)
80210ec8 80210ec8    10080     1                 procs
80220f48 80220f48        8     4         /tmp/kernel-cb928d.o:(.sbss)
80220f48 80220f48        4     1                 idle_proc
80220f4c 80220f4c        4     1                 current_proc
80220f50 80220f50        0     1         __bss_end = .
80220f50 80220f50        0     1 . = ALIGN ( 4 )
80220f50 80220f50    20000     1 . += 128 * 1024
80240f50 80240f50        0     1 __stack_top = .
80240f50 80240f50       b0     1 . = ALIGN ( 4096 )
80241000 80241000        0     1 __free_ram = .
80241000 80241000  4000000     1 . += 64 * 1024 * 1024
84241000 84241000        0     1 __free_ram_end = .
       0        0      5fa     1 .debug_loclists
       0        0      3b0     1         /tmp/kernel-cb928d.o:(.debug_loclists)
       c        c        0     1                 
     3b0      3b0      24a     1         /tmp/common-2aba99.o:(.debug_loclists)
     3bc      3bc        0     1                 
       0        0      382     1 .debug_abbrev
       0        0      27d     1         /tmp/kernel-cb928d.o:(.debug_abbrev)
     27d      27d      105     1         /tmp/common-2aba99.o:(.debug_abbrev)
       0        0      9e6     1 .debug_info
       0        0      7c5     1         /tmp/kernel-cb928d.o:(.debug_info)
     7c5      7c5      221     1         /tmp/common-2aba99.o:(.debug_info)
       0        0       66     1 .debug_rnglists
       0        0       4b     1         /tmp/kernel-cb928d.o:(.debug_rnglists)
       c        c        0     1                 
      4b       4b       1b     1         /tmp/common-2aba99.o:(.debug_rnglists)
      57       57        0     1                 
       0        0      23c     1 .debug_str_offsets
       0        0      1a8     1         /tmp/kernel-cb928d.o:(.debug_str_offsets)
       8        8        0     1                 
     1a8      1a8       94     1         /tmp/common-2aba99.o:(.debug_str_offsets)
     1b0      1b0        0     1                 
       0        0      324     1 .debug_str
       0        0      324     1         <internal>:(.debug_str)
       0        0      124     1 .debug_addr
       0        0       c8     1         /tmp/kernel-cb928d.o:(.debug_addr)
       8        8        0     1                 
      c8       c8       5c     1         /tmp/common-2aba99.o:(.debug_addr)
      d0       d0        0     1                 
       0        0       42     1 .comment
       0        0       42     1         <internal>:(.comment)
       0        0       2b     1 .riscv.attributes
       0        0       2b     1         /tmp/kernel-cb928d.o:(.riscv.attributes)
       0        0      1d8     4 .debug_frame
       0        0      154     4         /tmp/kernel-cb928d.o:(.debug_frame)
       0        0        0     1                 
     154      154       84     4         /tmp/common-2aba99.o:(.debug_frame)
     154      154        0     1                 
       0        0      cbd     1 .debug_line
       0        0      85d     1         /tmp/kernel-cb928d.o:(.debug_line)
       0        0        0     1                 .Lline_table_start0
     85d      85d      460     1         /tmp/common-2aba99.o:(.debug_line)
     85d      85d        0     1                 .Lline_table_start0
       0        0       39     1 .debug_line_str
       0        0       39     1         <internal>:(.debug_line_str)
       0        0     2bd0     4 .symtab
       0        0     2bd0     4         <internal>:(.symtab)
       0        0       e3     1 .shstrtab
       0        0       e3     1         <internal>:(.shstrtab)
       0        0      1ba     1 .strtab
       0        0      1ba     1         <internal>:(.strtab)
