     VMA      LMA     Size Align Out     In      Symbol
       0        0 80200000     1 . = 0x80200000
80200000 80200000      8c2     4 .text
80200000 80200000        e     2         /tmp/kernel-77b120.o:(.text.boot)
80200000 80200000        0     1                 
80200000 80200000        0     1                 
80200000 80200000        0     1                 
80200000 80200000        0     1                 
80200000 80200000        e     1                 boot
8020000e 8020000e        0     1                 
8020000e 8020000e        0     1                 
80200010 80200010      626     4         /tmp/kernel-77b120.o:(.text)
80200010 80200010        0     1                 
80200010 80200010        0     1                 
80200010 80200010        0     1                 
80200010 80200010       58     1                 alloc_pages
80200012 80200012        0     1                 
80200012 80200012        0     1                 
80200016 80200016        0     1                 
8020001e 8020001e        0     1                 
80200022 80200022        0     1                 
80200026 80200026        0     1                 
8020002e 8020002e        0     1                 
80200032 80200032        0     1                 
80200036 80200036        0     1                 
80200050 80200050        0     1                 
80200050 80200050        0     1                 
80200052 80200052        0     1                 
8020005e 8020005e        0     1                 
8020005e 8020005e        0     1                 
80200068 80200068        0     1                 
80200068 80200068        0     1                 
80200068 80200068        0     1                 
80200068 80200068        0     1                 
80200068 80200068        0     1                 
80200068 80200068        0     1                 
80200068 80200068        6     1                 sbi_call
8020006c 8020006c        0     1                 
8020006e 8020006e        0     1                 
8020006e 8020006e        0     1                 
8020006e 8020006e        0     1                 
8020006e 8020006e        0     1                 
8020006e 8020006e        0     1                 
8020006e 8020006e        0     1                 
8020006e 8020006e       14     1                 putchar
80200080 80200080        0     1                 
80200080 80200080        0     1                 
80200082 80200082        0     1                 
80200082 80200082        0     1                 
80200082 80200082        0     1                 
80200082 80200082        0     1                 
80200082 80200082        0     1                 
80200082 80200082       10     1                 delay
8020008a 8020008a        0     1                 
8020008a 8020008a        0     1                 
8020008c 8020008c        0     1                 
8020008e 8020008e        0     1                 
80200090 80200090        0     1                 
80200090 80200090        0     1                 
80200092 80200092        0     1                 
80200092 80200092        0     1                 
80200094 80200094        0     1                 
80200094 80200094        0     1                 
80200094 80200094        0     1                 
80200094 80200094        0     1                 
80200094 80200094       f0     1                 kernel_entry
80200184 80200184        0     1                 
80200184 80200184        0     1                 
80200184 80200184        0     1                 
80200184 80200184        0     1                 
80200184 80200184        0     1                 
80200184 80200184       2e     1                 handle_trap
80200186 80200186        0     1                 
80200186 80200186        0     1                 
80200186 80200186        0     1                 
80200188 80200188        0     1                 
8020018c 8020018c        0     1                 
8020018c 8020018c        0     1                 
80200190 80200190        0     1                 
80200190 80200190        0     1                 
80200194 80200194        0     1                 
80200194 80200194        0     1                 
802001b0 802001b0        0     1                 
802001b0 802001b0        0     1                 
802001b2 802001b2        0     1                 
802001b2 802001b2        0     1                 
802001b2 802001b2        0     1                 
802001b2 802001b2        0     1                 
802001b2 802001b2        0     1                 
802001b2 802001b2        0     1                 
802001b2 802001b2       46     1                 switch_context
802001f8 802001f8        0     1                 
802001f8 802001f8        0     1                 
802001f8 802001f8        0     1                 
802001f8 802001f8        0     1                 
802001f8 802001f8        0     1                 
802001f8 802001f8      154     1                 create_process
802001fa 802001fa        0     1                 
802001fc 802001fc        0     1                 
80200204 80200204        0     1                 
80200206 80200206        0     1                 
80200208 80200208        0     1                 
8020020e 8020020e        0     1                 
80200210 80200210        0     1                 
80200212 80200212        0     1                 
80200222 80200222        0     1                 
80200224 80200224        0     1                 
80200226 80200226        0     1                 
8020022e 8020022e        0     1                 
80200230 80200230        0     1                 
80200232 80200232        0     1                 
80200242 80200242        0     1                 
80200244 80200244        0     1                 
80200246 80200246        0     1                 
8020024e 8020024e        0     1                 
80200250 80200250        0     1                 
80200252 80200252        0     1                 
80200262 80200262        0     1                 
80200264 80200264        0     1                 
80200266 80200266        0     1                 
8020026e 8020026e        0     1                 
80200270 80200270        0     1                 
80200272 80200272        0     1                 
8020028e 8020028e        0     1                 
8020028e 8020028e        0     1                 
80200290 80200290        0     1                 
802002b4 802002b4        0     1                 
802002ba 802002ba        0     1                 
802002be 802002be        0     1                 
802002c0 802002c0        0     1                 
802002c8 802002c8        0     1                 
802002ca 802002ca        0     1                 
802002ce 802002ce        0     1                 
802002d2 802002d2        0     1                 
802002da 802002da        0     1                 
802002dc 802002dc        0     1                 
802002e4 802002e4        0     1                 
802002e6 802002e6        0     1                 
802002ee 802002ee        0     1                 
802002f0 802002f0        0     1                 
802002f8 802002f8        0     1                 
802002fa 802002fa        0     1                 
80200302 80200302        0     1                 
80200304 80200304        0     1                 
8020030c 8020030c        0     1                 
8020030e 8020030e        0     1                 
80200316 80200316        0     1                 
80200318 80200318        0     1                 
80200320 80200320        0     1                 
80200322 80200322        0     1                 
8020032a 8020032a        0     1                 
8020032c 8020032c        0     1                 
80200334 80200334        0     1                 
80200336 80200336        0     1                 
80200338 80200338        0     1                 
8020033c 8020033c        0     1                 
80200340 80200340        0     1                 
80200342 80200342        0     1                 
80200344 80200344        0     1                 
8020034c 8020034c        0     1                 
8020034c 8020034c        0     1                 
8020034c 8020034c        0     1                 
8020034c 8020034c        0     1                 
8020034c 8020034c        0     1                 
8020034c 8020034c      19a     1                 yield
80200358 80200358        0     1                 
8020035c 8020035c        0     1                 
8020036e 8020036e        0     1                 
8020037c 8020037c        0     1                 
8020037e 8020037e        0     1                 
80200382 80200382        0     1                 
80200384 80200384        0     1                 
80200388 80200388        0     1                 
8020038a 8020038a        0     1                 
8020038e 8020038e        0     1                 
80200392 80200392        0     1                 
8020039e 8020039e        0     1                 
802003a6 802003a6        0     1                 
802003a8 802003a8        0     1                 
802003ac 802003ac        0     1                 
802003ae 802003ae        0     1                 
802003b2 802003b2        0     1                 
802003b6 802003b6        0     1                 
802003c8 802003c8        0     1                 
802003d8 802003d8        0     1                 
802003dc 802003dc        0     1                 
802003e0 802003e0        0     1                 
802003e2 802003e2        0     1                 
802003e6 802003e6        0     1                 
802003ea 802003ea        0     1                 
802003f6 802003f6        0     1                 
802003fe 802003fe        0     1                 
80200400 80200400        0     1                 
80200404 80200404        0     1                 
80200406 80200406        0     1                 
8020040a 8020040a        0     1                 
8020040e 8020040e        0     1                 
80200420 80200420        0     1                 
80200430 80200430        0     1                 
80200434 80200434        0     1                 
80200438 80200438        0     1                 
8020043a 8020043a        0     1                 
8020043e 8020043e        0     1                 
80200442 80200442        0     1                 
8020044e 8020044e        0     1                 
80200456 80200456        0     1                 
80200458 80200458        0     1                 
8020045c 8020045c        0     1                 
8020045e 8020045e        0     1                 
80200462 80200462        0     1                 
80200466 80200466        0     1                 
80200478 80200478        0     1                 
80200488 80200488        0     1                 
8020048c 8020048c        0     1                 
80200490 80200490        0     1                 
80200492 80200492        0     1                 
80200496 80200496        0     1                 
8020049a 8020049a        0     1                 
802004a6 802004a6        0     1                 
802004ae 802004ae        0     1                 
802004b0 802004b0        0     1                 
802004b4 802004b4        0     1                 
802004b6 802004b6        0     1                 
802004ba 802004ba        0     1                 
802004bc 802004bc        0     1                 
802004c0 802004c0        0     1                 
802004c4 802004c4        0     1                 
802004c6 802004c6        0     1                 
802004ca 802004ca        0     1                 
802004d2 802004d2        0     1                 
802004d4 802004d4        0     1                 
802004d8 802004d8        0     1                 
802004dc 802004dc        0     1                 
802004dc 802004dc        0     1                 
802004e4 802004e4        0     1                 
802004e6 802004e6        0     1                 
802004e6 802004e6        0     1                 
802004e6 802004e6        0     1                 
802004e6 802004e6        0     1                 
802004e6 802004e6        0     1                 
802004e6 802004e6       46     1                 proc_a_entry
802004e8 802004e8        0     1                 
802004e8 802004e8        0     1                 
802004ec 802004ec        0     1                 
802004fc 802004fc        0     1                 
802004fc 802004fc        0     1                 
80200504 80200504        0     1                 
80200504 80200504        0     1                 
8020051a 8020051a        0     1                 
8020051a 8020051a        0     1                 
80200522 80200522        0     1                 
80200522 80200522        0     1                 
80200524 80200524        0     1                 
80200524 80200524        0     1                 
80200526 80200526        0     1                 
80200528 80200528        0     1                 
8020052c 8020052c        0     1                 
8020052c 8020052c        0     1                 
8020052c 8020052c        0     1                 
8020052c 8020052c        0     1                 
8020052c 8020052c        0     1                 
8020052c 8020052c        0     1                 
8020052c 8020052c       46     1                 proc_b_entry
8020052e 8020052e        0     1                 
8020052e 8020052e        0     1                 
80200532 80200532        0     1                 
80200542 80200542        0     1                 
80200542 80200542        0     1                 
8020054a 8020054a        0     1                 
8020054a 8020054a        0     1                 
80200560 80200560        0     1                 
80200560 80200560        0     1                 
80200568 80200568        0     1                 
80200568 80200568        0     1                 
8020056a 8020056a        0     1                 
8020056a 8020056a        0     1                 
8020056c 8020056c        0     1                 
8020056e 8020056e        0     1                 
80200572 80200572        0     1                 
80200572 80200572        0     1                 
80200572 80200572        0     1                 
80200572 80200572        0     1                 
80200572 80200572        0     1                 
80200572 80200572        0     1                 
80200572 80200572       c4     1                 kernel_main
80200574 80200574        0     1                 
80200574 80200574        0     1                 
80200576 80200576        0     1                 
80200594 80200594        0     1                 
80200594 80200594        0     1                 
802005ac 802005ac        0     1                 
802005ac 802005ac        0     1                 
802005c6 802005c6        0     1                 
802005c6 802005c6        0     1                 
802005d2 802005d2        0     1                 
802005d2 802005d2        0     1                 
802005dc 802005dc        0     1                 
802005dc 802005dc        0     1                 
802005e4 802005e4        0     1                 
802005e8 802005e8        0     1                 
802005f0 802005f0        0     1                 
80200600 80200600        0     1                 
80200600 80200600        0     1                 
80200610 80200610        0     1                 
80200610 80200610        0     1                 
80200618 80200618        0     1                 
80200618 80200618        0     1                 
80200634 80200634        0     1                 
80200634 80200634        0     1                 
80200636 80200636        0     1                 
80200636 80200636        0     1                 
80200638 80200638      28a     4         /tmp/common-db5ca3.o:(.text)
80200638 80200638        0     1                 
80200638 80200638        0     1                 
80200638 80200638        0     1                 
80200638 80200638      200     1                 printf
8020063a 8020063a        0     1                 
80200654 80200654        0     1                 
80200666 80200666        0     1                 
80200692 80200692        0     1                 
80200696 80200696        0     1                 
80200698 80200698        0     1                 
8020069c 8020069c        0     1                 
802006a4 802006a4        0     1                 
802006ac 802006ac        0     1                 
802006ac 802006ac        0     1                 
802006ae 802006ae        0     1                 
802006b0 802006b0        0     1                 
802006b4 802006b4        0     1                 
802006b6 802006b6        0     1                 
802006c2 802006c2        0     1                 
802006ce 802006ce        0     1                 
802006d2 802006d2        0     1                 
802006d4 802006d4        0     1                 
802006da 802006da        0     1                 
802006e2 802006e2        0     1                 
802006e2 802006e2        0     1                 
802006ec 802006ec        0     1                 
802006ec 802006ec        0     1                 
802006f0 802006f0        0     1                 
802006f6 802006f6        0     1                 
802006fe 802006fe        0     1                 
802006fe 802006fe        0     1                 
80200702 80200702        0     1                 
80200704 80200704        0     1                 
8020070a 8020070a        0     1                 
80200712 80200712        0     1                 
80200712 80200712        0     1                 
80200716 80200716        0     1                 
80200718 80200718        0     1                 
8020071e 8020071e        0     1                 
80200726 80200726        0     1                 
80200726 80200726        0     1                 
8020072a 8020072a        0     1                 
8020072c 8020072c        0     1                 
80200732 80200732        0     1                 
8020073a 8020073a        0     1                 
8020073a 8020073a        0     1                 
8020073e 8020073e        0     1                 
80200740 80200740        0     1                 
80200746 80200746        0     1                 
8020074e 8020074e        0     1                 
8020074e 8020074e        0     1                 
80200752 80200752        0     1                 
80200754 80200754        0     1                 
8020075a 8020075a        0     1                 
80200762 80200762        0     1                 
80200762 80200762        0     1                 
80200766 80200766        0     1                 
80200768 80200768        0     1                 
8020076e 8020076e        0     1                 
80200776 80200776        0     1                 
80200776 80200776        0     1                 
8020077a 8020077a        0     1                 
80200780 80200780        0     1                 
80200780 80200780        0     1                 
80200788 80200788        0     1                 
80200788 80200788        0     1                 
8020078a 8020078a        0     1                 
8020078c 8020078c        0     1                 
8020078c 8020078c        0     1                 
80200796 80200796        0     1                 
8020079a 8020079a        0     1                 
802007a2 802007a2        0     1                 
802007ae 802007ae        0     1                 
802007ae 802007ae        0     1                 
802007b2 802007b2        0     1                 
802007b8 802007b8        0     1                 
802007b8 802007b8        0     1                 
802007c4 802007c4        0     1                 
802007c4 802007c4        0     1                 
802007c8 802007c8        0     1                 
802007ca 802007ca        0     1                 
802007ce 802007ce        0     1                 
802007d0 802007d0        0     1                 
802007d4 802007d4        0     1                 
802007d8 802007d8        0     1                 
802007dc 802007dc        0     1                 
802007e0 802007e0        0     1                 
802007e2 802007e2        0     1                 
802007e6 802007e6        0     1                 
802007ea 802007ea        0     1                 
802007f6 802007f6        0     1                 
802007f6 802007f6        0     1                 
802007fe 802007fe        0     1                 
80200804 80200804        0     1                 
80200808 80200808        0     1                 
8020080e 8020080e        0     1                 
8020081a 8020081a        0     1                 
8020081a 8020081a        0     1                 
80200838 80200838        0     1                 
80200838 80200838        0     1                 
80200838 80200838        0     1                 
80200838 80200838        0     1                 
80200838 80200838        0     1                 
80200838 80200838        0     1                 
80200838 80200838       1a     1                 memcpy
8020083a 8020083a        0     1                 
8020083c 8020083c        0     1                 
80200840 80200840        0     1                 
80200842 80200842        0     1                 
80200844 80200844        0     1                 
80200848 80200848        0     1                 
8020084c 8020084c        0     1                 
8020084e 8020084e        0     1                 
80200850 80200850        0     1                 
80200852 80200852        0     1                 
80200852 80200852        0     1                 
80200852 80200852        0     1                 
80200852 80200852        0     1                 
80200852 80200852        0     1                 
80200852 80200852        0     1                 
80200852 80200852       14     1                 memset
80200854 80200854        0     1                 
80200856 80200856        0     1                 
80200858 80200858        0     1                 
8020085c 8020085c        0     1                 
80200860 80200860        0     1                 
80200862 80200862        0     1                 
80200864 80200864        0     1                 
80200866 80200866        0     1                 
80200866 80200866        0     1                 
80200866 80200866        0     1                 
80200866 80200866        0     1                 
80200866 80200866        0     1                 
80200866 80200866        0     1                 
80200866 80200866       24     1                 strcpy
8020086c 8020086c        0     1                 
80200870 80200870        0     1                 
80200872 80200872        0     1                 
80200876 80200876        0     1                 
8020087a 8020087a        0     1                 
8020087e 8020087e        0     1                 
80200880 80200880        0     1                 
80200882 80200882        0     1                 
80200884 80200884        0     1                 
80200888 80200888        0     1                 
8020088a 8020088a        0     1                 
8020088a 8020088a        0     1                 
8020088a 8020088a        0     1                 
8020088a 8020088a        0     1                 
8020088a 8020088a        0     1                 
8020088a 8020088a        0     1                 
8020088a 8020088a       38     1                 strcmp
8020088e 8020088e        0     1                 
80200890 80200890        0     1                 
80200892 80200892        0     1                 
80200896 80200896        0     1                 
802008a4 802008a4        0     1                 
802008a8 802008a8        0     1                 
802008ac 802008ac        0     1                 
802008ae 802008ae        0     1                 
802008b2 802008b2        0     1                 
802008b4 802008b4        0     1                 
802008b8 802008b8        0     1                 
802008bc 802008bc        0     1                 
802008c0 802008c0        0     1                 
802008c2 802008c2        0     1                 
802008c2 802008c2        0     1                 
802008c4 802008c4      113     4 .rodata
802008c4 802008c4      113     1         <internal>:(.rodata)
802009d8 802009d8        4     4 .sdata
802009d8 802009d8        4     4         /tmp/kernel-77b120.o:(.sdata)
802009d8 802009d8        4     1                 alloc_pages.next_paddr
802009dc 802009dc    10068     4 .bss
802009dc 802009dc        0     1         __bss = .
802009dc 802009dc    10060     4         /tmp/kernel-77b120.o:(.bss)
802009dc 802009dc    10060     1                 procs
80210a3c 80210a3c        8     4         /tmp/kernel-77b120.o:(.sbss)
80210a3c 80210a3c        4     1                 idle_proc
80210a40 80210a40        4     1                 current_proc
80210a44 80210a44        0     1         __bss_end = .
80210a44 80210a44        0     1 . = ALIGN ( 4 )
80210a44 80210a44    20000     1 . += 128 * 1024
80230a44 80230a44        0     1 __stack_top = .
80230a44 80230a44      5bc     1 . = ALIGN ( 4096 )
80231000 80231000        0     1 __free_ram = .
80231000 80231000  4000000     1 . += 64 * 1024 * 1024
84231000 84231000        0     1 __free_ram_end = .
       0        0      57c     1 .debug_loclists
       0        0      332     1         /tmp/kernel-77b120.o:(.debug_loclists)
       c        c        0     1                 
     332      332      24a     1         /tmp/common-db5ca3.o:(.debug_loclists)
     33e      33e        0     1                 
       0        0      367     1 .debug_abbrev
       0        0      262     1         /tmp/kernel-77b120.o:(.debug_abbrev)
     262      262      105     1         /tmp/common-db5ca3.o:(.debug_abbrev)
       0        0      92a     1 .debug_info
       0        0      709     1         /tmp/kernel-77b120.o:(.debug_info)
     709      709      221     1         /tmp/common-db5ca3.o:(.debug_info)
       0        0       55     1 .debug_rnglists
       0        0       3a     1         /tmp/kernel-77b120.o:(.debug_rnglists)
       c        c        0     1                 
      3a       3a       1b     1         /tmp/common-db5ca3.o:(.debug_rnglists)
      46       46        0     1                 
       0        0      214     1 .debug_str_offsets
       0        0      180     1         /tmp/kernel-77b120.o:(.debug_str_offsets)
       8        8        0     1                 
     180      180       94     1         /tmp/common-db5ca3.o:(.debug_str_offsets)
     188      188        0     1                 
       0        0      2d9     1 .debug_str
       0        0      2d9     1         <internal>:(.debug_str)
       0        0      10c     1 .debug_addr
       0        0       b0     1         /tmp/kernel-77b120.o:(.debug_addr)
       8        8        0     1                 
      b0       b0       5c     1         /tmp/common-db5ca3.o:(.debug_addr)
      b8       b8        0     1                 
       0        0       42     1 .comment
       0        0       42     1         <internal>:(.comment)
       0        0       2b     1 .riscv.attributes
       0        0       2b     1         /tmp/kernel-77b120.o:(.riscv.attributes)
       0        0      198     4 .debug_frame
       0        0      114     4         /tmp/kernel-77b120.o:(.debug_frame)
       0        0        0     1                 
     114      114       84     4         /tmp/common-db5ca3.o:(.debug_frame)
     114      114        0     1                 
       0        0      b47     1 .debug_line
       0        0      6e7     1         /tmp/kernel-77b120.o:(.debug_line)
       0        0        0     1                 .Lline_table_start0
     6e7      6e7      460     1         /tmp/common-db5ca3.o:(.debug_line)
     6e7      6e7        0     1                 .Lline_table_start0
       0        0       39     1 .debug_line_str
       0        0       39     1         <internal>:(.debug_line_str)
       0        0     2720     4 .symtab
       0        0     2720     4         <internal>:(.symtab)
       0        0       dd     1 .shstrtab
       0        0       dd     1         <internal>:(.shstrtab)
       0        0      153     1 .strtab
       0        0      153     1         <internal>:(.strtab)
