     VMA      LMA     Size Align Out     In      Symbol
       0        0 80200000     1 . = 0x80200000
80200000        0        0     1 __kernel_base = .
80200000 80200000      b6e  4096 .text
80200000 80200000        e     2         /tmp/kernel-30f8d5.o:(.text.boot)
80200000 80200000        0     1                 
80200000 80200000        0     1                 
80200000 80200000        0     1                 
80200000 80200000        0     1                 
80200000 80200000        e     1                 boot
8020000e 8020000e        0     1                 
8020000e 8020000e        0     1                 
80200010 80200010      8d4     4         /tmp/kernel-30f8d5.o:(.text)
80200010 80200010        0     1                 
80200010 80200010        0     1                 
80200010 80200010        0     1                 
80200010 80200010        0     1                 
80200010 80200010        6     1                 sbi_call
80200014 80200014        0     1                 
80200016 80200016        0     1                 
80200016 80200016        0     1                 
80200016 80200016        0     1                 
80200016 80200016        0     1                 
80200016 80200016        0     1                 
80200016 80200016        0     1                 
80200016 80200016       14     1                 putchar
80200028 80200028        0     1                 
80200028 80200028        0     1                 
8020002a 8020002a        0     1                 
8020002a 8020002a        0     1                 
8020002a 8020002a        0     1                 
8020002a 8020002a        0     1                 
8020002a 8020002a        0     1                 
8020002a 8020002a       c4     1                 handle_syscall
8020002c 8020002c        0     1                 
80200030 80200030        0     1                 
80200032 80200032        0     1                 
80200054 80200054        0     1                 
80200058 80200058        0     1                 
8020005a 8020005a        0     1                 
8020005e 8020005e        0     1                 
8020005e 8020005e        0     1                 
80200072 80200072        0     1                 
80200076 80200076        0     1                 
8020007e 8020007e        0     1                 
8020007e 8020007e        0     1                 
80200092 80200092        0     1                 
80200096 80200096        0     1                 
802000b2 802000b2        0     1                 
802000b2 802000b2        0     1                 
802000b6 802000b6        0     1                 
802000b6 802000b6        0     1                 
802000c8 802000c8        0     1                 
802000c8 802000c8        0     1                 
802000d0 802000d0        0     1                 
802000ec 802000ec        0     1                 
802000ec 802000ec        0     1                 
802000ee 802000ee        0     1                 
802000ee 802000ee        0     1                 
802000ee 802000ee        0     1                 
802000ee 802000ee        0     1                 
802000ee 802000ee        0     1                 
802000ee 802000ee        0     1                 
802000ee 802000ee       16     1                 getchar
80200102 80200102        0     1                 
80200102 80200102        0     1                 
80200104 80200104        0     1                 
80200104 80200104        0     1                 
80200104 80200104        0     1                 
80200104 80200104        0     1                 
80200104 80200104        0     1                 
80200104 80200104      1b0     1                 yield
80200110 80200110        0     1                 
80200114 80200114        0     1                 
80200126 80200126        0     1                 
80200134 80200134        0     1                 
80200136 80200136        0     1                 
8020013a 8020013a        0     1                 
8020013c 8020013c        0     1                 
80200140 80200140        0     1                 
80200142 80200142        0     1                 
80200146 80200146        0     1                 
8020014a 8020014a        0     1                 
80200156 80200156        0     1                 
8020015e 8020015e        0     1                 
80200160 80200160        0     1                 
80200164 80200164        0     1                 
80200166 80200166        0     1                 
8020016a 8020016a        0     1                 
8020016e 8020016e        0     1                 
80200180 80200180        0     1                 
80200190 80200190        0     1                 
80200194 80200194        0     1                 
80200198 80200198        0     1                 
8020019a 8020019a        0     1                 
8020019e 8020019e        0     1                 
802001a2 802001a2        0     1                 
802001ae 802001ae        0     1                 
802001b6 802001b6        0     1                 
802001b8 802001b8        0     1                 
802001bc 802001bc        0     1                 
802001be 802001be        0     1                 
802001c2 802001c2        0     1                 
802001c6 802001c6        0     1                 
802001d8 802001d8        0     1                 
802001e8 802001e8        0     1                 
802001ec 802001ec        0     1                 
802001f0 802001f0        0     1                 
802001f2 802001f2        0     1                 
802001f6 802001f6        0     1                 
802001fa 802001fa        0     1                 
80200206 80200206        0     1                 
8020020e 8020020e        0     1                 
80200210 80200210        0     1                 
80200214 80200214        0     1                 
80200216 80200216        0     1                 
8020021a 8020021a        0     1                 
8020021e 8020021e        0     1                 
80200230 80200230        0     1                 
80200240 80200240        0     1                 
80200244 80200244        0     1                 
80200248 80200248        0     1                 
8020024a 8020024a        0     1                 
8020024e 8020024e        0     1                 
80200252 80200252        0     1                 
8020025e 8020025e        0     1                 
80200266 80200266        0     1                 
80200268 80200268        0     1                 
8020026c 8020026c        0     1                 
8020026e 8020026e        0     1                 
80200272 80200272        0     1                 
80200274 80200274        0     1                 
80200278 80200278        0     1                 
8020027a 8020027a        0     1                 
80200280 80200280        0     1                 
80200286 80200286        0     1                 
80200288 80200288        0     1                 
80200298 80200298        0     1                 
802002a0 802002a0        0     1                 
802002a2 802002a2        0     1                 
802002a6 802002a6        0     1                 
802002aa 802002aa        0     1                 
802002aa 802002aa        0     1                 
802002b2 802002b2        0     1                 
802002b4 802002b4        0     1                 
802002b4 802002b4        0     1                 
802002b4 802002b4        0     1                 
802002b4 802002b4        0     1                 
802002b4 802002b4        0     1                 
802002b4 802002b4       50     1                 handle_trap
802002b6 802002b6        0     1                 
802002b6 802002b6        0     1                 
802002b6 802002b6        0     1                 
802002ba 802002ba        0     1                 
802002be 802002be        0     1                 
802002be 802002be        0     1                 
802002c2 802002c2        0     1                 
802002c4 802002c4        0     1                 
802002c4 802002c4        0     1                 
802002c8 802002c8        0     1                 
802002c8 802002c8        0     1                 
802002cc 802002cc        0     1                 
802002d4 802002d4        0     1                 
802002d4 802002d4        0     1                 
802002d8 802002d8        0     1                 
802002d8 802002d8        0     1                 
802002dc 802002dc        0     1                 
802002dc 802002dc        0     1                 
802002e4 802002e4        0     1                 
80200302 80200302        0     1                 
80200302 80200302        0     1                 
80200304 80200304        0     1                 
80200304 80200304        0     1                 
80200304 80200304        0     1                 
80200304 80200304        0     1                 
80200304 80200304        0     1                 
80200304 80200304        0     1                 
80200304 80200304       96     1                 kernel_entry
8020039a 8020039a        0     1                 
8020039a 8020039a        0     1                 
8020039a 8020039a        0     1                 
8020039a 8020039a        0     1                 
8020039a 8020039a        0     1                 
8020039a 8020039a       5a     1                 alloc_pages
8020039c 8020039c        0     1                 
8020039c 8020039c        0     1                 
802003a0 802003a0        0     1                 
802003a8 802003a8        0     1                 
802003ac 802003ac        0     1                 
802003b0 802003b0        0     1                 
802003b8 802003b8        0     1                 
802003bc 802003bc        0     1                 
802003c0 802003c0        0     1                 
802003dc 802003dc        0     1                 
802003dc 802003dc        0     1                 
802003de 802003de        0     1                 
802003ea 802003ea        0     1                 
802003ea 802003ea        0     1                 
802003f4 802003f4        0     1                 
802003f4 802003f4        0     1                 
802003f4 802003f4        0     1                 
802003f4 802003f4        0     1                 
802003f4 802003f4        0     1                 
802003f4 802003f4      10c     1                 map_page
802003f6 802003f6        0     1                 
80200404 80200404        0     1                 
8020040a 8020040a        0     1                 
80200410 80200410        0     1                 
80200412 80200412        0     1                 
8020042e 8020042e        0     1                 
8020042e 8020042e        0     1                 
80200430 80200430        0     1                 
80200432 80200432        0     1                 
80200436 80200436        0     1                 
80200438 80200438        0     1                 
80200454 80200454        0     1                 
80200454 80200454        0     1                 
80200456 80200456        0     1                 
80200458 80200458        0     1                 
8020045c 8020045c        0     1                 
8020045e 8020045e        0     1                 
80200466 80200466        0     1                 
8020046a 8020046a        0     1                 
80200472 80200472        0     1                 
80200474 80200474        0     1                 
80200474 80200474        0     1                 
8020047c 8020047c        0     1                 
8020047e 8020047e        0     1                 
80200480 80200480        0     1                 
80200488 80200488        0     1                 
8020048c 8020048c        0     1                 
80200490 80200490        0     1                 
802004ac 802004ac        0     1                 
802004ac 802004ac        0     1                 
802004ae 802004ae        0     1                 
802004bc 802004bc        0     1                 
802004bc 802004bc        0     1                 
802004c4 802004c4        0     1                 
802004c8 802004c8        0     1                 
802004cc 802004cc        0     1                 
802004cc 802004cc        0     1                 
802004d0 802004d0        0     1                 
802004d8 802004d8        0     1                 
802004e0 802004e0        0     1                 
802004ec 802004ec        0     1                 
802004ee 802004ee        0     1                 
80200500 80200500        0     1                 
80200500 80200500        0     1                 
80200500 80200500        0     1                 
80200500 80200500        0     1                 
80200500 80200500        0     1                 
80200500 80200500       14     1                 user_entry
80200508 80200508        0     1                 
80200514 80200514        0     1                 
80200514 80200514        0     1                 
80200514 80200514        0     1                 
80200514 80200514        0     1                 
80200514 80200514        0     1                 
80200514 80200514        0     1                 
80200514 80200514       46     1                 switch_context
8020055a 8020055a        0     1                 
8020055a 8020055a        0     1                 
8020055a 8020055a        0     1                 
8020055a 8020055a        0     1                 
8020055a 8020055a        0     1                 
8020055a 8020055a      2bc     1                 create_process
8020055c 8020055c        0     1                 
80200576 80200576        0     1                 
8020057e 8020057e        0     1                 
80200582 80200582        0     1                 
80200584 80200584        0     1                 
80200586 80200586        0     1                 
8020058c 8020058c        0     1                 
8020058e 8020058e        0     1                 
80200590 80200590        0     1                 
802005a0 802005a0        0     1                 
802005a2 802005a2        0     1                 
802005a4 802005a4        0     1                 
802005ac 802005ac        0     1                 
802005ae 802005ae        0     1                 
802005b0 802005b0        0     1                 
802005c0 802005c0        0     1                 
802005c2 802005c2        0     1                 
802005c4 802005c4        0     1                 
802005cc 802005cc        0     1                 
802005ce 802005ce        0     1                 
802005d0 802005d0        0     1                 
802005e0 802005e0        0     1                 
802005e2 802005e2        0     1                 
802005e4 802005e4        0     1                 
802005ec 802005ec        0     1                 
802005ee 802005ee        0     1                 
802005f0 802005f0        0     1                 
8020060c 8020060c        0     1                 
8020060c 8020060c        0     1                 
8020060e 8020060e        0     1                 
80200632 80200632        0     1                 
8020063a 8020063a        0     1                 
8020063e 8020063e        0     1                 
80200640 80200640        0     1                 
80200648 80200648        0     1                 
8020064a 8020064a        0     1                 
80200652 80200652        0     1                 
80200654 80200654        0     1                 
80200658 80200658        0     1                 
8020065c 8020065c        0     1                 
80200664 80200664        0     1                 
80200666 80200666        0     1                 
8020066e 8020066e        0     1                 
80200670 80200670        0     1                 
80200678 80200678        0     1                 
8020067a 8020067a        0     1                 
80200682 80200682        0     1                 
80200684 80200684        0     1                 
8020068c 8020068c        0     1                 
8020068e 8020068e        0     1                 
80200696 80200696        0     1                 
80200698 80200698        0     1                 
802006a0 802006a0        0     1                 
802006a2 802006a2        0     1                 
802006aa 802006aa        0     1                 
802006ac 802006ac        0     1                 
802006b4 802006b4        0     1                 
802006b8 802006b8        0     1                 
802006bc 802006bc        0     1                 
802006c4 802006c4        0     1                 
802006cc 802006cc        0     1                 
802006ce 802006ce        0     1                 
802006d6 802006d6        0     1                 
802006de 802006de        0     1                 
802006fa 802006fa        0     1                 
802006fa 802006fa        0     1                 
802006fc 802006fc        0     1                 
80200700 80200700        0     1                 
80200710 80200710        0     1                 
80200710 80200710        0     1                 
8020071c 8020071c        0     1                 
80200724 80200724        0     1                 
80200734 80200734        0     1                 
80200734 80200734        0     1                 
80200736 80200736        0     1                 
8020073a 8020073a        0     1                 
8020073a 8020073a        0     1                 
8020073e 8020073e        0     1                 
80200758 80200758        0     1                 
80200766 80200766        0     1                 
80200766 80200766        0     1                 
8020076a 8020076a        0     1                 
80200778 80200778        0     1                 
80200778 80200778        0     1                 
8020077a 8020077a        0     1                 
80200782 80200782        0     1                 
80200786 80200786        0     1                 
8020078a 8020078a        0     1                 
80200792 80200792        0     1                 
80200796 80200796        0     1                 
802007a4 802007a4        0     1                 
802007a4 802007a4        0     1                 
802007ac 802007ac        0     1                 
802007b2 802007b2        0     1                 
802007b6 802007b6        0     1                 
802007be 802007be        0     1                 
802007ce 802007ce        0     1                 
802007d0 802007d0        0     1                 
802007d4 802007d4        0     1                 
802007d8 802007d8        0     1                 
802007f8 802007f8        0     1                 
80200814 80200814        0     1                 
80200814 80200814        0     1                 
80200816 80200816        0     1                 
80200816 80200816        0     1                 
80200816 80200816        0     1                 
80200816 80200816        0     1                 
80200816 80200816        0     1                 
80200816 80200816       10     1                 delay
8020081e 8020081e        0     1                 
8020081e 8020081e        0     1                 
80200820 80200820        0     1                 
80200822 80200822        0     1                 
80200824 80200824        0     1                 
80200824 80200824        0     1                 
80200826 80200826        0     1                 
80200826 80200826        0     1                 
80200826 80200826        0     1                 
80200826 80200826        0     1                 
80200826 80200826        0     1                 
80200826 80200826       be     1                 kernel_main
80200828 80200828        0     1                 
80200828 80200828        0     1                 
8020082a 8020082a        0     1                 
80200848 80200848        0     1                 
80200848 80200848        0     1                 
80200860 80200860        0     1                 
80200860 80200860        0     1                 
8020087a 8020087a        0     1                 
8020087a 8020087a        0     1                 
80200886 80200886        0     1                 
80200886 80200886        0     1                 
80200892 80200892        0     1                 
80200892 80200892        0     1                 
8020089a 8020089a        0     1                 
8020089e 8020089e        0     1                 
802008a6 802008a6        0     1                 
802008be 802008be        0     1                 
802008be 802008be        0     1                 
802008c6 802008c6        0     1                 
802008c6 802008c6        0     1                 
802008e2 802008e2        0     1                 
802008e2 802008e2        0     1                 
802008e4 802008e4        0     1                 
802008e4 802008e4        0     1                 
802008e4 802008e4      28a     4         /tmp/common-e5b416.o:(.text)
802008e4 802008e4        0     1                 
802008e4 802008e4        0     1                 
802008e4 802008e4        0     1                 
802008e4 802008e4      200     1                 printf
802008e6 802008e6        0     1                 
80200900 80200900        0     1                 
80200912 80200912        0     1                 
8020093e 8020093e        0     1                 
80200942 80200942        0     1                 
80200944 80200944        0     1                 
80200948 80200948        0     1                 
80200950 80200950        0     1                 
80200958 80200958        0     1                 
80200958 80200958        0     1                 
8020095a 8020095a        0     1                 
8020095c 8020095c        0     1                 
80200960 80200960        0     1                 
80200962 80200962        0     1                 
8020096e 8020096e        0     1                 
8020097a 8020097a        0     1                 
8020097e 8020097e        0     1                 
80200980 80200980        0     1                 
80200986 80200986        0     1                 
8020098e 8020098e        0     1                 
8020098e 8020098e        0     1                 
80200998 80200998        0     1                 
80200998 80200998        0     1                 
8020099c 8020099c        0     1                 
802009a2 802009a2        0     1                 
802009aa 802009aa        0     1                 
802009aa 802009aa        0     1                 
802009ae 802009ae        0     1                 
802009b0 802009b0        0     1                 
802009b6 802009b6        0     1                 
802009be 802009be        0     1                 
802009be 802009be        0     1                 
802009c2 802009c2        0     1                 
802009c4 802009c4        0     1                 
802009ca 802009ca        0     1                 
802009d2 802009d2        0     1                 
802009d2 802009d2        0     1                 
802009d6 802009d6        0     1                 
802009d8 802009d8        0     1                 
802009de 802009de        0     1                 
802009e6 802009e6        0     1                 
802009e6 802009e6        0     1                 
802009ea 802009ea        0     1                 
802009ec 802009ec        0     1                 
802009f2 802009f2        0     1                 
802009fa 802009fa        0     1                 
802009fa 802009fa        0     1                 
802009fe 802009fe        0     1                 
80200a00 80200a00        0     1                 
80200a06 80200a06        0     1                 
80200a0e 80200a0e        0     1                 
80200a0e 80200a0e        0     1                 
80200a12 80200a12        0     1                 
80200a14 80200a14        0     1                 
80200a1a 80200a1a        0     1                 
80200a22 80200a22        0     1                 
80200a22 80200a22        0     1                 
80200a26 80200a26        0     1                 
80200a2c 80200a2c        0     1                 
80200a2c 80200a2c        0     1                 
80200a34 80200a34        0     1                 
80200a34 80200a34        0     1                 
80200a36 80200a36        0     1                 
80200a38 80200a38        0     1                 
80200a38 80200a38        0     1                 
80200a42 80200a42        0     1                 
80200a46 80200a46        0     1                 
80200a4e 80200a4e        0     1                 
80200a5a 80200a5a        0     1                 
80200a5a 80200a5a        0     1                 
80200a5e 80200a5e        0     1                 
80200a64 80200a64        0     1                 
80200a64 80200a64        0     1                 
80200a70 80200a70        0     1                 
80200a70 80200a70        0     1                 
80200a74 80200a74        0     1                 
80200a76 80200a76        0     1                 
80200a7a 80200a7a        0     1                 
80200a7c 80200a7c        0     1                 
80200a80 80200a80        0     1                 
80200a84 80200a84        0     1                 
80200a88 80200a88        0     1                 
80200a8c 80200a8c        0     1                 
80200a8e 80200a8e        0     1                 
80200a92 80200a92        0     1                 
80200a96 80200a96        0     1                 
80200aa2 80200aa2        0     1                 
80200aa2 80200aa2        0     1                 
80200aaa 80200aaa        0     1                 
80200ab0 80200ab0        0     1                 
80200ab4 80200ab4        0     1                 
80200aba 80200aba        0     1                 
80200ac6 80200ac6        0     1                 
80200ac6 80200ac6        0     1                 
80200ae4 80200ae4        0     1                 
80200ae4 80200ae4        0     1                 
80200ae4 80200ae4        0     1                 
80200ae4 80200ae4        0     1                 
80200ae4 80200ae4        0     1                 
80200ae4 80200ae4        0     1                 
80200ae4 80200ae4       1a     1                 memcpy
80200ae6 80200ae6        0     1                 
80200ae8 80200ae8        0     1                 
80200aec 80200aec        0     1                 
80200aee 80200aee        0     1                 
80200af0 80200af0        0     1                 
80200af4 80200af4        0     1                 
80200af8 80200af8        0     1                 
80200afa 80200afa        0     1                 
80200afc 80200afc        0     1                 
80200afe 80200afe        0     1                 
80200afe 80200afe        0     1                 
80200afe 80200afe        0     1                 
80200afe 80200afe        0     1                 
80200afe 80200afe        0     1                 
80200afe 80200afe        0     1                 
80200afe 80200afe       14     1                 memset
80200b00 80200b00        0     1                 
80200b02 80200b02        0     1                 
80200b04 80200b04        0     1                 
80200b08 80200b08        0     1                 
80200b0c 80200b0c        0     1                 
80200b0e 80200b0e        0     1                 
80200b10 80200b10        0     1                 
80200b12 80200b12        0     1                 
80200b12 80200b12        0     1                 
80200b12 80200b12        0     1                 
80200b12 80200b12        0     1                 
80200b12 80200b12        0     1                 
80200b12 80200b12        0     1                 
80200b12 80200b12       24     1                 strcpy
80200b18 80200b18        0     1                 
80200b1c 80200b1c        0     1                 
80200b1e 80200b1e        0     1                 
80200b22 80200b22        0     1                 
80200b26 80200b26        0     1                 
80200b2a 80200b2a        0     1                 
80200b2c 80200b2c        0     1                 
80200b2e 80200b2e        0     1                 
80200b30 80200b30        0     1                 
80200b34 80200b34        0     1                 
80200b36 80200b36        0     1                 
80200b36 80200b36        0     1                 
80200b36 80200b36        0     1                 
80200b36 80200b36        0     1                 
80200b36 80200b36        0     1                 
80200b36 80200b36        0     1                 
80200b36 80200b36       38     1                 strcmp
80200b3a 80200b3a        0     1                 
80200b3c 80200b3c        0     1                 
80200b3e 80200b3e        0     1                 
80200b42 80200b42        0     1                 
80200b50 80200b50        0     1                 
80200b54 80200b54        0     1                 
80200b58 80200b58        0     1                 
80200b5a 80200b5a        0     1                 
80200b5e 80200b5e        0     1                 
80200b60 80200b60        0     1                 
80200b64 80200b64        0     1                 
80200b68 80200b68        0     1                 
80200b6c 80200b6c        0     1                 
80200b6e 80200b6e        0     1                 
80200b6e 80200b6e        0     1                 
80201000 80201000      16e  4096 .rodata
80201000 80201000      16e     1         <internal>:(.rodata)
80202000 80202000    10420  4096 .data
80202000 80202000    10420     1         shell.bin.o:(.data)
80202000 80202000        0     1                 _binary_shell_bin_start
80212420 80212420        0     1                 _binary_shell_bin_end
80212420 80212420        4     4 .sdata
80212420 80212420        4     4         /tmp/kernel-30f8d5.o:(.sdata)
80212420 80212420        4     1                 alloc_pages.next_paddr
80213000 80213000    10088  4096 .bss
80213000 80213000        0     1         __bss = .
80213000 80213000    10080     4         /tmp/kernel-30f8d5.o:(.bss)
80213000 80213000    10080     1                 procs
80223080 80223080        8     4         /tmp/kernel-30f8d5.o:(.sbss)
80223080 80223080        4     1                 idle_proc
80223084 80223084        4     1                 current_proc
80223088 80223088        0     1         __bss_end = .
80223088 80223088      f78     1 . = ALIGN ( 4096 )
80224000 80224000    20000     1 . += 128 * 1024
80244000 80244000        0     1 __stack_top = .
80244000 80244000        0     1 . = ALIGN ( 4096 )
80244000 80244000        0     1 __free_ram = .
80244000 80244000  4000000     1 . += 64 * 1024 * 1024
84244000 84244000        0     1 __free_ram_end = .
       0        0      76b     1 .debug_loclists
       0        0      521     1         /tmp/kernel-30f8d5.o:(.debug_loclists)
       c        c        0     1                 
     521      521      24a     1         /tmp/common-e5b416.o:(.debug_loclists)
     52d      52d        0     1                 
       0        0      392     1 .debug_abbrev
       0        0      28d     1         /tmp/kernel-30f8d5.o:(.debug_abbrev)
     28d      28d      105     1         /tmp/common-e5b416.o:(.debug_abbrev)
       0        0      b03     1 .debug_info
       0        0      8e2     1         /tmp/kernel-30f8d5.o:(.debug_info)
     8e2      8e2      221     1         /tmp/common-e5b416.o:(.debug_info)
       0        0       ba     1 .debug_rnglists
       0        0       9f     1         /tmp/kernel-30f8d5.o:(.debug_rnglists)
       c        c        0     1                 
      9f       9f       1b     1         /tmp/common-e5b416.o:(.debug_rnglists)
      ab       ab        0     1                 
       0        0      258     1 .debug_str_offsets
       0        0      1c4     1         /tmp/kernel-30f8d5.o:(.debug_str_offsets)
       8        8        0     1                 
     1c4      1c4       94     1         /tmp/common-e5b416.o:(.debug_str_offsets)
     1cc      1cc        0     1                 
       0        0      350     1 .debug_str
       0        0      350     1         <internal>:(.debug_str)
       0        0      138     1 .debug_addr
       0        0       dc     1         /tmp/kernel-30f8d5.o:(.debug_addr)
       8        8        0     1                 
      dc       dc       5c     1         /tmp/common-e5b416.o:(.debug_addr)
      e4       e4        0     1                 
       0        0       42     1 .comment
       0        0       42     1         <internal>:(.comment)
       0        0       2b     1 .riscv.attributes
       0        0       2b     1         /tmp/kernel-30f8d5.o:(.riscv.attributes)
       0        0      1dc     4 .debug_frame
       0        0      158     4         /tmp/kernel-30f8d5.o:(.debug_frame)
       0        0        0     1                 
     158      158       84     4         /tmp/common-e5b416.o:(.debug_frame)
     158      158        0     1                 
       0        0      dc5     1 .debug_line
       0        0      965     1         /tmp/kernel-30f8d5.o:(.debug_line)
       0        0        0     1                 .Lline_table_start0
     965      965      460     1         /tmp/common-e5b416.o:(.debug_line)
     965      965        0     1                 .Lline_table_start0
       0        0       39     1 .debug_line_str
       0        0       39     1         <internal>:(.debug_line_str)
       0        0     2ea0     4 .symtab
       0        0     2ea0     4         <internal>:(.symtab)
       0        0       e3     1 .shstrtab
       0        0       e3     1         <internal>:(.shstrtab)
       0        0      1b7     1 .strtab
       0        0      1b7     1         <internal>:(.strtab)
