     VMA      LMA     Size Align Out     In      Symbol
       0        0 80200000     1 . = 0x80200000
80200000        0        0     1 __kernel_base = .
80200000 80200000      cb2  4096 .text
80200000 80200000        e     2         /tmp/kernel-b85f1d.o:(.text.boot)
80200000 80200000        0     1                 
80200000 80200000        0     1                 
80200000 80200000        0     1                 
80200000 80200000        0     1                 
80200000 80200000        e     1                 boot
8020000e 8020000e        0     1                 
8020000e 8020000e        0     1                 
80200010 80200010      a16     4         /tmp/kernel-b85f1d.o:(.text)
80200010 80200010        0     1                 
80200010 80200010        0     1                 
80200010 80200010        0     1                 
80200010 80200010        0     1                 
80200010 80200010        6     1                 sbi_call
80200014 80200014        0     1                 
80200016 80200016        0     1                 
80200016 80200016        0     1                 
80200016 80200016        0     1                 
80200016 80200016        0     1                 
80200016 80200016        0     1                 
80200016 80200016        0     1                 
80200016 80200016       14     1                 putchar
80200028 80200028        0     1                 
80200028 80200028        0     1                 
8020002a 8020002a        0     1                 
8020002a 8020002a        0     1                 
8020002a 8020002a        0     1                 
8020002a 8020002a        0     1                 
8020002a 8020002a        0     1                 
8020002a 8020002a      112     1                 handle_syscall
8020002c 8020002c        0     1                 
80200030 80200030        0     1                 
80200032 80200032        0     1                 
80200054 80200054        0     1                 
80200058 80200058        0     1                 
8020005a 8020005a        0     1                 
8020005e 8020005e        0     1                 
80200060 80200060        0     1                 
80200064 80200064        0     1                 
80200064 80200064        0     1                 
80200078 80200078        0     1                 
8020007c 8020007c        0     1                 
80200084 80200084        0     1                 
80200084 80200084        0     1                 
80200098 80200098        0     1                 
8020009c 8020009c        0     1                 
802000b8 802000b8        0     1                 
802000b8 802000b8        0     1                 
802000bc 802000bc        0     1                 
802000bc 802000bc        0     1                 
802000ce 802000ce        0     1                 
802000ce 802000ce        0     1                 
802000d6 802000d6        0     1                 
802000de 802000de        0     1                 
802000e0 802000e0        0     1                 
802000f0 802000f0        0     1                 
802000f0 802000f0        0     1                 
802000f6 802000f6        0     1                 
802000f8 802000f8        0     1                 
80200100 80200100        0     1                 
80200100 80200100        0     1                 
8020011c 8020011c        0     1                 
8020011c 8020011c        0     1                 
8020011e 8020011e        0     1                 
8020013a 8020013a        0     1                 
8020013a 8020013a        0     1                 
8020013c 8020013c        0     1                 
8020013c 8020013c        0     1                 
8020013c 8020013c        0     1                 
8020013c 8020013c        0     1                 
8020013c 8020013c        0     1                 
8020013c 8020013c        0     1                 
8020013c 8020013c       16     1                 getchar
80200150 80200150        0     1                 
80200150 80200150        0     1                 
80200152 80200152        0     1                 
80200152 80200152        0     1                 
80200152 80200152        0     1                 
80200152 80200152        0     1                 
80200152 80200152        0     1                 
80200152 80200152      1b0     1                 yield
8020015e 8020015e        0     1                 
80200162 80200162        0     1                 
80200174 80200174        0     1                 
80200182 80200182        0     1                 
80200184 80200184        0     1                 
80200188 80200188        0     1                 
8020018a 8020018a        0     1                 
8020018e 8020018e        0     1                 
80200190 80200190        0     1                 
80200194 80200194        0     1                 
80200198 80200198        0     1                 
802001a4 802001a4        0     1                 
802001ac 802001ac        0     1                 
802001ae 802001ae        0     1                 
802001b2 802001b2        0     1                 
802001b4 802001b4        0     1                 
802001b8 802001b8        0     1                 
802001bc 802001bc        0     1                 
802001ce 802001ce        0     1                 
802001de 802001de        0     1                 
802001e2 802001e2        0     1                 
802001e6 802001e6        0     1                 
802001e8 802001e8        0     1                 
802001ec 802001ec        0     1                 
802001f0 802001f0        0     1                 
802001fc 802001fc        0     1                 
80200204 80200204        0     1                 
80200206 80200206        0     1                 
8020020a 8020020a        0     1                 
8020020c 8020020c        0     1                 
80200210 80200210        0     1                 
80200214 80200214        0     1                 
80200226 80200226        0     1                 
80200236 80200236        0     1                 
8020023a 8020023a        0     1                 
8020023e 8020023e        0     1                 
80200240 80200240        0     1                 
80200244 80200244        0     1                 
80200248 80200248        0     1                 
80200254 80200254        0     1                 
8020025c 8020025c        0     1                 
8020025e 8020025e        0     1                 
80200262 80200262        0     1                 
80200264 80200264        0     1                 
80200268 80200268        0     1                 
8020026c 8020026c        0     1                 
8020027e 8020027e        0     1                 
8020028e 8020028e        0     1                 
80200292 80200292        0     1                 
80200296 80200296        0     1                 
80200298 80200298        0     1                 
8020029c 8020029c        0     1                 
802002a0 802002a0        0     1                 
802002ac 802002ac        0     1                 
802002b4 802002b4        0     1                 
802002b6 802002b6        0     1                 
802002ba 802002ba        0     1                 
802002bc 802002bc        0     1                 
802002c0 802002c0        0     1                 
802002c2 802002c2        0     1                 
802002c6 802002c6        0     1                 
802002c8 802002c8        0     1                 
802002ce 802002ce        0     1                 
802002d4 802002d4        0     1                 
802002d6 802002d6        0     1                 
802002e6 802002e6        0     1                 
802002ee 802002ee        0     1                 
802002f0 802002f0        0     1                 
802002f4 802002f4        0     1                 
802002f8 802002f8        0     1                 
802002f8 802002f8        0     1                 
80200300 80200300        0     1                 
80200302 80200302        0     1                 
80200302 80200302        0     1                 
80200302 80200302        0     1                 
80200302 80200302        0     1                 
80200302 80200302        0     1                 
80200302 80200302       50     1                 handle_trap
80200304 80200304        0     1                 
80200304 80200304        0     1                 
80200304 80200304        0     1                 
80200308 80200308        0     1                 
8020030c 8020030c        0     1                 
8020030c 8020030c        0     1                 
80200310 80200310        0     1                 
80200312 80200312        0     1                 
80200312 80200312        0     1                 
80200316 80200316        0     1                 
80200316 80200316        0     1                 
8020031a 8020031a        0     1                 
80200322 80200322        0     1                 
80200322 80200322        0     1                 
80200326 80200326        0     1                 
80200326 80200326        0     1                 
8020032a 8020032a        0     1                 
8020032a 8020032a        0     1                 
80200332 80200332        0     1                 
80200350 80200350        0     1                 
80200350 80200350        0     1                 
80200352 80200352        0     1                 
80200352 80200352        0     1                 
80200354 80200354        0     1                 
80200354 80200354        0     1                 
80200354 80200354        0     1                 
80200354 80200354        0     1                 
80200354 80200354       9c     1                 kernel_entry
802003f0 802003f0        0     1                 
802003f0 802003f0        0     1                 
802003f0 802003f0        0     1                 
802003f0 802003f0        0     1                 
802003f0 802003f0        0     1                 
802003f0 802003f0       5a     1                 alloc_pages
802003f2 802003f2        0     1                 
802003f2 802003f2        0     1                 
802003f6 802003f6        0     1                 
802003fe 802003fe        0     1                 
80200402 80200402        0     1                 
80200406 80200406        0     1                 
8020040e 8020040e        0     1                 
80200412 80200412        0     1                 
80200416 80200416        0     1                 
80200432 80200432        0     1                 
80200432 80200432        0     1                 
80200434 80200434        0     1                 
80200440 80200440        0     1                 
80200440 80200440        0     1                 
8020044a 8020044a        0     1                 
8020044a 8020044a        0     1                 
8020044a 8020044a        0     1                 
8020044a 8020044a        0     1                 
8020044a 8020044a        0     1                 
8020044a 8020044a      108     1                 map_page
8020044c 8020044c        0     1                 
8020045a 8020045a        0     1                 
80200460 80200460        0     1                 
80200464 80200464        0     1                 
80200466 80200466        0     1                 
80200482 80200482        0     1                 
80200482 80200482        0     1                 
80200484 80200484        0     1                 
80200486 80200486        0     1                 
80200488 80200488        0     1                 
8020048a 8020048a        0     1                 
802004a6 802004a6        0     1                 
802004a6 802004a6        0     1                 
802004a8 802004a8        0     1                 
802004aa 802004aa        0     1                 
802004ae 802004ae        0     1                 
802004b0 802004b0        0     1                 
802004b8 802004b8        0     1                 
802004bc 802004bc        0     1                 
802004c4 802004c4        0     1                 
802004c6 802004c6        0     1                 
802004c6 802004c6        0     1                 
802004ce 802004ce        0     1                 
802004d0 802004d0        0     1                 
802004d2 802004d2        0     1                 
802004da 802004da        0     1                 
802004de 802004de        0     1                 
802004e2 802004e2        0     1                 
802004fe 802004fe        0     1                 
802004fe 802004fe        0     1                 
80200500 80200500        0     1                 
8020050e 8020050e        0     1                 
8020050e 8020050e        0     1                 
80200516 80200516        0     1                 
8020051a 8020051a        0     1                 
8020051e 8020051e        0     1                 
8020051e 8020051e        0     1                 
80200522 80200522        0     1                 
8020052a 8020052a        0     1                 
80200532 80200532        0     1                 
8020053e 8020053e        0     1                 
80200540 80200540        0     1                 
80200552 80200552        0     1                 
80200552 80200552        0     1                 
80200552 80200552        0     1                 
80200552 80200552        0     1                 
80200552 80200552        0     1                 
80200552 80200552       1a     1                 user_entry
8020055e 8020055e        0     1                 
8020056c 8020056c        0     1                 
8020056c 8020056c        0     1                 
8020056c 8020056c        0     1                 
8020056c 8020056c        0     1                 
8020056c 8020056c        0     1                 
8020056c 8020056c        0     1                 
8020056c 8020056c       46     1                 switch_context
802005b2 802005b2        0     1                 
802005b2 802005b2        0     1                 
802005b2 802005b2        0     1                 
802005b2 802005b2        0     1                 
802005b2 802005b2        0     1                 
802005b2 802005b2      3a6     1                 create_process
802005b4 802005b4        0     1                 
802005ce 802005ce        0     1                 
802005d6 802005d6        0     1                 
802005da 802005da        0     1                 
802005dc 802005dc        0     1                 
802005de 802005de        0     1                 
802005e4 802005e4        0     1                 
802005e6 802005e6        0     1                 
802005e8 802005e8        0     1                 
802005f8 802005f8        0     1                 
802005fa 802005fa        0     1                 
802005fc 802005fc        0     1                 
80200604 80200604        0     1                 
80200606 80200606        0     1                 
80200608 80200608        0     1                 
80200618 80200618        0     1                 
8020061a 8020061a        0     1                 
8020061c 8020061c        0     1                 
80200624 80200624        0     1                 
80200626 80200626        0     1                 
80200628 80200628        0     1                 
80200638 80200638        0     1                 
8020063a 8020063a        0     1                 
8020063c 8020063c        0     1                 
80200644 80200644        0     1                 
80200646 80200646        0     1                 
80200648 80200648        0     1                 
80200664 80200664        0     1                 
80200664 80200664        0     1                 
80200666 80200666        0     1                 
8020068a 8020068a        0     1                 
80200692 80200692        0     1                 
80200696 80200696        0     1                 
80200698 80200698        0     1                 
802006a0 802006a0        0     1                 
802006a2 802006a2        0     1                 
802006aa 802006aa        0     1                 
802006ac 802006ac        0     1                 
802006b0 802006b0        0     1                 
802006b4 802006b4        0     1                 
802006bc 802006bc        0     1                 
802006be 802006be        0     1                 
802006c6 802006c6        0     1                 
802006c8 802006c8        0     1                 
802006d0 802006d0        0     1                 
802006d2 802006d2        0     1                 
802006da 802006da        0     1                 
802006dc 802006dc        0     1                 
802006e4 802006e4        0     1                 
802006e6 802006e6        0     1                 
802006ee 802006ee        0     1                 
802006f0 802006f0        0     1                 
802006f8 802006f8        0     1                 
802006fa 802006fa        0     1                 
80200702 80200702        0     1                 
80200704 80200704        0     1                 
8020070c 8020070c        0     1                 
80200710 80200710        0     1                 
80200714 80200714        0     1                 
8020071c 8020071c        0     1                 
80200724 80200724        0     1                 
80200726 80200726        0     1                 
8020072e 8020072e        0     1                 
80200736 80200736        0     1                 
80200752 80200752        0     1                 
80200752 80200752        0     1                 
80200754 80200754        0     1                 
80200758 80200758        0     1                 
80200768 80200768        0     1                 
80200768 80200768        0     1                 
80200774 80200774        0     1                 
8020077c 8020077c        0     1                 
8020078c 8020078c        0     1                 
8020078c 8020078c        0     1                 
8020078e 8020078e        0     1                 
80200792 80200792        0     1                 
80200792 80200792        0     1                 
80200796 80200796        0     1                 
802007b0 802007b0        0     1                 
802007be 802007be        0     1                 
802007be 802007be        0     1                 
802007c2 802007c2        0     1                 
802007d0 802007d0        0     1                 
802007d0 802007d0        0     1                 
802007d2 802007d2        0     1                 
802007da 802007da        0     1                 
802007de 802007de        0     1                 
802007e2 802007e2        0     1                 
802007ee 802007ee        0     1                 
802007fc 802007fc        0     1                 
802007fc 802007fc        0     1                 
80200804 80200804        0     1                 
80200808 80200808        0     1                 
80200808 80200808        0     1                 
80200810 80200810        0     1                 
80200812 80200812        0     1                 
80200814 80200814        0     1                 
8020081c 8020081c        0     1                 
80200820 80200820        0     1                 
80200824 80200824        0     1                 
80200840 80200840        0     1                 
80200840 80200840        0     1                 
80200842 80200842        0     1                 
80200850 80200850        0     1                 
80200850 80200850        0     1                 
80200856 80200856        0     1                 
80200858 80200858        0     1                 
80200874 80200874        0     1                 
80200874 80200874        0     1                 
80200876 80200876        0     1                 
80200892 80200892        0     1                 
80200892 80200892        0     1                 
80200894 80200894        0     1                 
8020089c 8020089c        0     1                 
802008a4 802008a4        0     1                 
802008a6 802008a6        0     1                 
802008a6 802008a6        0     1                 
802008ae 802008ae        0     1                 
802008b0 802008b0        0     1                 
802008b2 802008b2        0     1                 
802008ba 802008ba        0     1                 
802008be 802008be        0     1                 
802008c2 802008c2        0     1                 
802008de 802008de        0     1                 
802008de 802008de        0     1                 
802008e0 802008e0        0     1                 
802008ee 802008ee        0     1                 
802008ee 802008ee        0     1                 
802008f4 802008f4        0     1                 
802008f8 802008f8        0     1                 
802008fc 802008fc        0     1                 
802008fc 802008fc        0     1                 
802008fe 802008fe        0     1                 
80200904 80200904        0     1                 
8020090c 8020090c        0     1                 
8020090e 8020090e        0     1                 
80200912 80200912        0     1                 
80200916 80200916        0     1                 
8020091e 8020091e        0     1                 
8020092e 8020092e        0     1                 
80200930 80200930        0     1                 
80200934 80200934        0     1                 
80200938 80200938        0     1                 
80200958 80200958        0     1                 
80200958 80200958        0     1                 
80200958 80200958        0     1                 
80200958 80200958        0     1                 
80200958 80200958        0     1                 
80200958 80200958       10     1                 delay
80200960 80200960        0     1                 
80200960 80200960        0     1                 
80200962 80200962        0     1                 
80200964 80200964        0     1                 
80200966 80200966        0     1                 
80200966 80200966        0     1                 
80200968 80200968        0     1                 
80200968 80200968        0     1                 
80200968 80200968        0     1                 
80200968 80200968        0     1                 
80200968 80200968        0     1                 
80200968 80200968       be     1                 kernel_main
8020096a 8020096a        0     1                 
8020096a 8020096a        0     1                 
8020096c 8020096c        0     1                 
8020098a 8020098a        0     1                 
8020098a 8020098a        0     1                 
802009a2 802009a2        0     1                 
802009a2 802009a2        0     1                 
802009bc 802009bc        0     1                 
802009bc 802009bc        0     1                 
802009c8 802009c8        0     1                 
802009c8 802009c8        0     1                 
802009d4 802009d4        0     1                 
802009d4 802009d4        0     1                 
802009dc 802009dc        0     1                 
802009e0 802009e0        0     1                 
802009e8 802009e8        0     1                 
80200a00 80200a00        0     1                 
80200a00 80200a00        0     1                 
80200a08 80200a08        0     1                 
80200a08 80200a08        0     1                 
80200a24 80200a24        0     1                 
80200a24 80200a24        0     1                 
80200a26 80200a26        0     1                 
80200a26 80200a26        0     1                 
80200a28 80200a28      28a     4         /tmp/common-7b1c87.o:(.text)
80200a28 80200a28        0     1                 
80200a28 80200a28        0     1                 
80200a28 80200a28        0     1                 
80200a28 80200a28      200     1                 printf
80200a2a 80200a2a        0     1                 
80200a44 80200a44        0     1                 
80200a56 80200a56        0     1                 
80200a82 80200a82        0     1                 
80200a86 80200a86        0     1                 
80200a88 80200a88        0     1                 
80200a8c 80200a8c        0     1                 
80200a94 80200a94        0     1                 
80200a9c 80200a9c        0     1                 
80200a9c 80200a9c        0     1                 
80200a9e 80200a9e        0     1                 
80200aa0 80200aa0        0     1                 
80200aa4 80200aa4        0     1                 
80200aa6 80200aa6        0     1                 
80200ab2 80200ab2        0     1                 
80200abe 80200abe        0     1                 
80200ac2 80200ac2        0     1                 
80200ac4 80200ac4        0     1                 
80200aca 80200aca        0     1                 
80200ad2 80200ad2        0     1                 
80200ad2 80200ad2        0     1                 
80200adc 80200adc        0     1                 
80200adc 80200adc        0     1                 
80200ae0 80200ae0        0     1                 
80200ae6 80200ae6        0     1                 
80200aee 80200aee        0     1                 
80200aee 80200aee        0     1                 
80200af2 80200af2        0     1                 
80200af4 80200af4        0     1                 
80200afa 80200afa        0     1                 
80200b02 80200b02        0     1                 
80200b02 80200b02        0     1                 
80200b06 80200b06        0     1                 
80200b08 80200b08        0     1                 
80200b0e 80200b0e        0     1                 
80200b16 80200b16        0     1                 
80200b16 80200b16        0     1                 
80200b1a 80200b1a        0     1                 
80200b1c 80200b1c        0     1                 
80200b22 80200b22        0     1                 
80200b2a 80200b2a        0     1                 
80200b2a 80200b2a        0     1                 
80200b2e 80200b2e        0     1                 
80200b30 80200b30        0     1                 
80200b36 80200b36        0     1                 
80200b3e 80200b3e        0     1                 
80200b3e 80200b3e        0     1                 
80200b42 80200b42        0     1                 
80200b44 80200b44        0     1                 
80200b4a 80200b4a        0     1                 
80200b52 80200b52        0     1                 
80200b52 80200b52        0     1                 
80200b56 80200b56        0     1                 
80200b58 80200b58        0     1                 
80200b5e 80200b5e        0     1                 
80200b66 80200b66        0     1                 
80200b66 80200b66        0     1                 
80200b6a 80200b6a        0     1                 
80200b70 80200b70        0     1                 
80200b70 80200b70        0     1                 
80200b78 80200b78        0     1                 
80200b78 80200b78        0     1                 
80200b7a 80200b7a        0     1                 
80200b7c 80200b7c        0     1                 
80200b7c 80200b7c        0     1                 
80200b86 80200b86        0     1                 
80200b8a 80200b8a        0     1                 
80200b92 80200b92        0     1                 
80200b9e 80200b9e        0     1                 
80200b9e 80200b9e        0     1                 
80200ba2 80200ba2        0     1                 
80200ba8 80200ba8        0     1                 
80200ba8 80200ba8        0     1                 
80200bb4 80200bb4        0     1                 
80200bb4 80200bb4        0     1                 
80200bb8 80200bb8        0     1                 
80200bba 80200bba        0     1                 
80200bbe 80200bbe        0     1                 
80200bc0 80200bc0        0     1                 
80200bc4 80200bc4        0     1                 
80200bc8 80200bc8        0     1                 
80200bcc 80200bcc        0     1                 
80200bd0 80200bd0        0     1                 
80200bd2 80200bd2        0     1                 
80200bd6 80200bd6        0     1                 
80200bda 80200bda        0     1                 
80200be6 80200be6        0     1                 
80200be6 80200be6        0     1                 
80200bee 80200bee        0     1                 
80200bf4 80200bf4        0     1                 
80200bf8 80200bf8        0     1                 
80200bfe 80200bfe        0     1                 
80200c0a 80200c0a        0     1                 
80200c0a 80200c0a        0     1                 
80200c28 80200c28        0     1                 
80200c28 80200c28        0     1                 
80200c28 80200c28        0     1                 
80200c28 80200c28        0     1                 
80200c28 80200c28        0     1                 
80200c28 80200c28        0     1                 
80200c28 80200c28       1a     1                 memcpy
80200c2a 80200c2a        0     1                 
80200c2c 80200c2c        0     1                 
80200c30 80200c30        0     1                 
80200c32 80200c32        0     1                 
80200c34 80200c34        0     1                 
80200c38 80200c38        0     1                 
80200c3c 80200c3c        0     1                 
80200c3e 80200c3e        0     1                 
80200c40 80200c40        0     1                 
80200c42 80200c42        0     1                 
80200c42 80200c42        0     1                 
80200c42 80200c42        0     1                 
80200c42 80200c42        0     1                 
80200c42 80200c42        0     1                 
80200c42 80200c42        0     1                 
80200c42 80200c42       14     1                 memset
80200c44 80200c44        0     1                 
80200c46 80200c46        0     1                 
80200c48 80200c48        0     1                 
80200c4c 80200c4c        0     1                 
80200c50 80200c50        0     1                 
80200c52 80200c52        0     1                 
80200c54 80200c54        0     1                 
80200c56 80200c56        0     1                 
80200c56 80200c56        0     1                 
80200c56 80200c56        0     1                 
80200c56 80200c56        0     1                 
80200c56 80200c56        0     1                 
80200c56 80200c56        0     1                 
80200c56 80200c56       24     1                 strcpy
80200c5c 80200c5c        0     1                 
80200c60 80200c60        0     1                 
80200c62 80200c62        0     1                 
80200c66 80200c66        0     1                 
80200c6a 80200c6a        0     1                 
80200c6e 80200c6e        0     1                 
80200c70 80200c70        0     1                 
80200c72 80200c72        0     1                 
80200c74 80200c74        0     1                 
80200c78 80200c78        0     1                 
80200c7a 80200c7a        0     1                 
80200c7a 80200c7a        0     1                 
80200c7a 80200c7a        0     1                 
80200c7a 80200c7a        0     1                 
80200c7a 80200c7a        0     1                 
80200c7a 80200c7a        0     1                 
80200c7a 80200c7a       38     1                 strcmp
80200c7e 80200c7e        0     1                 
80200c80 80200c80        0     1                 
80200c82 80200c82        0     1                 
80200c86 80200c86        0     1                 
80200c94 80200c94        0     1                 
80200c98 80200c98        0     1                 
80200c9c 80200c9c        0     1                 
80200c9e 80200c9e        0     1                 
80200ca2 80200ca2        0     1                 
80200ca4 80200ca4        0     1                 
80200ca8 80200ca8        0     1                 
80200cac 80200cac        0     1                 
80200cb0 80200cb0        0     1                 
80200cb2 80200cb2        0     1                 
80200cb2 80200cb2        0     1                 
80201000 80201000      19c  4096 .rodata
80201000 80201000      19c     1         <internal>:(.rodata)
80202000 80202000    10460  4096 .data
80202000 80202000    10460     1         shell.bin.o:(.data)
80202000 80202000        0     1                 _binary_shell_bin_start
80212460 80212460        0     1                 _binary_shell_bin_end
80212460 80212460        4     4 .sdata
80212460 80212460        4     4         /tmp/kernel-b85f1d.o:(.sdata)
80212460 80212460        4     1                 alloc_pages.next_paddr
80213000 80213000    10088  4096 .bss
80213000 80213000        0     1         __bss = .
80213000 80213000        8     4         /tmp/kernel-b85f1d.o:(.sbss)
80213000 80213000        4     1                 current_proc
80213004 80213004        4     1                 idle_proc
80213008 80213008    10080     4         /tmp/kernel-b85f1d.o:(.bss)
80213008 80213008    10080     1                 procs
80223088 80223088        0     1         __bss_end = .
80223088 80223088      f78     1 . = ALIGN ( 4096 )
80224000 80224000    20000     1 . += 128 * 1024
80244000 80244000        0     1 __stack_top = .
80244000 80244000        0     1 . = ALIGN ( 4096 )
80244000 80244000        0     1 __free_ram = .
80244000 80244000  4000000     1 . += 64 * 1024 * 1024
84244000 84244000        0     1 __free_ram_end = .
       0        0      82e     1 .debug_loclists
       0        0      5e4     1         /tmp/kernel-b85f1d.o:(.debug_loclists)
       c        c        0     1                 
     5e4      5e4      24a     1         /tmp/common-7b1c87.o:(.debug_loclists)
     5f0      5f0        0     1                 
       0        0      3af     1 .debug_abbrev
       0        0      2aa     1         /tmp/kernel-b85f1d.o:(.debug_abbrev)
     2aa      2aa      105     1         /tmp/common-7b1c87.o:(.debug_abbrev)
       0        0      bcf     1 .debug_info
       0        0      9ae     1         /tmp/kernel-b85f1d.o:(.debug_info)
     9ae      9ae      221     1         /tmp/common-7b1c87.o:(.debug_info)
       0        0       cb     1 .debug_rnglists
       0        0       b0     1         /tmp/kernel-b85f1d.o:(.debug_rnglists)
       c        c        0     1                 
      b0       b0       1b     1         /tmp/common-7b1c87.o:(.debug_rnglists)
      bc       bc        0     1                 
       0        0      25c     1 .debug_str_offsets
       0        0      1c8     1         /tmp/kernel-b85f1d.o:(.debug_str_offsets)
       8        8        0     1                 
     1c8      1c8       94     1         /tmp/common-7b1c87.o:(.debug_str_offsets)
     1d0      1d0        0     1                 
       0        0      35b     1 .debug_str
       0        0      35b     1         <internal>:(.debug_str)
       0        0      160     1 .debug_addr
       0        0      104     1         /tmp/kernel-b85f1d.o:(.debug_addr)
       8        8        0     1                 
     104      104       5c     1         /tmp/common-7b1c87.o:(.debug_addr)
     10c      10c        0     1                 
       0        0       42     1 .comment
       0        0       42     1         <internal>:(.comment)
       0        0       2b     1 .riscv.attributes
       0        0       2b     1         /tmp/kernel-b85f1d.o:(.riscv.attributes)
       0        0      1dc     4 .debug_frame
       0        0      158     4         /tmp/kernel-b85f1d.o:(.debug_frame)
       0        0        0     1                 
     158      158       84     4         /tmp/common-7b1c87.o:(.debug_frame)
     158      158        0     1                 
       0        0      f12     1 .debug_line
       0        0      ab2     1         /tmp/kernel-b85f1d.o:(.debug_line)
       0        0        0     1                 .Lline_table_start0
     ab2      ab2      460     1         /tmp/common-7b1c87.o:(.debug_line)
     ab2      ab2        0     1                 .Lline_table_start0
       0        0       39     1 .debug_line_str
       0        0       39     1         <internal>:(.debug_line_str)
       0        0     3200     4 .symtab
       0        0     3200     4         <internal>:(.symtab)
       0        0       e3     1 .shstrtab
       0        0       e3     1         <internal>:(.shstrtab)
       0        0      1b7     1 .strtab
       0        0      1b7     1         <internal>:(.strtab)
