     VMA      LMA     Size Align Out     In      Symbol
       0        0 80200000     1 . = 0x80200000
80200000        0        0     1 __kernel_base = .
80200000 80200000      b46     4 .text
80200000 80200000        e     2         /tmp/kernel-ec7755.o:(.text.boot)
80200000 80200000        0     1                 
80200000 80200000        0     1                 
80200000 80200000        0     1                 
80200000 80200000        0     1                 
80200000 80200000        e     1                 boot
8020000e 8020000e        0     1                 
8020000e 8020000e        0     1                 
80200010 80200010      8ac     4         /tmp/kernel-ec7755.o:(.text)
80200010 80200010        0     1                 
80200010 80200010        0     1                 
80200010 80200010        0     1                 
80200010 80200010        0     1                 
80200010 80200010        6     1                 sbi_call
80200014 80200014        0     1                 
80200016 80200016        0     1                 
80200016 80200016        0     1                 
80200016 80200016        0     1                 
80200016 80200016        0     1                 
80200016 80200016        0     1                 
80200016 80200016        0     1                 
80200016 80200016       14     1                 putchar
80200028 80200028        0     1                 
80200028 80200028        0     1                 
8020002a 8020002a        0     1                 
8020002a 8020002a        0     1                 
8020002a 8020002a        0     1                 
8020002a 8020002a        0     1                 
8020002a 8020002a        0     1                 
8020002a 8020002a       64     1                 handle_syscall
8020002c 8020002c        0     1                 
8020002c 8020002c        0     1                 
8020002e 8020002e        0     1                 
80200050 80200050        0     1                 
80200054 80200054        0     1                 
80200058 80200058        0     1                 
80200058 80200058        0     1                 
8020006a 8020006a        0     1                 
8020006a 8020006a        0     1                 
80200070 80200070        0     1                 
8020008c 8020008c        0     1                 
8020008c 8020008c        0     1                 
8020008e 8020008e        0     1                 
8020008e 8020008e        0     1                 
8020008e 8020008e        0     1                 
8020008e 8020008e        0     1                 
8020008e 8020008e        0     1                 
8020008e 8020008e       9e     1                 handle_trap
80200090 80200090        0     1                 
80200090 80200090        0     1                 
80200090 80200090        0     1                 
80200092 80200092        0     1                 
80200096 80200096        0     1                 
80200096 80200096        0     1                 
8020009a 8020009a        0     1                 
8020009c 8020009c        0     1                 
8020009c 8020009c        0     1                 
802000a0 802000a0        0     1                 
802000a0 802000a0        0     1                 
802000a4 802000a4        0     1                 
802000c6 802000c6        0     1                 
802000ca 802000ca        0     1                 
802000ce 802000ce        0     1                 
802000ce 802000ce        0     1                 
802000e0 802000e0        0     1                 
802000e0 802000e0        0     1                 
802000e4 802000e4        0     1                 
802000e4 802000e4        0     1                 
802000e8 802000e8        0     1                 
802000e8 802000e8        0     1                 
802000ee 802000ee        0     1                 
8020010c 8020010c        0     1                 
8020010c 8020010c        0     1                 
8020010e 8020010e        0     1                 
8020012a 8020012a        0     1                 
8020012a 8020012a        0     1                 
8020012c 8020012c        0     1                 
8020012c 8020012c        0     1                 
8020012c 8020012c        0     1                 
8020012c 8020012c        0     1                 
8020012c 8020012c        0     1                 
8020012c 8020012c        0     1                 
8020012c 8020012c       96     1                 kernel_entry
802001c2 802001c2        0     1                 
802001c2 802001c2        0     1                 
802001c2 802001c2        0     1                 
802001c2 802001c2        0     1                 
802001c2 802001c2        0     1                 
802001c2 802001c2       5a     1                 alloc_pages
802001c4 802001c4        0     1                 
802001c4 802001c4        0     1                 
802001c8 802001c8        0     1                 
802001d0 802001d0        0     1                 
802001d4 802001d4        0     1                 
802001d8 802001d8        0     1                 
802001e0 802001e0        0     1                 
802001e4 802001e4        0     1                 
802001e8 802001e8        0     1                 
80200204 80200204        0     1                 
80200204 80200204        0     1                 
80200206 80200206        0     1                 
80200212 80200212        0     1                 
80200212 80200212        0     1                 
8020021c 8020021c        0     1                 
8020021c 8020021c        0     1                 
8020021c 8020021c        0     1                 
8020021c 8020021c        0     1                 
8020021c 8020021c        0     1                 
8020021c 8020021c      10c     1                 map_page
8020021e 8020021e        0     1                 
8020022c 8020022c        0     1                 
80200232 80200232        0     1                 
80200238 80200238        0     1                 
8020023a 8020023a        0     1                 
80200256 80200256        0     1                 
80200256 80200256        0     1                 
80200258 80200258        0     1                 
8020025a 8020025a        0     1                 
8020025e 8020025e        0     1                 
80200260 80200260        0     1                 
8020027c 8020027c        0     1                 
8020027c 8020027c        0     1                 
8020027e 8020027e        0     1                 
80200280 80200280        0     1                 
80200284 80200284        0     1                 
80200286 80200286        0     1                 
8020028e 8020028e        0     1                 
80200292 80200292        0     1                 
8020029a 8020029a        0     1                 
8020029c 8020029c        0     1                 
8020029c 8020029c        0     1                 
802002a4 802002a4        0     1                 
802002a6 802002a6        0     1                 
802002a8 802002a8        0     1                 
802002b0 802002b0        0     1                 
802002b4 802002b4        0     1                 
802002b8 802002b8        0     1                 
802002d4 802002d4        0     1                 
802002d4 802002d4        0     1                 
802002d6 802002d6        0     1                 
802002e4 802002e4        0     1                 
802002e4 802002e4        0     1                 
802002ec 802002ec        0     1                 
802002f0 802002f0        0     1                 
802002f4 802002f4        0     1                 
802002f4 802002f4        0     1                 
802002f8 802002f8        0     1                 
80200300 80200300        0     1                 
80200308 80200308        0     1                 
80200314 80200314        0     1                 
80200316 80200316        0     1                 
80200328 80200328        0     1                 
80200328 80200328        0     1                 
80200328 80200328        0     1                 
80200328 80200328        0     1                 
80200328 80200328        0     1                 
80200328 80200328       14     1                 user_entry
80200330 80200330        0     1                 
8020033c 8020033c        0     1                 
8020033c 8020033c        0     1                 
8020033c 8020033c        0     1                 
8020033c 8020033c        0     1                 
8020033c 8020033c        0     1                 
8020033c 8020033c        0     1                 
8020033c 8020033c       46     1                 switch_context
80200382 80200382        0     1                 
80200382 80200382        0     1                 
80200382 80200382        0     1                 
80200382 80200382        0     1                 
80200382 80200382        0     1                 
80200382 80200382      2bc     1                 create_process
80200384 80200384        0     1                 
8020039e 8020039e        0     1                 
802003a6 802003a6        0     1                 
802003aa 802003aa        0     1                 
802003ac 802003ac        0     1                 
802003ae 802003ae        0     1                 
802003b4 802003b4        0     1                 
802003b6 802003b6        0     1                 
802003b8 802003b8        0     1                 
802003c8 802003c8        0     1                 
802003ca 802003ca        0     1                 
802003cc 802003cc        0     1                 
802003d4 802003d4        0     1                 
802003d6 802003d6        0     1                 
802003d8 802003d8        0     1                 
802003e8 802003e8        0     1                 
802003ea 802003ea        0     1                 
802003ec 802003ec        0     1                 
802003f4 802003f4        0     1                 
802003f6 802003f6        0     1                 
802003f8 802003f8        0     1                 
80200408 80200408        0     1                 
8020040a 8020040a        0     1                 
8020040c 8020040c        0     1                 
80200414 80200414        0     1                 
80200416 80200416        0     1                 
80200418 80200418        0     1                 
80200434 80200434        0     1                 
80200434 80200434        0     1                 
80200436 80200436        0     1                 
8020045a 8020045a        0     1                 
80200462 80200462        0     1                 
80200466 80200466        0     1                 
80200468 80200468        0     1                 
80200470 80200470        0     1                 
80200472 80200472        0     1                 
8020047a 8020047a        0     1                 
8020047c 8020047c        0     1                 
80200480 80200480        0     1                 
80200484 80200484        0     1                 
8020048c 8020048c        0     1                 
8020048e 8020048e        0     1                 
80200496 80200496        0     1                 
80200498 80200498        0     1                 
802004a0 802004a0        0     1                 
802004a2 802004a2        0     1                 
802004aa 802004aa        0     1                 
802004ac 802004ac        0     1                 
802004b4 802004b4        0     1                 
802004b6 802004b6        0     1                 
802004be 802004be        0     1                 
802004c0 802004c0        0     1                 
802004c8 802004c8        0     1                 
802004ca 802004ca        0     1                 
802004d2 802004d2        0     1                 
802004d4 802004d4        0     1                 
802004dc 802004dc        0     1                 
802004e0 802004e0        0     1                 
802004e4 802004e4        0     1                 
802004ec 802004ec        0     1                 
802004f4 802004f4        0     1                 
802004f6 802004f6        0     1                 
802004fe 802004fe        0     1                 
80200506 80200506        0     1                 
80200522 80200522        0     1                 
80200522 80200522        0     1                 
80200524 80200524        0     1                 
80200528 80200528        0     1                 
80200538 80200538        0     1                 
80200538 80200538        0     1                 
80200544 80200544        0     1                 
8020054c 8020054c        0     1                 
8020055c 8020055c        0     1                 
8020055c 8020055c        0     1                 
8020055e 8020055e        0     1                 
80200562 80200562        0     1                 
80200562 80200562        0     1                 
80200566 80200566        0     1                 
80200580 80200580        0     1                 
8020058e 8020058e        0     1                 
8020058e 8020058e        0     1                 
80200592 80200592        0     1                 
802005a0 802005a0        0     1                 
802005a0 802005a0        0     1                 
802005a2 802005a2        0     1                 
802005aa 802005aa        0     1                 
802005ae 802005ae        0     1                 
802005b2 802005b2        0     1                 
802005ba 802005ba        0     1                 
802005be 802005be        0     1                 
802005cc 802005cc        0     1                 
802005cc 802005cc        0     1                 
802005d4 802005d4        0     1                 
802005da 802005da        0     1                 
802005de 802005de        0     1                 
802005e6 802005e6        0     1                 
802005f6 802005f6        0     1                 
802005f8 802005f8        0     1                 
802005fc 802005fc        0     1                 
80200600 80200600        0     1                 
80200620 80200620        0     1                 
8020063c 8020063c        0     1                 
8020063c 8020063c        0     1                 
8020063e 8020063e        0     1                 
8020063e 8020063e        0     1                 
8020063e 8020063e        0     1                 
8020063e 8020063e        0     1                 
8020063e 8020063e        0     1                 
8020063e 8020063e      1b0     1                 yield
8020064a 8020064a        0     1                 
8020064e 8020064e        0     1                 
80200660 80200660        0     1                 
8020066e 8020066e        0     1                 
80200670 80200670        0     1                 
80200674 80200674        0     1                 
80200676 80200676        0     1                 
8020067a 8020067a        0     1                 
8020067c 8020067c        0     1                 
80200680 80200680        0     1                 
80200684 80200684        0     1                 
80200690 80200690        0     1                 
80200698 80200698        0     1                 
8020069a 8020069a        0     1                 
8020069e 8020069e        0     1                 
802006a0 802006a0        0     1                 
802006a4 802006a4        0     1                 
802006a8 802006a8        0     1                 
802006ba 802006ba        0     1                 
802006ca 802006ca        0     1                 
802006ce 802006ce        0     1                 
802006d2 802006d2        0     1                 
802006d4 802006d4        0     1                 
802006d8 802006d8        0     1                 
802006dc 802006dc        0     1                 
802006e8 802006e8        0     1                 
802006f0 802006f0        0     1                 
802006f2 802006f2        0     1                 
802006f6 802006f6        0     1                 
802006f8 802006f8        0     1                 
802006fc 802006fc        0     1                 
80200700 80200700        0     1                 
80200712 80200712        0     1                 
80200722 80200722        0     1                 
80200726 80200726        0     1                 
8020072a 8020072a        0     1                 
8020072c 8020072c        0     1                 
80200730 80200730        0     1                 
80200734 80200734        0     1                 
80200740 80200740        0     1                 
80200748 80200748        0     1                 
8020074a 8020074a        0     1                 
8020074e 8020074e        0     1                 
80200750 80200750        0     1                 
80200754 80200754        0     1                 
80200758 80200758        0     1                 
8020076a 8020076a        0     1                 
8020077a 8020077a        0     1                 
8020077e 8020077e        0     1                 
80200782 80200782        0     1                 
80200784 80200784        0     1                 
80200788 80200788        0     1                 
8020078c 8020078c        0     1                 
80200798 80200798        0     1                 
802007a0 802007a0        0     1                 
802007a2 802007a2        0     1                 
802007a6 802007a6        0     1                 
802007a8 802007a8        0     1                 
802007ac 802007ac        0     1                 
802007ae 802007ae        0     1                 
802007b2 802007b2        0     1                 
802007b4 802007b4        0     1                 
802007ba 802007ba        0     1                 
802007c0 802007c0        0     1                 
802007c2 802007c2        0     1                 
802007d2 802007d2        0     1                 
802007da 802007da        0     1                 
802007dc 802007dc        0     1                 
802007e0 802007e0        0     1                 
802007e4 802007e4        0     1                 
802007e4 802007e4        0     1                 
802007ec 802007ec        0     1                 
802007ee 802007ee        0     1                 
802007ee 802007ee        0     1                 
802007ee 802007ee        0     1                 
802007ee 802007ee        0     1                 
802007ee 802007ee        0     1                 
802007ee 802007ee       10     1                 delay
802007f6 802007f6        0     1                 
802007f6 802007f6        0     1                 
802007f8 802007f8        0     1                 
802007fa 802007fa        0     1                 
802007fc 802007fc        0     1                 
802007fc 802007fc        0     1                 
802007fe 802007fe        0     1                 
802007fe 802007fe        0     1                 
802007fe 802007fe        0     1                 
802007fe 802007fe        0     1                 
802007fe 802007fe        0     1                 
802007fe 802007fe       be     1                 kernel_main
80200800 80200800        0     1                 
80200800 80200800        0     1                 
80200802 80200802        0     1                 
80200820 80200820        0     1                 
80200820 80200820        0     1                 
80200838 80200838        0     1                 
80200838 80200838        0     1                 
80200852 80200852        0     1                 
80200852 80200852        0     1                 
8020085e 8020085e        0     1                 
8020085e 8020085e        0     1                 
8020086a 8020086a        0     1                 
8020086a 8020086a        0     1                 
80200872 80200872        0     1                 
80200876 80200876        0     1                 
8020087e 8020087e        0     1                 
80200896 80200896        0     1                 
80200896 80200896        0     1                 
8020089e 8020089e        0     1                 
8020089e 8020089e        0     1                 
802008ba 802008ba        0     1                 
802008ba 802008ba        0     1                 
802008bc 802008bc        0     1                 
802008bc 802008bc        0     1                 
802008bc 802008bc      28a     4         /tmp/common-0fe5df.o:(.text)
802008bc 802008bc        0     1                 
802008bc 802008bc        0     1                 
802008bc 802008bc        0     1                 
802008bc 802008bc      200     1                 printf
802008be 802008be        0     1                 
802008d8 802008d8        0     1                 
802008ea 802008ea        0     1                 
80200916 80200916        0     1                 
8020091a 8020091a        0     1                 
8020091c 8020091c        0     1                 
80200920 80200920        0     1                 
80200928 80200928        0     1                 
80200930 80200930        0     1                 
80200930 80200930        0     1                 
80200932 80200932        0     1                 
80200934 80200934        0     1                 
80200938 80200938        0     1                 
8020093a 8020093a        0     1                 
80200946 80200946        0     1                 
80200952 80200952        0     1                 
80200956 80200956        0     1                 
80200958 80200958        0     1                 
8020095e 8020095e        0     1                 
80200966 80200966        0     1                 
80200966 80200966        0     1                 
80200970 80200970        0     1                 
80200970 80200970        0     1                 
80200974 80200974        0     1                 
8020097a 8020097a        0     1                 
80200982 80200982        0     1                 
80200982 80200982        0     1                 
80200986 80200986        0     1                 
80200988 80200988        0     1                 
8020098e 8020098e        0     1                 
80200996 80200996        0     1                 
80200996 80200996        0     1                 
8020099a 8020099a        0     1                 
8020099c 8020099c        0     1                 
802009a2 802009a2        0     1                 
802009aa 802009aa        0     1                 
802009aa 802009aa        0     1                 
802009ae 802009ae        0     1                 
802009b0 802009b0        0     1                 
802009b6 802009b6        0     1                 
802009be 802009be        0     1                 
802009be 802009be        0     1                 
802009c2 802009c2        0     1                 
802009c4 802009c4        0     1                 
802009ca 802009ca        0     1                 
802009d2 802009d2        0     1                 
802009d2 802009d2        0     1                 
802009d6 802009d6        0     1                 
802009d8 802009d8        0     1                 
802009de 802009de        0     1                 
802009e6 802009e6        0     1                 
802009e6 802009e6        0     1                 
802009ea 802009ea        0     1                 
802009ec 802009ec        0     1                 
802009f2 802009f2        0     1                 
802009fa 802009fa        0     1                 
802009fa 802009fa        0     1                 
802009fe 802009fe        0     1                 
80200a04 80200a04        0     1                 
80200a04 80200a04        0     1                 
80200a0c 80200a0c        0     1                 
80200a0c 80200a0c        0     1                 
80200a0e 80200a0e        0     1                 
80200a10 80200a10        0     1                 
80200a10 80200a10        0     1                 
80200a1a 80200a1a        0     1                 
80200a1e 80200a1e        0     1                 
80200a26 80200a26        0     1                 
80200a32 80200a32        0     1                 
80200a32 80200a32        0     1                 
80200a36 80200a36        0     1                 
80200a3c 80200a3c        0     1                 
80200a3c 80200a3c        0     1                 
80200a48 80200a48        0     1                 
80200a48 80200a48        0     1                 
80200a4c 80200a4c        0     1                 
80200a4e 80200a4e        0     1                 
80200a52 80200a52        0     1                 
80200a54 80200a54        0     1                 
80200a58 80200a58        0     1                 
80200a5c 80200a5c        0     1                 
80200a60 80200a60        0     1                 
80200a64 80200a64        0     1                 
80200a66 80200a66        0     1                 
80200a6a 80200a6a        0     1                 
80200a6e 80200a6e        0     1                 
80200a7a 80200a7a        0     1                 
80200a7a 80200a7a        0     1                 
80200a82 80200a82        0     1                 
80200a88 80200a88        0     1                 
80200a8c 80200a8c        0     1                 
80200a92 80200a92        0     1                 
80200a9e 80200a9e        0     1                 
80200a9e 80200a9e        0     1                 
80200abc 80200abc        0     1                 
80200abc 80200abc        0     1                 
80200abc 80200abc        0     1                 
80200abc 80200abc        0     1                 
80200abc 80200abc        0     1                 
80200abc 80200abc        0     1                 
80200abc 80200abc       1a     1                 memcpy
80200abe 80200abe        0     1                 
80200ac0 80200ac0        0     1                 
80200ac4 80200ac4        0     1                 
80200ac6 80200ac6        0     1                 
80200ac8 80200ac8        0     1                 
80200acc 80200acc        0     1                 
80200ad0 80200ad0        0     1                 
80200ad2 80200ad2        0     1                 
80200ad4 80200ad4        0     1                 
80200ad6 80200ad6        0     1                 
80200ad6 80200ad6        0     1                 
80200ad6 80200ad6        0     1                 
80200ad6 80200ad6        0     1                 
80200ad6 80200ad6        0     1                 
80200ad6 80200ad6        0     1                 
80200ad6 80200ad6       14     1                 memset
80200ad8 80200ad8        0     1                 
80200ada 80200ada        0     1                 
80200adc 80200adc        0     1                 
80200ae0 80200ae0        0     1                 
80200ae4 80200ae4        0     1                 
80200ae6 80200ae6        0     1                 
80200ae8 80200ae8        0     1                 
80200aea 80200aea        0     1                 
80200aea 80200aea        0     1                 
80200aea 80200aea        0     1                 
80200aea 80200aea        0     1                 
80200aea 80200aea        0     1                 
80200aea 80200aea        0     1                 
80200aea 80200aea       24     1                 strcpy
80200af0 80200af0        0     1                 
80200af4 80200af4        0     1                 
80200af6 80200af6        0     1                 
80200afa 80200afa        0     1                 
80200afe 80200afe        0     1                 
80200b02 80200b02        0     1                 
80200b04 80200b04        0     1                 
80200b06 80200b06        0     1                 
80200b08 80200b08        0     1                 
80200b0c 80200b0c        0     1                 
80200b0e 80200b0e        0     1                 
80200b0e 80200b0e        0     1                 
80200b0e 80200b0e        0     1                 
80200b0e 80200b0e        0     1                 
80200b0e 80200b0e        0     1                 
80200b0e 80200b0e        0     1                 
80200b0e 80200b0e       38     1                 strcmp
80200b12 80200b12        0     1                 
80200b14 80200b14        0     1                 
80200b16 80200b16        0     1                 
80200b1a 80200b1a        0     1                 
80200b28 80200b28        0     1                 
80200b2c 80200b2c        0     1                 
80200b30 80200b30        0     1                 
80200b32 80200b32        0     1                 
80200b36 80200b36        0     1                 
80200b38 80200b38        0     1                 
80200b3c 80200b3c        0     1                 
80200b40 80200b40        0     1                 
80200b44 80200b44        0     1                 
80200b46 80200b46        0     1                 
80200b46 80200b46        0     1                 
80200b48 80200b48      16e     4 .rodata
80200b48 80200b48      16e     1         <internal>:(.rodata)
80200cb8 80200cb8    10300     4 .data
80200cb8 80200cb8    10300     1         shell.bin.o:(.data)
80200cb8 80200cb8        0     1                 _binary_shell_bin_start
80210fb8 80210fb8        0     1                 _binary_shell_bin_end
80210fb8 80210fb8        4     4 .sdata
80210fb8 80210fb8        4     4         /tmp/kernel-ec7755.o:(.sdata)
80210fb8 80210fb8        4     1                 alloc_pages.next_paddr
80210fbc 80210fbc    10088     4 .bss
80210fbc 80210fbc        0     1         __bss = .
80210fbc 80210fbc    10080     4         /tmp/kernel-ec7755.o:(.bss)
80210fbc 80210fbc    10080     1                 procs
8022103c 8022103c        8     4         /tmp/kernel-ec7755.o:(.sbss)
8022103c 8022103c        4     1                 idle_proc
80221040 80221040        4     1                 current_proc
80221044 80221044        0     1         __bss_end = .
80221044 80221044        0     1 . = ALIGN ( 4 )
80221044 80221044    20000     1 . += 128 * 1024
80241044 80241044        0     1 __stack_top = .
80241044 80241044      fbc     1 . = ALIGN ( 4096 )
80242000 80242000        0     1 __free_ram = .
80242000 80242000  4000000     1 . += 64 * 1024 * 1024
84242000 84242000        0     1 __free_ram_end = .
       0        0      703     1 .debug_loclists
       0        0      4b9     1         /tmp/kernel-ec7755.o:(.debug_loclists)
       c        c        0     1                 
     4b9      4b9      24a     1         /tmp/common-0fe5df.o:(.debug_loclists)
     4c5      4c5        0     1                 
       0        0      394     1 .debug_abbrev
       0        0      28f     1         /tmp/kernel-ec7755.o:(.debug_abbrev)
     28f      28f      105     1         /tmp/common-0fe5df.o:(.debug_abbrev)
       0        0      a81     1 .debug_info
       0        0      860     1         /tmp/kernel-ec7755.o:(.debug_info)
     860      860      221     1         /tmp/common-0fe5df.o:(.debug_info)
       0        0       af     1 .debug_rnglists
       0        0       94     1         /tmp/kernel-ec7755.o:(.debug_rnglists)
       c        c        0     1                 
      94       94       1b     1         /tmp/common-0fe5df.o:(.debug_rnglists)
      a0       a0        0     1                 
       0        0      250     1 .debug_str_offsets
       0        0      1bc     1         /tmp/kernel-ec7755.o:(.debug_str_offsets)
       8        8        0     1                 
     1bc      1bc       94     1         /tmp/common-0fe5df.o:(.debug_str_offsets)
     1c4      1c4        0     1                 
       0        0      344     1 .debug_str
       0        0      344     1         <internal>:(.debug_str)
       0        0      130     1 .debug_addr
       0        0       d4     1         /tmp/kernel-ec7755.o:(.debug_addr)
       8        8        0     1                 
      d4       d4       5c     1         /tmp/common-0fe5df.o:(.debug_addr)
      dc       dc        0     1                 
       0        0       42     1 .comment
       0        0       42     1         <internal>:(.comment)
       0        0       2b     1 .riscv.attributes
       0        0       2b     1         /tmp/kernel-ec7755.o:(.riscv.attributes)
       0        0      1cc     4 .debug_frame
       0        0      148     4         /tmp/kernel-ec7755.o:(.debug_frame)
       0        0        0     1                 
     148      148       84     4         /tmp/common-0fe5df.o:(.debug_frame)
     148      148        0     1                 
       0        0      d9c     1 .debug_line
       0        0      93c     1         /tmp/kernel-ec7755.o:(.debug_line)
       0        0        0     1                 .Lline_table_start0
     93c      93c      460     1         /tmp/common-0fe5df.o:(.debug_line)
     93c      93c        0     1                 .Lline_table_start0
       0        0       39     1 .debug_line_str
       0        0       39     1         <internal>:(.debug_line_str)
       0        0     2db0     4 .symtab
       0        0     2db0     4         <internal>:(.symtab)
       0        0       e3     1 .shstrtab
       0        0       e3     1         <internal>:(.shstrtab)
       0        0      1af     1 .strtab
       0        0      1af     1         <internal>:(.strtab)
