     VMA      LMA     Size Align Out     In      Symbol
       0        0 80200000     1 . = 0x80200000
80200000 80200000      3e2     4 .text
80200000 80200000      148     4         /tmp/kernel-5ee256.o:(.text)
80200000 80200000        0     1                 
80200000 80200000        0     1                 
80200000 80200000        0     1                 
80200000 80200000        0     1                 
80200000 80200000        6     1                 sbi_call
80200004 80200004        0     1                 
80200006 80200006        0     1                 
80200006 80200006        0     1                 
80200006 80200006        0     1                 
80200006 80200006        0     1                 
80200006 80200006        0     1                 
80200006 80200006        0     1                 
80200006 80200006       14     1                 putchar
80200018 80200018        0     1                 
80200018 80200018        0     1                 
8020001a 8020001a        0     1                 
8020001a 8020001a        0     1                 
8020001c 8020001c        0     1                 
8020001c 8020001c        0     1                 
8020001c 8020001c        0     1                 
8020001c 8020001c        0     1                 
8020001c 8020001c       96     1                 kernel_entry
802000b2 802000b2        0     1                 
802000b2 802000b2        0     1                 
802000b2 802000b2        0     1                 
802000b2 802000b2        0     1                 
802000b2 802000b2        0     1                 
802000b2 802000b2       68     1                 kernel_main
802000b4 802000b4        0     1                 
802000b4 802000b4        0     1                 
802000b6 802000b6        0     1                 
802000ce 802000ce        0     1                 
802000ce 802000ce        0     1                 
802000e8 802000e8        0     1                 
802000e8 802000e8        0     1                 
80200106 80200106        0     1                 
80200106 80200106        0     1                 
80200112 80200112        0     1                 
80200112 80200112        0     1                 
80200114 80200114        0     1                 
80200118 80200118        0     1                 
8020011a 8020011a        0     1                 
8020011a 8020011a        0     1                 
8020011a 8020011a        0     1                 
8020011a 8020011a        0     1                 
8020011a 8020011a        0     1                 
8020011a 8020011a       2e     1                 handle_trap
8020011c 8020011c        0     1                 
8020011c 8020011c        0     1                 
8020011c 8020011c        0     1                 
8020011e 8020011e        0     1                 
80200122 80200122        0     1                 
80200122 80200122        0     1                 
80200126 80200126        0     1                 
80200126 80200126        0     1                 
8020012a 8020012a        0     1                 
8020012a 8020012a        0     1                 
80200146 80200146        0     1                 
80200146 80200146        0     1                 
80200148 80200148        0     1                 
80200148 80200148        0     1                 
80200148 80200148        e     2         /tmp/kernel-5ee256.o:(.text.book)
80200148 80200148        0     1                 
80200148 80200148        0     1                 
80200148 80200148        0     1                 
80200148 80200148        0     1                 
80200148 80200148        e     1                 boot
80200156 80200156        0     1                 
80200156 80200156        0     1                 
80200158 80200158      28a     4         /tmp/common-23d68a.o:(.text)
80200158 80200158        0     1                 
80200158 80200158        0     1                 
80200158 80200158        0     1                 
80200158 80200158      200     1                 printf
8020015a 8020015a        0     1                 
80200174 80200174        0     1                 
80200186 80200186        0     1                 
802001b2 802001b2        0     1                 
802001b6 802001b6        0     1                 
802001b8 802001b8        0     1                 
802001bc 802001bc        0     1                 
802001c4 802001c4        0     1                 
802001cc 802001cc        0     1                 
802001cc 802001cc        0     1                 
802001ce 802001ce        0     1                 
802001d0 802001d0        0     1                 
802001d4 802001d4        0     1                 
802001d6 802001d6        0     1                 
802001e2 802001e2        0     1                 
802001ee 802001ee        0     1                 
802001f2 802001f2        0     1                 
802001f4 802001f4        0     1                 
802001fa 802001fa        0     1                 
80200202 80200202        0     1                 
80200202 80200202        0     1                 
8020020c 8020020c        0     1                 
8020020c 8020020c        0     1                 
80200210 80200210        0     1                 
80200216 80200216        0     1                 
8020021e 8020021e        0     1                 
8020021e 8020021e        0     1                 
80200222 80200222        0     1                 
80200224 80200224        0     1                 
8020022a 8020022a        0     1                 
80200232 80200232        0     1                 
80200232 80200232        0     1                 
80200236 80200236        0     1                 
80200238 80200238        0     1                 
8020023e 8020023e        0     1                 
80200246 80200246        0     1                 
80200246 80200246        0     1                 
8020024a 8020024a        0     1                 
8020024c 8020024c        0     1                 
80200252 80200252        0     1                 
8020025a 8020025a        0     1                 
8020025a 8020025a        0     1                 
8020025e 8020025e        0     1                 
80200260 80200260        0     1                 
80200266 80200266        0     1                 
8020026e 8020026e        0     1                 
8020026e 8020026e        0     1                 
80200272 80200272        0     1                 
80200274 80200274        0     1                 
8020027a 8020027a        0     1                 
80200282 80200282        0     1                 
80200282 80200282        0     1                 
80200286 80200286        0     1                 
80200288 80200288        0     1                 
8020028e 8020028e        0     1                 
80200296 80200296        0     1                 
80200296 80200296        0     1                 
8020029a 8020029a        0     1                 
802002a0 802002a0        0     1                 
802002a0 802002a0        0     1                 
802002a8 802002a8        0     1                 
802002a8 802002a8        0     1                 
802002aa 802002aa        0     1                 
802002ac 802002ac        0     1                 
802002ac 802002ac        0     1                 
802002b6 802002b6        0     1                 
802002ba 802002ba        0     1                 
802002c2 802002c2        0     1                 
802002ce 802002ce        0     1                 
802002ce 802002ce        0     1                 
802002d2 802002d2        0     1                 
802002d8 802002d8        0     1                 
802002d8 802002d8        0     1                 
802002e4 802002e4        0     1                 
802002e4 802002e4        0     1                 
802002e8 802002e8        0     1                 
802002ea 802002ea        0     1                 
802002ee 802002ee        0     1                 
802002f0 802002f0        0     1                 
802002f4 802002f4        0     1                 
802002f8 802002f8        0     1                 
802002fc 802002fc        0     1                 
80200300 80200300        0     1                 
80200302 80200302        0     1                 
80200306 80200306        0     1                 
8020030a 8020030a        0     1                 
80200316 80200316        0     1                 
80200316 80200316        0     1                 
8020031e 8020031e        0     1                 
80200324 80200324        0     1                 
80200328 80200328        0     1                 
8020032e 8020032e        0     1                 
8020033a 8020033a        0     1                 
8020033a 8020033a        0     1                 
80200358 80200358        0     1                 
80200358 80200358        0     1                 
80200358 80200358        0     1                 
80200358 80200358        0     1                 
80200358 80200358        0     1                 
80200358 80200358        0     1                 
80200358 80200358       1a     1                 memcpy
8020035a 8020035a        0     1                 
8020035c 8020035c        0     1                 
80200360 80200360        0     1                 
80200362 80200362        0     1                 
80200364 80200364        0     1                 
80200368 80200368        0     1                 
8020036c 8020036c        0     1                 
8020036e 8020036e        0     1                 
80200370 80200370        0     1                 
80200372 80200372        0     1                 
80200372 80200372        0     1                 
80200372 80200372        0     1                 
80200372 80200372        0     1                 
80200372 80200372        0     1                 
80200372 80200372        0     1                 
80200372 80200372       14     1                 memset
80200374 80200374        0     1                 
80200376 80200376        0     1                 
80200378 80200378        0     1                 
8020037c 8020037c        0     1                 
80200380 80200380        0     1                 
80200382 80200382        0     1                 
80200384 80200384        0     1                 
80200386 80200386        0     1                 
80200386 80200386        0     1                 
80200386 80200386        0     1                 
80200386 80200386        0     1                 
80200386 80200386        0     1                 
80200386 80200386        0     1                 
80200386 80200386       24     1                 strcpy
8020038c 8020038c        0     1                 
80200390 80200390        0     1                 
80200392 80200392        0     1                 
80200396 80200396        0     1                 
8020039a 8020039a        0     1                 
8020039e 8020039e        0     1                 
802003a0 802003a0        0     1                 
802003a2 802003a2        0     1                 
802003a4 802003a4        0     1                 
802003a8 802003a8        0     1                 
802003aa 802003aa        0     1                 
802003aa 802003aa        0     1                 
802003aa 802003aa        0     1                 
802003aa 802003aa        0     1                 
802003aa 802003aa        0     1                 
802003aa 802003aa        0     1                 
802003aa 802003aa       38     1                 strcmp
802003ae 802003ae        0     1                 
802003b0 802003b0        0     1                 
802003b2 802003b2        0     1                 
802003b6 802003b6        0     1                 
802003c4 802003c4        0     1                 
802003c8 802003c8        0     1                 
802003cc 802003cc        0     1                 
802003ce 802003ce        0     1                 
802003d2 802003d2        0     1                 
802003d4 802003d4        0     1                 
802003d8 802003d8        0     1                 
802003dc 802003dc        0     1                 
802003e0 802003e0        0     1                 
802003e2 802003e2        0     1                 
802003e2 802003e2        0     1                 
802003e4 802003e4       7a     4 .rodata
802003e4 802003e4       7a     1         <internal>:(.rodata)
80200460 80200460        0     4 .bss
80200460 80200460        0     1         __bss = .
80200460 80200460        0     1         __bss_end = .
80200460 80200460        0     1 . = ALIGN ( 4 )
80200460 80200460    20000     1 . += 128 * 1024
80220460 80220460        0     1 __stack_top = .
       0        0      2ca     1 .debug_loclists
       0        0       80     1         /tmp/kernel-5ee256.o:(.debug_loclists)
       c        c        0     1                 
      80       80      24a     1         /tmp/common-23d68a.o:(.debug_loclists)
      8c       8c        0     1                 
       0        0      27b     1 .debug_abbrev
       0        0      176     1         /tmp/kernel-5ee256.o:(.debug_abbrev)
     176      176      105     1         /tmp/common-23d68a.o:(.debug_abbrev)
       0        0      615     1 .debug_info
       0        0      3f4     1         /tmp/kernel-5ee256.o:(.debug_info)
     3f4      3f4      221     1         /tmp/common-23d68a.o:(.debug_info)
       0        0       3a     1 .debug_rnglists
       0        0       1f     1         /tmp/kernel-5ee256.o:(.debug_rnglists)
       c        c        0     1                 
      1f       1f       1b     1         /tmp/common-23d68a.o:(.debug_rnglists)
      2b       2b        0     1                 
       0        0      1a4     1 .debug_str_offsets
       0        0      110     1         /tmp/kernel-5ee256.o:(.debug_str_offsets)
       8        8        0     1                 
     110      110       94     1         /tmp/common-23d68a.o:(.debug_str_offsets)
     118      118        0     1                 
       0        0      20d     1 .debug_str
       0        0      20d     1         <internal>:(.debug_str)
       0        0       98     1 .debug_addr
       0        0       3c     1         /tmp/kernel-5ee256.o:(.debug_addr)
       8        8        0     1                 
      3c       3c       5c     1         /tmp/common-23d68a.o:(.debug_addr)
      44       44        0     1                 
       0        0       42     1 .comment
       0        0       42     1         <internal>:(.comment)
       0        0       2b     1 .riscv.attributes
       0        0       2b     1         /tmp/kernel-5ee256.o:(.riscv.attributes)
       0        0      108     4 .debug_frame
       0        0       84     4         /tmp/kernel-5ee256.o:(.debug_frame)
       0        0        0     1                 
      84       84       84     4         /tmp/common-23d68a.o:(.debug_frame)
      84       84        0     1                 
       0        0      5af     1 .debug_line
       0        0      14f     1         /tmp/kernel-5ee256.o:(.debug_line)
       0        0        0     1                 .Lline_table_start0
     14f      14f      460     1         /tmp/common-23d68a.o:(.debug_line)
     14f      14f        0     1                 .Lline_table_start0
       0        0       39     1 .debug_line_str
       0        0       39     1         <internal>:(.debug_line_str)
       0        0     1620     4 .symtab
       0        0     1620     4         <internal>:(.symtab)
       0        0       d6     1 .shstrtab
       0        0       d6     1         <internal>:(.shstrtab)
       0        0       b5     1 .strtab
       0        0       b5     1         <internal>:(.strtab)
