     VMA      LMA     Size Align Out     In      Symbol
       0        0 80200000     1 . = 0x80200000
80200000 80200000       9a     4 .text
80200000 80200000       8c     4         /tmp/kernel-05924e.o:(.text)
80200000 80200000        0     1                 
80200000 80200000        0     1                 
80200000 80200000        0     1                 
80200000 80200000        0     1                 
80200000 80200000        6     1                 sbi_call
80200004 80200004        0     1                 
80200006 80200006        0     1                 
80200006 80200006        0     1                 
80200006 80200006        0     1                 
80200006 80200006        0     1                 
80200006 80200006        0     1                 
80200006 80200006        0     1                 
80200006 80200006       14     1                 putchar
80200018 80200018        0     1                 
80200018 80200018        0     1                 
8020001a 8020001a        0     1                 
8020001a 8020001a        0     1                 
8020001a 8020001a        0     1                 
8020001a 8020001a        0     1                 
8020001a 8020001a        0     1                 
8020001a 8020001a        0     1                 
8020001a 8020001a       14     1                 memset
8020001c 8020001c        0     1                 
8020001e 8020001e        0     1                 
80200020 80200020        0     1                 
80200024 80200024        0     1                 
80200028 80200028        0     1                 
8020002a 8020002a        0     1                 
8020002c 8020002c        0     1                 
8020002e 8020002e        0     1                 
8020002e 8020002e        0     1                 
8020002e 8020002e        0     1                 
8020002e 8020002e        0     1                 
8020002e 8020002e        0     1                 
8020002e 8020002e       5e     1                 kernel_main
80200046 80200046        0     1                 
80200046 80200046        0     1                 
8020004e 8020004e        0     1                 
8020004e 8020004e        0     1                 
80200054 80200054        0     1                 
80200054 80200054        0     1                 
80200056 80200056        0     1                 
8020005a 8020005a        0     1                 
8020005a 8020005a        0     1                 
80200070 80200070        0     1                 
80200076 80200076        0     1                 
8020007a 8020007a        0     1                 
8020007c 8020007c        0     1                 
80200080 80200080        0     1                 
80200082 80200082        0     1                 
80200086 80200086        0     1                 
80200086 80200086        0     1                 
8020008a 8020008a        0     1                 
8020008c 8020008c        0     1                 
8020008c 8020008c        0     1                 
8020008c 8020008c        e     2         /tmp/kernel-05924e.o:(.text.book)
8020008c 8020008c        0     1                 
8020008c 8020008c        0     1                 
8020008c 8020008c        0     1                 
8020008c 8020008c        0     1                 
8020008c 8020008c        e     1                 boot
8020009a 8020009a        0     1                 
8020009a 8020009a        0     1                 
8020009c 8020009c        f     4 .rodata
8020009c 8020009c        f     1         <internal>:(.rodata)
802000ac 802000ac        0     4 .bss
802000ac 802000ac        0     1         __bss = .
802000ac 802000ac        0     1         __bss_end = .
802000ac 802000ac        0     1 . = ALIGN ( 4 )
802000ac 802000ac    20000     1 . += 128 * 1024
802200ac 802200ac        0     1 __stack_top = .
       0        0       a4     1 .debug_loclists
       0        0       a4     1         /tmp/kernel-05924e.o:(.debug_loclists)
       c        c        0     1                 
       0        0      149     1 .debug_abbrev
       0        0      149     1         /tmp/kernel-05924e.o:(.debug_abbrev)
       0        0      332     1 .debug_info
       0        0      332     1         /tmp/kernel-05924e.o:(.debug_info)
       0        0       18     1 .debug_rnglists
       0        0       18     1         /tmp/kernel-05924e.o:(.debug_rnglists)
       c        c        0     1                 
       0        0       b0     1 .debug_str_offsets
       0        0       b0     1         /tmp/kernel-05924e.o:(.debug_str_offsets)
       8        8        0     1                 
       0        0      10f     1 .debug_str
       0        0      10f     1         <internal>:(.debug_str)
       0        0       28     1 .debug_addr
       0        0       28     1         /tmp/kernel-05924e.o:(.debug_addr)
       8        8        0     1                 
       0        0       42     1 .comment
       0        0       42     1         <internal>:(.comment)
       0        0       2b     1 .riscv.attributes
       0        0       2b     1         /tmp/kernel-05924e.o:(.riscv.attributes)
       0        0       64     4 .debug_frame
       0        0       64     4         /tmp/kernel-05924e.o:(.debug_frame)
       0        0        0     1                 
       0        0      16c     1 .debug_line
       0        0      16c     1         /tmp/kernel-05924e.o:(.debug_line)
       0        0        0     1                 .Lline_table_start0
       0        0       27     1 .debug_line_str
       0        0       27     1         <internal>:(.debug_line_str)
       0        0      730     4 .symtab
       0        0      730     4         <internal>:(.symtab)
       0        0       d6     1 .shstrtab
       0        0       d6     1         <internal>:(.shstrtab)
       0        0       63     1 .strtab
       0        0       63     1         <internal>:(.strtab)
