     VMA      LMA     Size Align Out     In      Symbol
       0        0 80200000     1 . = 0x80200000
80200000 80200000      52a     4 .text
80200000 80200000      290     4         /tmp/kernel-1316f3.o:(.text)
80200000 80200000        0     1                 
80200000 80200000        0     1                 
80200000 80200000        0     1                 
80200000 80200000       58     1                 alloc_pages
80200002 80200002        0     1                 
80200002 80200002        0     1                 
80200006 80200006        0     1                 
8020000e 8020000e        0     1                 
80200012 80200012        0     1                 
80200016 80200016        0     1                 
8020001e 8020001e        0     1                 
80200022 80200022        0     1                 
80200026 80200026        0     1                 
80200040 80200040        0     1                 
80200040 80200040        0     1                 
80200042 80200042        0     1                 
8020004e 8020004e        0     1                 
8020004e 8020004e        0     1                 
80200058 80200058        0     1                 
80200058 80200058        0     1                 
80200058 80200058        0     1                 
80200058 80200058        0     1                 
80200058 80200058        0     1                 
80200058 80200058        0     1                 
80200058 80200058        6     1                 sbi_call
8020005c 8020005c        0     1                 
8020005e 8020005e        0     1                 
8020005e 8020005e        0     1                 
8020005e 8020005e        0     1                 
8020005e 8020005e        0     1                 
8020005e 8020005e        0     1                 
8020005e 8020005e        0     1                 
8020005e 8020005e       14     1                 putchar
80200070 80200070        0     1                 
80200070 80200070        0     1                 
80200072 80200072        0     1                 
80200072 80200072        0     1                 
80200072 80200072        0     1                 
80200072 80200072        0     1                 
80200072 80200072        0     1                 
80200072 80200072        0     1                 
80200072 80200072       46     1                 switch_context
802000b8 802000b8        0     1                 
802000b8 802000b8        0     1                 
802000b8 802000b8        0     1                 
802000b8 802000b8        0     1                 
802000b8 802000b8        0     1                 
802000b8 802000b8        0     1                 
802000b8 802000b8       96     1                 kernel_entry
8020014e 8020014e        0     1                 
8020014e 8020014e        0     1                 
8020014e 8020014e        0     1                 
8020014e 8020014e        0     1                 
8020014e 8020014e        0     1                 
8020014e 8020014e      114     1                 kernel_main
80200150 80200150        0     1                 
80200150 80200150        0     1                 
8020015a 8020015a        0     1                 
80200172 80200172        0     1                 
80200172 80200172        0     1                 
8020018c 8020018c        0     1                 
8020018c 8020018c        0     1                 
80200194 80200194        0     1                 
80200196 80200196        0     1                 
80200198 80200198        0     1                 
802001a0 802001a0        0     1                 
802001a4 802001a4        0     1                 
802001a8 802001a8        0     1                 
802001c2 802001c2        0     1                 
802001c2 802001c2        0     1                 
802001c4 802001c4        0     1                 
802001d2 802001d2        0     1                 
802001d2 802001d2        0     1                 
802001d6 802001d6        0     1                 
802001d8 802001d8        0     1                 
802001de 802001de        0     1                 
802001e2 802001e2        0     1                 
802001fc 802001fc        0     1                 
802001fc 802001fc        0     1                 
802001fe 802001fe        0     1                 
8020020c 8020020c        0     1                 
8020020c 8020020c        0     1                 
8020021e 8020021e        0     1                 
8020021e 8020021e        0     1                 
80200230 80200230        0     1                 
80200230 80200230        0     1                 
8020024e 8020024e        0     1                 
8020024e 8020024e        0     1                 
8020025a 8020025a        0     1                 
8020025a 8020025a        0     1                 
8020025c 8020025c        0     1                 
80200260 80200260        0     1                 
80200262 80200262        0     1                 
80200262 80200262        0     1                 
80200262 80200262        0     1                 
80200262 80200262        0     1                 
80200262 80200262        0     1                 
80200262 80200262       2e     1                 handle_trap
80200264 80200264        0     1                 
80200264 80200264        0     1                 
80200264 80200264        0     1                 
80200266 80200266        0     1                 
8020026a 8020026a        0     1                 
8020026a 8020026a        0     1                 
8020026e 8020026e        0     1                 
8020026e 8020026e        0     1                 
80200272 80200272        0     1                 
80200272 80200272        0     1                 
8020028e 8020028e        0     1                 
8020028e 8020028e        0     1                 
80200290 80200290        0     1                 
80200290 80200290        0     1                 
80200290 80200290        e     2         /tmp/kernel-1316f3.o:(.text.book)
80200290 80200290        0     1                 
80200290 80200290        0     1                 
80200290 80200290        0     1                 
80200290 80200290        0     1                 
80200290 80200290        e     1                 boot
8020029e 8020029e        0     1                 
8020029e 8020029e        0     1                 
802002a0 802002a0      28a     4         /tmp/common-3a69d5.o:(.text)
802002a0 802002a0        0     1                 
802002a0 802002a0        0     1                 
802002a0 802002a0        0     1                 
802002a0 802002a0      200     1                 printf
802002a2 802002a2        0     1                 
802002bc 802002bc        0     1                 
802002ce 802002ce        0     1                 
802002fa 802002fa        0     1                 
802002fe 802002fe        0     1                 
80200300 80200300        0     1                 
80200304 80200304        0     1                 
8020030c 8020030c        0     1                 
80200314 80200314        0     1                 
80200314 80200314        0     1                 
80200316 80200316        0     1                 
80200318 80200318        0     1                 
8020031c 8020031c        0     1                 
8020031e 8020031e        0     1                 
8020032a 8020032a        0     1                 
80200336 80200336        0     1                 
8020033a 8020033a        0     1                 
8020033c 8020033c        0     1                 
80200342 80200342        0     1                 
8020034a 8020034a        0     1                 
8020034a 8020034a        0     1                 
80200354 80200354        0     1                 
80200354 80200354        0     1                 
80200358 80200358        0     1                 
8020035e 8020035e        0     1                 
80200366 80200366        0     1                 
80200366 80200366        0     1                 
8020036a 8020036a        0     1                 
8020036c 8020036c        0     1                 
80200372 80200372        0     1                 
8020037a 8020037a        0     1                 
8020037a 8020037a        0     1                 
8020037e 8020037e        0     1                 
80200380 80200380        0     1                 
80200386 80200386        0     1                 
8020038e 8020038e        0     1                 
8020038e 8020038e        0     1                 
80200392 80200392        0     1                 
80200394 80200394        0     1                 
8020039a 8020039a        0     1                 
802003a2 802003a2        0     1                 
802003a2 802003a2        0     1                 
802003a6 802003a6        0     1                 
802003a8 802003a8        0     1                 
802003ae 802003ae        0     1                 
802003b6 802003b6        0     1                 
802003b6 802003b6        0     1                 
802003ba 802003ba        0     1                 
802003bc 802003bc        0     1                 
802003c2 802003c2        0     1                 
802003ca 802003ca        0     1                 
802003ca 802003ca        0     1                 
802003ce 802003ce        0     1                 
802003d0 802003d0        0     1                 
802003d6 802003d6        0     1                 
802003de 802003de        0     1                 
802003de 802003de        0     1                 
802003e2 802003e2        0     1                 
802003e8 802003e8        0     1                 
802003e8 802003e8        0     1                 
802003f0 802003f0        0     1                 
802003f0 802003f0        0     1                 
802003f2 802003f2        0     1                 
802003f4 802003f4        0     1                 
802003f4 802003f4        0     1                 
802003fe 802003fe        0     1                 
80200402 80200402        0     1                 
8020040a 8020040a        0     1                 
80200416 80200416        0     1                 
80200416 80200416        0     1                 
8020041a 8020041a        0     1                 
80200420 80200420        0     1                 
80200420 80200420        0     1                 
8020042c 8020042c        0     1                 
8020042c 8020042c        0     1                 
80200430 80200430        0     1                 
80200432 80200432        0     1                 
80200436 80200436        0     1                 
80200438 80200438        0     1                 
8020043c 8020043c        0     1                 
80200440 80200440        0     1                 
80200444 80200444        0     1                 
80200448 80200448        0     1                 
8020044a 8020044a        0     1                 
8020044e 8020044e        0     1                 
80200452 80200452        0     1                 
8020045e 8020045e        0     1                 
8020045e 8020045e        0     1                 
80200466 80200466        0     1                 
8020046c 8020046c        0     1                 
80200470 80200470        0     1                 
80200476 80200476        0     1                 
80200482 80200482        0     1                 
80200482 80200482        0     1                 
802004a0 802004a0        0     1                 
802004a0 802004a0        0     1                 
802004a0 802004a0        0     1                 
802004a0 802004a0        0     1                 
802004a0 802004a0        0     1                 
802004a0 802004a0        0     1                 
802004a0 802004a0       1a     1                 memcpy
802004a2 802004a2        0     1                 
802004a4 802004a4        0     1                 
802004a8 802004a8        0     1                 
802004aa 802004aa        0     1                 
802004ac 802004ac        0     1                 
802004b0 802004b0        0     1                 
802004b4 802004b4        0     1                 
802004b6 802004b6        0     1                 
802004b8 802004b8        0     1                 
802004ba 802004ba        0     1                 
802004ba 802004ba        0     1                 
802004ba 802004ba        0     1                 
802004ba 802004ba        0     1                 
802004ba 802004ba        0     1                 
802004ba 802004ba        0     1                 
802004ba 802004ba       14     1                 memset
802004bc 802004bc        0     1                 
802004be 802004be        0     1                 
802004c0 802004c0        0     1                 
802004c4 802004c4        0     1                 
802004c8 802004c8        0     1                 
802004ca 802004ca        0     1                 
802004cc 802004cc        0     1                 
802004ce 802004ce        0     1                 
802004ce 802004ce        0     1                 
802004ce 802004ce        0     1                 
802004ce 802004ce        0     1                 
802004ce 802004ce        0     1                 
802004ce 802004ce        0     1                 
802004ce 802004ce       24     1                 strcpy
802004d4 802004d4        0     1                 
802004d8 802004d8        0     1                 
802004da 802004da        0     1                 
802004de 802004de        0     1                 
802004e2 802004e2        0     1                 
802004e6 802004e6        0     1                 
802004e8 802004e8        0     1                 
802004ea 802004ea        0     1                 
802004ec 802004ec        0     1                 
802004f0 802004f0        0     1                 
802004f2 802004f2        0     1                 
802004f2 802004f2        0     1                 
802004f2 802004f2        0     1                 
802004f2 802004f2        0     1                 
802004f2 802004f2        0     1                 
802004f2 802004f2        0     1                 
802004f2 802004f2       38     1                 strcmp
802004f6 802004f6        0     1                 
802004f8 802004f8        0     1                 
802004fa 802004fa        0     1                 
802004fe 802004fe        0     1                 
8020050c 8020050c        0     1                 
80200510 80200510        0     1                 
80200514 80200514        0     1                 
80200516 80200516        0     1                 
8020051a 8020051a        0     1                 
8020051c 8020051c        0     1                 
80200520 80200520        0     1                 
80200524 80200524        0     1                 
80200528 80200528        0     1                 
8020052a 8020052a        0     1                 
8020052a 8020052a        0     1                 
8020052c 8020052c       d1     4 .rodata
8020052c 8020052c       d1     1         <internal>:(.rodata)
80200600 80200600        4     4 .sdata
80200600 80200600        4     4         /tmp/kernel-1316f3.o:(.sdata)
80200600 80200600        4     1                 alloc_pages.next_paddr
80200604 80200604        0     4 .bss
80200604 80200604        0     1         __bss = .
80200604 80200604        0     1         __bss_end = .
80200604 80200604        0     1 . = ALIGN ( 4 )
80200604 80200604    20000     1 . += 128 * 1024
80220604 80220604        0     1 __stack_top = .
80220604 80220604      9fc     1 . = ALIGN ( 4096 )
80221000 80221000        0     1 __free_ram = .
80221000 80221000  4000000     1 . += 64 * 1024 * 1024
84221000 84221000        0     1 __free_ram_end = .
       0        0      31c     1 .debug_loclists
       0        0       d2     1         /tmp/kernel-1316f3.o:(.debug_loclists)
       c        c        0     1                 
      d2       d2      24a     1         /tmp/common-3a69d5.o:(.debug_loclists)
      de       de        0     1                 
       0        0      293     1 .debug_abbrev
       0        0      18e     1         /tmp/kernel-1316f3.o:(.debug_abbrev)
     18e      18e      105     1         /tmp/common-3a69d5.o:(.debug_abbrev)
       0        0      6db     1 .debug_info
       0        0      4ba     1         /tmp/kernel-1316f3.o:(.debug_info)
     4ba      4ba      221     1         /tmp/common-3a69d5.o:(.debug_info)
       0        0       3a     1 .debug_rnglists
       0        0       1f     1         /tmp/kernel-1316f3.o:(.debug_rnglists)
       c        c        0     1                 
      1f       1f       1b     1         /tmp/common-3a69d5.o:(.debug_rnglists)
      2b       2b        0     1                 
       0        0      1c4     1 .debug_str_offsets
       0        0      130     1         /tmp/kernel-1316f3.o:(.debug_str_offsets)
       8        8        0     1                 
     130      130       94     1         /tmp/common-3a69d5.o:(.debug_str_offsets)
     138      138        0     1                 
       0        0      24f     1 .debug_str
       0        0      24f     1         <internal>:(.debug_str)
       0        0       c4     1 .debug_addr
       0        0       68     1         /tmp/kernel-1316f3.o:(.debug_addr)
       8        8        0     1                 
      68       68       5c     1         /tmp/common-3a69d5.o:(.debug_addr)
      70       70        0     1                 
       0        0       42     1 .comment
       0        0       42     1         <internal>:(.comment)
       0        0       2b     1 .riscv.attributes
       0        0       2b     1         /tmp/kernel-1316f3.o:(.riscv.attributes)
       0        0      138     4 .debug_frame
       0        0       b4     4         /tmp/kernel-1316f3.o:(.debug_frame)
       0        0        0     1                 
      b4       b4       84     4         /tmp/common-3a69d5.o:(.debug_frame)
      b4       b4        0     1                 
       0        0      6ab     1 .debug_line
       0        0      24b     1         /tmp/kernel-1316f3.o:(.debug_line)
       0        0        0     1                 .Lline_table_start0
     24b      24b      460     1         /tmp/common-3a69d5.o:(.debug_line)
     24b      24b        0     1                 .Lline_table_start0
       0        0       39     1 .debug_line_str
       0        0       39     1         <internal>:(.debug_line_str)
       0        0     1a00     4 .symtab
       0        0     1a00     4         <internal>:(.symtab)
       0        0       dd     1 .shstrtab
       0        0       dd     1         <internal>:(.shstrtab)
       0        0      101     1 .strtab
       0        0      101     1         <internal>:(.strtab)
