     VMA      LMA     Size Align Out     In      Symbol
       0        0 80200000     1 . = 0x80200000
80200000        0        0     1 __kernel_base = .
80200000 80200000      a8e     4 .text
80200000 80200000        e     2         /tmp/kernel-c8dd3b.o:(.text.boot)
80200000 80200000        0     1                 
80200000 80200000        0     1                 
80200000 80200000        0     1                 
80200000 80200000        0     1                 
80200000 80200000        e     1                 boot
8020000e 8020000e        0     1                 
8020000e 8020000e        0     1                 
80200010 80200010      7f4     4         /tmp/kernel-c8dd3b.o:(.text)
80200010 80200010        0     1                 
80200010 80200010        0     1                 
80200010 80200010        0     1                 
80200010 80200010       58     1                 alloc_pages
80200012 80200012        0     1                 
80200012 80200012        0     1                 
80200016 80200016        0     1                 
8020001e 8020001e        0     1                 
80200022 80200022        0     1                 
80200026 80200026        0     1                 
8020002e 8020002e        0     1                 
80200032 80200032        0     1                 
80200036 80200036        0     1                 
80200050 80200050        0     1                 
80200050 80200050        0     1                 
80200052 80200052        0     1                 
8020005e 8020005e        0     1                 
8020005e 8020005e        0     1                 
80200068 80200068        0     1                 
80200068 80200068        0     1                 
80200068 80200068        0     1                 
80200068 80200068        0     1                 
80200068 80200068        0     1                 
80200068 80200068        0     1                 
80200068 80200068        6     1                 sbi_call
8020006c 8020006c        0     1                 
8020006e 8020006e        0     1                 
8020006e 8020006e        0     1                 
8020006e 8020006e        0     1                 
8020006e 8020006e        0     1                 
8020006e 8020006e        0     1                 
8020006e 8020006e        0     1                 
8020006e 8020006e       14     1                 putchar
80200080 80200080        0     1                 
80200080 80200080        0     1                 
80200082 80200082        0     1                 
80200082 80200082        0     1                 
80200082 80200082        0     1                 
80200082 80200082        0     1                 
80200082 80200082        0     1                 
80200082 80200082       10     1                 delay
8020008a 8020008a        0     1                 
8020008a 8020008a        0     1                 
8020008c 8020008c        0     1                 
8020008e 8020008e        0     1                 
80200090 80200090        0     1                 
80200090 80200090        0     1                 
80200092 80200092        0     1                 
80200092 80200092        0     1                 
80200094 80200094        0     1                 
80200094 80200094        0     1                 
80200094 80200094        0     1                 
80200094 80200094        0     1                 
80200094 80200094       f0     1                 kernel_entry
80200184 80200184        0     1                 
80200184 80200184        0     1                 
80200184 80200184        0     1                 
80200184 80200184        0     1                 
80200184 80200184        0     1                 
80200184 80200184      10a     1                 map_page
80200186 80200186        0     1                 
80200194 80200194        0     1                 
8020019a 8020019a        0     1                 
802001a0 802001a0        0     1                 
802001a2 802001a2        0     1                 
802001be 802001be        0     1                 
802001be 802001be        0     1                 
802001c0 802001c0        0     1                 
802001c2 802001c2        0     1                 
802001c6 802001c6        0     1                 
802001c8 802001c8        0     1                 
802001e4 802001e4        0     1                 
802001e4 802001e4        0     1                 
802001e6 802001e6        0     1                 
802001e8 802001e8        0     1                 
802001ec 802001ec        0     1                 
802001ee 802001ee        0     1                 
802001f6 802001f6        0     1                 
802001fa 802001fa        0     1                 
80200202 80200202        0     1                 
80200204 80200204        0     1                 
80200204 80200204        0     1                 
8020020c 8020020c        0     1                 
8020020e 8020020e        0     1                 
80200210 80200210        0     1                 
80200218 80200218        0     1                 
8020021c 8020021c        0     1                 
80200220 80200220        0     1                 
8020023a 8020023a        0     1                 
8020023a 8020023a        0     1                 
8020023c 8020023c        0     1                 
8020024a 8020024a        0     1                 
8020024a 8020024a        0     1                 
80200252 80200252        0     1                 
80200256 80200256        0     1                 
8020025a 8020025a        0     1                 
8020025a 8020025a        0     1                 
8020025e 8020025e        0     1                 
80200266 80200266        0     1                 
8020026e 8020026e        0     1                 
8020027a 8020027a        0     1                 
8020027c 8020027c        0     1                 
8020028e 8020028e        0     1                 
8020028e 8020028e        0     1                 
8020028e 8020028e        0     1                 
8020028e 8020028e        0     1                 
8020028e 8020028e        0     1                 
8020028e 8020028e       2e     1                 handle_trap
80200290 80200290        0     1                 
80200290 80200290        0     1                 
80200290 80200290        0     1                 
80200292 80200292        0     1                 
80200296 80200296        0     1                 
80200296 80200296        0     1                 
8020029a 8020029a        0     1                 
8020029a 8020029a        0     1                 
8020029e 8020029e        0     1                 
8020029e 8020029e        0     1                 
802002ba 802002ba        0     1                 
802002ba 802002ba        0     1                 
802002bc 802002bc        0     1                 
802002bc 802002bc        0     1                 
802002bc 802002bc        0     1                 
802002bc 802002bc        0     1                 
802002bc 802002bc        0     1                 
802002bc 802002bc        0     1                 
802002bc 802002bc       46     1                 switch_context
80200302 80200302        0     1                 
80200302 80200302        0     1                 
80200302 80200302        0     1                 
80200302 80200302        0     1                 
80200302 80200302        0     1                 
80200302 80200302      202     1                 create_process
80200304 80200304        0     1                 
80200314 80200314        0     1                 
8020031c 8020031c        0     1                 
8020031e 8020031e        0     1                 
80200320 80200320        0     1                 
80200326 80200326        0     1                 
80200328 80200328        0     1                 
8020032a 8020032a        0     1                 
8020033a 8020033a        0     1                 
8020033c 8020033c        0     1                 
8020033e 8020033e        0     1                 
80200346 80200346        0     1                 
80200348 80200348        0     1                 
8020034a 8020034a        0     1                 
8020035a 8020035a        0     1                 
8020035c 8020035c        0     1                 
8020035e 8020035e        0     1                 
80200366 80200366        0     1                 
80200368 80200368        0     1                 
8020036a 8020036a        0     1                 
8020037a 8020037a        0     1                 
8020037c 8020037c        0     1                 
8020037e 8020037e        0     1                 
80200386 80200386        0     1                 
80200388 80200388        0     1                 
8020038a 8020038a        0     1                 
802003a6 802003a6        0     1                 
802003a6 802003a6        0     1                 
802003a8 802003a8        0     1                 
802003cc 802003cc        0     1                 
802003d4 802003d4        0     1                 
802003d8 802003d8        0     1                 
802003da 802003da        0     1                 
802003e2 802003e2        0     1                 
802003e4 802003e4        0     1                 
802003ec 802003ec        0     1                 
802003ee 802003ee        0     1                 
802003f2 802003f2        0     1                 
802003f6 802003f6        0     1                 
802003fe 802003fe        0     1                 
80200400 80200400        0     1                 
80200408 80200408        0     1                 
8020040a 8020040a        0     1                 
80200412 80200412        0     1                 
80200414 80200414        0     1                 
8020041c 8020041c        0     1                 
8020041e 8020041e        0     1                 
80200426 80200426        0     1                 
80200428 80200428        0     1                 
80200430 80200430        0     1                 
80200432 80200432        0     1                 
8020043a 8020043a        0     1                 
8020043c 8020043c        0     1                 
80200444 80200444        0     1                 
80200446 80200446        0     1                 
8020044e 8020044e        0     1                 
80200456 80200456        0     1                 
8020045a 8020045a        0     1                 
80200460 80200460        0     1                 
80200462 80200462        0     1                 
8020046a 8020046a        0     1                 
80200472 80200472        0     1                 
8020048c 8020048c        0     1                 
8020048c 8020048c        0     1                 
8020048e 8020048e        0     1                 
8020049e 8020049e        0     1                 
8020049e 8020049e        0     1                 
802004aa 802004aa        0     1                 
802004b2 802004b2        0     1                 
802004c2 802004c2        0     1                 
802004c2 802004c2        0     1                 
802004c4 802004c4        0     1                 
802004c8 802004c8        0     1                 
802004c8 802004c8        0     1                 
802004cc 802004cc        0     1                 
802004d4 802004d4        0     1                 
802004e4 802004e4        0     1                 
802004e6 802004e6        0     1                 
802004ea 802004ea        0     1                 
802004ee 802004ee        0     1                 
80200504 80200504        0     1                 
80200504 80200504        0     1                 
80200504 80200504        0     1                 
80200504 80200504        0     1                 
80200504 80200504        0     1                 
80200504 80200504      1b0     1                 yield
80200510 80200510        0     1                 
80200514 80200514        0     1                 
80200526 80200526        0     1                 
80200534 80200534        0     1                 
80200536 80200536        0     1                 
8020053a 8020053a        0     1                 
8020053c 8020053c        0     1                 
80200540 80200540        0     1                 
80200542 80200542        0     1                 
80200546 80200546        0     1                 
8020054a 8020054a        0     1                 
80200556 80200556        0     1                 
8020055e 8020055e        0     1                 
80200560 80200560        0     1                 
80200564 80200564        0     1                 
80200566 80200566        0     1                 
8020056a 8020056a        0     1                 
8020056e 8020056e        0     1                 
80200580 80200580        0     1                 
80200590 80200590        0     1                 
80200594 80200594        0     1                 
80200598 80200598        0     1                 
8020059a 8020059a        0     1                 
8020059e 8020059e        0     1                 
802005a2 802005a2        0     1                 
802005ae 802005ae        0     1                 
802005b6 802005b6        0     1                 
802005b8 802005b8        0     1                 
802005bc 802005bc        0     1                 
802005be 802005be        0     1                 
802005c2 802005c2        0     1                 
802005c6 802005c6        0     1                 
802005d8 802005d8        0     1                 
802005e8 802005e8        0     1                 
802005ec 802005ec        0     1                 
802005f0 802005f0        0     1                 
802005f2 802005f2        0     1                 
802005f6 802005f6        0     1                 
802005fa 802005fa        0     1                 
80200606 80200606        0     1                 
8020060e 8020060e        0     1                 
80200610 80200610        0     1                 
80200614 80200614        0     1                 
80200616 80200616        0     1                 
8020061a 8020061a        0     1                 
8020061e 8020061e        0     1                 
80200630 80200630        0     1                 
80200640 80200640        0     1                 
80200644 80200644        0     1                 
80200648 80200648        0     1                 
8020064a 8020064a        0     1                 
8020064e 8020064e        0     1                 
80200652 80200652        0     1                 
8020065e 8020065e        0     1                 
80200666 80200666        0     1                 
80200668 80200668        0     1                 
8020066c 8020066c        0     1                 
8020066e 8020066e        0     1                 
80200672 80200672        0     1                 
80200674 80200674        0     1                 
80200678 80200678        0     1                 
8020067a 8020067a        0     1                 
80200680 80200680        0     1                 
80200686 80200686        0     1                 
80200688 80200688        0     1                 
80200698 80200698        0     1                 
802006a0 802006a0        0     1                 
802006a2 802006a2        0     1                 
802006a6 802006a6        0     1                 
802006aa 802006aa        0     1                 
802006aa 802006aa        0     1                 
802006b2 802006b2        0     1                 
802006b4 802006b4        0     1                 
802006b4 802006b4        0     1                 
802006b4 802006b4        0     1                 
802006b4 802006b4        0     1                 
802006b4 802006b4        0     1                 
802006b4 802006b4       46     1                 proc_a_entry
802006b6 802006b6        0     1                 
802006b6 802006b6        0     1                 
802006ba 802006ba        0     1                 
802006ca 802006ca        0     1                 
802006ca 802006ca        0     1                 
802006d2 802006d2        0     1                 
802006d2 802006d2        0     1                 
802006e8 802006e8        0     1                 
802006e8 802006e8        0     1                 
802006f0 802006f0        0     1                 
802006f0 802006f0        0     1                 
802006f2 802006f2        0     1                 
802006f2 802006f2        0     1                 
802006f4 802006f4        0     1                 
802006f6 802006f6        0     1                 
802006fa 802006fa        0     1                 
802006fa 802006fa        0     1                 
802006fa 802006fa        0     1                 
802006fa 802006fa        0     1                 
802006fa 802006fa        0     1                 
802006fa 802006fa        0     1                 
802006fa 802006fa       46     1                 proc_b_entry
802006fc 802006fc        0     1                 
802006fc 802006fc        0     1                 
80200700 80200700        0     1                 
80200710 80200710        0     1                 
80200710 80200710        0     1                 
80200718 80200718        0     1                 
80200718 80200718        0     1                 
8020072e 8020072e        0     1                 
8020072e 8020072e        0     1                 
80200736 80200736        0     1                 
80200736 80200736        0     1                 
80200738 80200738        0     1                 
80200738 80200738        0     1                 
8020073a 8020073a        0     1                 
8020073c 8020073c        0     1                 
80200740 80200740        0     1                 
80200740 80200740        0     1                 
80200740 80200740        0     1                 
80200740 80200740        0     1                 
80200740 80200740        0     1                 
80200740 80200740        0     1                 
80200740 80200740       c4     1                 kernel_main
80200742 80200742        0     1                 
80200742 80200742        0     1                 
80200744 80200744        0     1                 
80200762 80200762        0     1                 
80200762 80200762        0     1                 
8020077a 8020077a        0     1                 
8020077a 8020077a        0     1                 
80200794 80200794        0     1                 
80200794 80200794        0     1                 
802007a0 802007a0        0     1                 
802007a0 802007a0        0     1                 
802007aa 802007aa        0     1                 
802007aa 802007aa        0     1                 
802007b2 802007b2        0     1                 
802007b6 802007b6        0     1                 
802007be 802007be        0     1                 
802007ce 802007ce        0     1                 
802007ce 802007ce        0     1                 
802007de 802007de        0     1                 
802007de 802007de        0     1                 
802007e6 802007e6        0     1                 
802007e6 802007e6        0     1                 
80200802 80200802        0     1                 
80200802 80200802        0     1                 
80200804 80200804        0     1                 
80200804 80200804        0     1                 
80200804 80200804      28a     4         /tmp/common-3022cc.o:(.text)
80200804 80200804        0     1                 
80200804 80200804        0     1                 
80200804 80200804        0     1                 
80200804 80200804      200     1                 printf
80200806 80200806        0     1                 
80200820 80200820        0     1                 
80200832 80200832        0     1                 
8020085e 8020085e        0     1                 
80200862 80200862        0     1                 
80200864 80200864        0     1                 
80200868 80200868        0     1                 
80200870 80200870        0     1                 
80200878 80200878        0     1                 
80200878 80200878        0     1                 
8020087a 8020087a        0     1                 
8020087c 8020087c        0     1                 
80200880 80200880        0     1                 
80200882 80200882        0     1                 
8020088e 8020088e        0     1                 
8020089a 8020089a        0     1                 
8020089e 8020089e        0     1                 
802008a0 802008a0        0     1                 
802008a6 802008a6        0     1                 
802008ae 802008ae        0     1                 
802008ae 802008ae        0     1                 
802008b8 802008b8        0     1                 
802008b8 802008b8        0     1                 
802008bc 802008bc        0     1                 
802008c2 802008c2        0     1                 
802008ca 802008ca        0     1                 
802008ca 802008ca        0     1                 
802008ce 802008ce        0     1                 
802008d0 802008d0        0     1                 
802008d6 802008d6        0     1                 
802008de 802008de        0     1                 
802008de 802008de        0     1                 
802008e2 802008e2        0     1                 
802008e4 802008e4        0     1                 
802008ea 802008ea        0     1                 
802008f2 802008f2        0     1                 
802008f2 802008f2        0     1                 
802008f6 802008f6        0     1                 
802008f8 802008f8        0     1                 
802008fe 802008fe        0     1                 
80200906 80200906        0     1                 
80200906 80200906        0     1                 
8020090a 8020090a        0     1                 
8020090c 8020090c        0     1                 
80200912 80200912        0     1                 
8020091a 8020091a        0     1                 
8020091a 8020091a        0     1                 
8020091e 8020091e        0     1                 
80200920 80200920        0     1                 
80200926 80200926        0     1                 
8020092e 8020092e        0     1                 
8020092e 8020092e        0     1                 
80200932 80200932        0     1                 
80200934 80200934        0     1                 
8020093a 8020093a        0     1                 
80200942 80200942        0     1                 
80200942 80200942        0     1                 
80200946 80200946        0     1                 
8020094c 8020094c        0     1                 
8020094c 8020094c        0     1                 
80200954 80200954        0     1                 
80200954 80200954        0     1                 
80200956 80200956        0     1                 
80200958 80200958        0     1                 
80200958 80200958        0     1                 
80200962 80200962        0     1                 
80200966 80200966        0     1                 
8020096e 8020096e        0     1                 
8020097a 8020097a        0     1                 
8020097a 8020097a        0     1                 
8020097e 8020097e        0     1                 
80200984 80200984        0     1                 
80200984 80200984        0     1                 
80200990 80200990        0     1                 
80200990 80200990        0     1                 
80200994 80200994        0     1                 
80200996 80200996        0     1                 
8020099a 8020099a        0     1                 
8020099c 8020099c        0     1                 
802009a0 802009a0        0     1                 
802009a4 802009a4        0     1                 
802009a8 802009a8        0     1                 
802009ac 802009ac        0     1                 
802009ae 802009ae        0     1                 
802009b2 802009b2        0     1                 
802009b6 802009b6        0     1                 
802009c2 802009c2        0     1                 
802009c2 802009c2        0     1                 
802009ca 802009ca        0     1                 
802009d0 802009d0        0     1                 
802009d4 802009d4        0     1                 
802009da 802009da        0     1                 
802009e6 802009e6        0     1                 
802009e6 802009e6        0     1                 
80200a04 80200a04        0     1                 
80200a04 80200a04        0     1                 
80200a04 80200a04        0     1                 
80200a04 80200a04        0     1                 
80200a04 80200a04        0     1                 
80200a04 80200a04        0     1                 
80200a04 80200a04       1a     1                 memcpy
80200a06 80200a06        0     1                 
80200a08 80200a08        0     1                 
80200a0c 80200a0c        0     1                 
80200a0e 80200a0e        0     1                 
80200a10 80200a10        0     1                 
80200a14 80200a14        0     1                 
80200a18 80200a18        0     1                 
80200a1a 80200a1a        0     1                 
80200a1c 80200a1c        0     1                 
80200a1e 80200a1e        0     1                 
80200a1e 80200a1e        0     1                 
80200a1e 80200a1e        0     1                 
80200a1e 80200a1e        0     1                 
80200a1e 80200a1e        0     1                 
80200a1e 80200a1e        0     1                 
80200a1e 80200a1e       14     1                 memset
80200a20 80200a20        0     1                 
80200a22 80200a22        0     1                 
80200a24 80200a24        0     1                 
80200a28 80200a28        0     1                 
80200a2c 80200a2c        0     1                 
80200a2e 80200a2e        0     1                 
80200a30 80200a30        0     1                 
80200a32 80200a32        0     1                 
80200a32 80200a32        0     1                 
80200a32 80200a32        0     1                 
80200a32 80200a32        0     1                 
80200a32 80200a32        0     1                 
80200a32 80200a32        0     1                 
80200a32 80200a32       24     1                 strcpy
80200a38 80200a38        0     1                 
80200a3c 80200a3c        0     1                 
80200a3e 80200a3e        0     1                 
80200a42 80200a42        0     1                 
80200a46 80200a46        0     1                 
80200a4a 80200a4a        0     1                 
80200a4c 80200a4c        0     1                 
80200a4e 80200a4e        0     1                 
80200a50 80200a50        0     1                 
80200a54 80200a54        0     1                 
80200a56 80200a56        0     1                 
80200a56 80200a56        0     1                 
80200a56 80200a56        0     1                 
80200a56 80200a56        0     1                 
80200a56 80200a56        0     1                 
80200a56 80200a56        0     1                 
80200a56 80200a56       38     1                 strcmp
80200a5a 80200a5a        0     1                 
80200a5c 80200a5c        0     1                 
80200a5e 80200a5e        0     1                 
80200a62 80200a62        0     1                 
80200a70 80200a70        0     1                 
80200a74 80200a74        0     1                 
80200a78 80200a78        0     1                 
80200a7a 80200a7a        0     1                 
80200a7e 80200a7e        0     1                 
80200a80 80200a80        0     1                 
80200a84 80200a84        0     1                 
80200a88 80200a88        0     1                 
80200a8c 80200a8c        0     1                 
80200a8e 80200a8e        0     1                 
80200a8e 80200a8e        0     1                 
80200a90 80200a90      16a     4 .rodata
80200a90 80200a90      16a     1         <internal>:(.rodata)
80200bfc 80200bfc        4     4 .sdata
80200bfc 80200bfc        4     4         /tmp/kernel-c8dd3b.o:(.sdata)
80200bfc 80200bfc        4     1                 alloc_pages.next_paddr
80200c00 80200c00    10088     4 .bss
80200c00 80200c00        0     1         __bss = .
80200c00 80200c00    10080     4         /tmp/kernel-c8dd3b.o:(.bss)
80200c00 80200c00    10080     1                 procs
80210c80 80210c80        8     4         /tmp/kernel-c8dd3b.o:(.sbss)
80210c80 80210c80        4     1                 idle_proc
80210c84 80210c84        4     1                 current_proc
80210c88 80210c88        0     1         __bss_end = .
80210c88 80210c88        0     1 . = ALIGN ( 4 )
80210c88 80210c88    20000     1 . += 128 * 1024
80230c88 80230c88        0     1 __stack_top = .
80230c88 80230c88      378     1 . = ALIGN ( 4096 )
80231000 80231000        0     1 __free_ram = .
80231000 80231000  4000000     1 . += 64 * 1024 * 1024
84231000 84231000        0     1 __free_ram_end = .
       0        0      64f     1 .debug_loclists
       0        0      405     1         /tmp/kernel-c8dd3b.o:(.debug_loclists)
       c        c        0     1                 
     405      405      24a     1         /tmp/common-3022cc.o:(.debug_loclists)
     411      411        0     1                 
       0        0      387     1 .debug_abbrev
       0        0      282     1         /tmp/kernel-c8dd3b.o:(.debug_abbrev)
     282      282      105     1         /tmp/common-3022cc.o:(.debug_abbrev)
       0        0      a1d     1 .debug_info
       0        0      7fc     1         /tmp/kernel-c8dd3b.o:(.debug_info)
     7fc      7fc      221     1         /tmp/common-3022cc.o:(.debug_info)
       0        0       66     1 .debug_rnglists
       0        0       4b     1         /tmp/kernel-c8dd3b.o:(.debug_rnglists)
       c        c        0     1                 
      4b       4b       1b     1         /tmp/common-3022cc.o:(.debug_rnglists)
      57       57        0     1                 
       0        0      238     1 .debug_str_offsets
       0        0      1a4     1         /tmp/kernel-c8dd3b.o:(.debug_str_offsets)
       8        8        0     1                 
     1a4      1a4       94     1         /tmp/common-3022cc.o:(.debug_str_offsets)
     1ac      1ac        0     1                 
       0        0      319     1 .debug_str
       0        0      319     1         <internal>:(.debug_str)
       0        0      130     1 .debug_addr
       0        0       d4     1         /tmp/kernel-c8dd3b.o:(.debug_addr)
       8        8        0     1                 
      d4       d4       5c     1         /tmp/common-3022cc.o:(.debug_addr)
      dc       dc        0     1                 
       0        0       42     1 .comment
       0        0       42     1         <internal>:(.comment)
       0        0       2b     1 .riscv.attributes
       0        0       2b     1         /tmp/kernel-c8dd3b.o:(.riscv.attributes)
       0        0      1c8     4 .debug_frame
       0        0      144     4         /tmp/kernel-c8dd3b.o:(.debug_frame)
       0        0        0     1                 
     144      144       84     4         /tmp/common-3022cc.o:(.debug_frame)
     144      144        0     1                 
       0        0      cec     1 .debug_line
       0        0      88c     1         /tmp/kernel-c8dd3b.o:(.debug_line)
       0        0        0     1                 .Lline_table_start0
     88c      88c      460     1         /tmp/common-3022cc.o:(.debug_line)
     88c      88c        0     1                 .Lline_table_start0
       0        0       39     1 .debug_line_str
       0        0       39     1         <internal>:(.debug_line_str)
       0        0     2c00     4 .symtab
       0        0     2c00     4         <internal>:(.symtab)
       0        0       dd     1 .shstrtab
       0        0       dd     1         <internal>:(.shstrtab)
       0        0      16a     1 .strtab
       0        0      16a     1         <internal>:(.strtab)
