     VMA      LMA     Size Align Out     In      Symbol
       0        0  1000000     1 . = 0x1000000
 1000000  1000000      2d6     4 .text
 1000000  1000000       1a     2         /tmp/user-53f344.o:(.text.start)
 1000000  1000000        0     1                 
 1000000  1000000        0     1                 
 1000000  1000000        0     1                 
 1000000  1000000        0     1                 
 1000000  1000000       1a     1                 start
 100001a  100001a        0     1                 
 100001a  100001a        0     1                 
 100001c  100001c       10     4         /tmp/shell-f4ae4b.o:(.text)
 100001c  100001c        0     1                 
 100001c  100001c        0     1                 
 100001c  100001c        0     1                 
 100001c  100001c        0     1                 
 100001c  100001c       10     1                 main
 1000024  1000024        0     1                 
 100002c  100002c        0     1                 
 100002c  100002c        0     1                 
 100002c  100002c       1e     4         /tmp/user-53f344.o:(.text)
 100002c  100002c        0     1                 
 100002c  100002c        0     1                 
 100002c  100002c        0     1                 
 100002c  100002c        0     1                 
 100002c  100002c        2     1                 exit
 100002e  100002e        0     1                 
 100002e  100002e        0     1                 
 100002e  100002e        0     1                 
 100002e  100002e        0     1                 
 100002e  100002e        0     1                 
 100002e  100002e        0     1                 
 100002e  100002e        c     1                 putchar
 1000038  1000038        0     1                 
 1000038  1000038        0     1                 
 100003a  100003a        0     1                 
 100003a  100003a        0     1                 
 100003a  100003a        0     1                 
 100003a  100003a        0     1                 
 100003a  100003a        0     1                 
 100003a  100003a       10     1                 syscall
 100003c  100003c        0     1                 
 1000048  1000048        0     1                 
 100004a  100004a        0     1                 
 100004a  100004a        0     1                 
 100004c  100004c      28a     4         /tmp/common-68b87f.o:(.text)
 100004c  100004c        0     1                 
 100004c  100004c        0     1                 
 100004c  100004c        0     1                 
 100004c  100004c      200     1                 printf
 100004e  100004e        0     1                 
 1000068  1000068        0     1                 
 100007a  100007a        0     1                 
 10000a6  10000a6        0     1                 
 10000aa  10000aa        0     1                 
 10000ac  10000ac        0     1                 
 10000b0  10000b0        0     1                 
 10000b8  10000b8        0     1                 
 10000c0  10000c0        0     1                 
 10000c0  10000c0        0     1                 
 10000c2  10000c2        0     1                 
 10000c4  10000c4        0     1                 
 10000c8  10000c8        0     1                 
 10000ca  10000ca        0     1                 
 10000d6  10000d6        0     1                 
 10000e2  10000e2        0     1                 
 10000e6  10000e6        0     1                 
 10000e8  10000e8        0     1                 
 10000ee  10000ee        0     1                 
 10000f6  10000f6        0     1                 
 10000f6  10000f6        0     1                 
 1000100  1000100        0     1                 
 1000100  1000100        0     1                 
 1000104  1000104        0     1                 
 100010a  100010a        0     1                 
 1000112  1000112        0     1                 
 1000112  1000112        0     1                 
 1000116  1000116        0     1                 
 1000118  1000118        0     1                 
 100011e  100011e        0     1                 
 1000126  1000126        0     1                 
 1000126  1000126        0     1                 
 100012a  100012a        0     1                 
 100012c  100012c        0     1                 
 1000132  1000132        0     1                 
 100013a  100013a        0     1                 
 100013a  100013a        0     1                 
 100013e  100013e        0     1                 
 1000140  1000140        0     1                 
 1000146  1000146        0     1                 
 100014e  100014e        0     1                 
 100014e  100014e        0     1                 
 1000152  1000152        0     1                 
 1000154  1000154        0     1                 
 100015a  100015a        0     1                 
 1000162  1000162        0     1                 
 1000162  1000162        0     1                 
 1000166  1000166        0     1                 
 1000168  1000168        0     1                 
 100016e  100016e        0     1                 
 1000176  1000176        0     1                 
 1000176  1000176        0     1                 
 100017a  100017a        0     1                 
 100017c  100017c        0     1                 
 1000182  1000182        0     1                 
 100018a  100018a        0     1                 
 100018a  100018a        0     1                 
 100018e  100018e        0     1                 
 1000194  1000194        0     1                 
 1000194  1000194        0     1                 
 100019c  100019c        0     1                 
 100019c  100019c        0     1                 
 100019e  100019e        0     1                 
 10001a0  10001a0        0     1                 
 10001a0  10001a0        0     1                 
 10001aa  10001aa        0     1                 
 10001ae  10001ae        0     1                 
 10001b6  10001b6        0     1                 
 10001c2  10001c2        0     1                 
 10001c2  10001c2        0     1                 
 10001c6  10001c6        0     1                 
 10001cc  10001cc        0     1                 
 10001cc  10001cc        0     1                 
 10001d8  10001d8        0     1                 
 10001d8  10001d8        0     1                 
 10001dc  10001dc        0     1                 
 10001de  10001de        0     1                 
 10001e2  10001e2        0     1                 
 10001e4  10001e4        0     1                 
 10001e8  10001e8        0     1                 
 10001ec  10001ec        0     1                 
 10001f0  10001f0        0     1                 
 10001f4  10001f4        0     1                 
 10001f6  10001f6        0     1                 
 10001fa  10001fa        0     1                 
 10001fe  10001fe        0     1                 
 100020a  100020a        0     1                 
 100020a  100020a        0     1                 
 1000212  1000212        0     1                 
 1000218  1000218        0     1                 
 100021c  100021c        0     1                 
 1000222  1000222        0     1                 
 100022e  100022e        0     1                 
 100022e  100022e        0     1                 
 100024c  100024c        0     1                 
 100024c  100024c        0     1                 
 100024c  100024c        0     1                 
 100024c  100024c        0     1                 
 100024c  100024c        0     1                 
 100024c  100024c        0     1                 
 100024c  100024c       1a     1                 memcpy
 100024e  100024e        0     1                 
 1000250  1000250        0     1                 
 1000254  1000254        0     1                 
 1000256  1000256        0     1                 
 1000258  1000258        0     1                 
 100025c  100025c        0     1                 
 1000260  1000260        0     1                 
 1000262  1000262        0     1                 
 1000264  1000264        0     1                 
 1000266  1000266        0     1                 
 1000266  1000266        0     1                 
 1000266  1000266        0     1                 
 1000266  1000266        0     1                 
 1000266  1000266        0     1                 
 1000266  1000266        0     1                 
 1000266  1000266       14     1                 memset
 1000268  1000268        0     1                 
 100026a  100026a        0     1                 
 100026c  100026c        0     1                 
 1000270  1000270        0     1                 
 1000274  1000274        0     1                 
 1000276  1000276        0     1                 
 1000278  1000278        0     1                 
 100027a  100027a        0     1                 
 100027a  100027a        0     1                 
 100027a  100027a        0     1                 
 100027a  100027a        0     1                 
 100027a  100027a        0     1                 
 100027a  100027a        0     1                 
 100027a  100027a       24     1                 strcpy
 1000280  1000280        0     1                 
 1000284  1000284        0     1                 
 1000286  1000286        0     1                 
 100028a  100028a        0     1                 
 100028e  100028e        0     1                 
 1000292  1000292        0     1                 
 1000294  1000294        0     1                 
 1000296  1000296        0     1                 
 1000298  1000298        0     1                 
 100029c  100029c        0     1                 
 100029e  100029e        0     1                 
 100029e  100029e        0     1                 
 100029e  100029e        0     1                 
 100029e  100029e        0     1                 
 100029e  100029e        0     1                 
 100029e  100029e        0     1                 
 100029e  100029e       38     1                 strcmp
 10002a2  10002a2        0     1                 
 10002a4  10002a4        0     1                 
 10002a6  10002a6        0     1                 
 10002aa  10002aa        0     1                 
 10002b8  10002b8        0     1                 
 10002bc  10002bc        0     1                 
 10002c0  10002c0        0     1                 
 10002c2  10002c2        0     1                 
 10002c6  10002c6        0     1                 
 10002c8  10002c8        0     1                 
 10002cc  10002cc        0     1                 
 10002d0  10002d0        0     1                 
 10002d4  10002d4        0     1                 
 10002d6  10002d6        0     1                 
 10002d6  10002d6        0     1                 
 10002d8  10002d8       26     4 .rodata
 10002d8  10002d8       26     1         <internal>:(.rodata)
 1000300  1000300    10000     4 .bss
 1000300  1000300        0     1         . = ALIGN ( 16 )
 1000300  1000300    10000     1         . += 64 * 1024
 1010300  1010300        0     1         __stack_top = .
 1010300  1010300        0     1         
       0        0      27a     1 .debug_abbrev
       0        0       72     1         /tmp/shell-f4ae4b.o:(.debug_abbrev)
      72       72      103     1         /tmp/user-53f344.o:(.debug_abbrev)
     175      175      105     1         /tmp/common-68b87f.o:(.debug_abbrev)
       0        0      395     1 .debug_info
       0        0       4f     1         /tmp/shell-f4ae4b.o:(.debug_info)
      4f       4f      125     1         /tmp/user-53f344.o:(.debug_info)
     174      174      221     1         /tmp/common-68b87f.o:(.debug_info)
       0        0      104     1 .debug_str_offsets
       0        0       20     1         /tmp/shell-f4ae4b.o:(.debug_str_offsets)
       8        8        0     1                 
      20       20       50     1         /tmp/user-53f344.o:(.debug_str_offsets)
      28       28        0     1                 
      70       70       94     1         /tmp/common-68b87f.o:(.debug_str_offsets)
      78       78        0     1                 
       0        0      152     1 .debug_str
       0        0      152     1         <internal>:(.debug_str)
       0        0       84     1 .debug_addr
       0        0       10     1         /tmp/shell-f4ae4b.o:(.debug_addr)
       8        8        0     1                 
      10       10       18     1         /tmp/user-53f344.o:(.debug_addr)
      18       18        0     1                 
      28       28       5c     1         /tmp/common-68b87f.o:(.debug_addr)
      30       30        0     1                 
       0        0       42     1 .comment
       0        0       42     1         <internal>:(.comment)
       0        0       2b     1 .riscv.attributes
       0        0       2b     1         /tmp/shell-f4ae4b.o:(.riscv.attributes)
       0        0       fc     4 .debug_frame
       0        0       24     4         /tmp/shell-f4ae4b.o:(.debug_frame)
       0        0        0     1                 
      24       24       54     4         /tmp/user-53f344.o:(.debug_frame)
      24       24        0     1                 
      78       78       84     4         /tmp/common-68b87f.o:(.debug_frame)
      78       78        0     1                 
       0        0      57c     1 .debug_line
       0        0       75     1         /tmp/shell-f4ae4b.o:(.debug_line)
       0        0        0     1                 .Lline_table_start0
      75       75       a7     1         /tmp/user-53f344.o:(.debug_line)
      75       75        0     1                 .Lline_table_start0
     11c      11c      460     1         /tmp/common-68b87f.o:(.debug_line)
     11c      11c        0     1                 .Lline_table_start0
       0        0       36     1 .debug_line_str
       0        0       36     1         <internal>:(.debug_line_str)
       0        0      2f4     1 .debug_loclists
       0        0       aa     1         /tmp/user-53f344.o:(.debug_loclists)
       c        c        0     1                 
      aa       aa      24a     1         /tmp/common-68b87f.o:(.debug_loclists)
      b6       b6        0     1                 
       0        0       32     1 .debug_rnglists
       0        0       17     1         /tmp/user-53f344.o:(.debug_rnglists)
       c        c        0     1                 
      17       17       1b     1         /tmp/common-68b87f.o:(.debug_rnglists)
      23       23        0     1                 
       0        0     11e0     4 .symtab
       0        0     11e0     4         <internal>:(.symtab)
       0        0       d6     1 .shstrtab
       0        0       d6     1         <internal>:(.shstrtab)
       0        0       a4     1 .strtab
       0        0       a4     1         <internal>:(.strtab)
