     VMA      LMA     Size Align Out     In      Symbol
       0        0  1000000     1 . = 0x1000000
 1000000  1000000      3da     4 .text
 1000000  1000000       1a     2         /tmp/user-2dd326.o:(.text.start)
 1000000  1000000        0     1                 
 1000000  1000000        0     1                 
 1000000  1000000        0     1                 
 1000000  1000000        0     1                 
 1000000  1000000       1a     1                 start
 100001a  100001a        0     1                 
 100001a  100001a        0     1                 
 100001c  100001c      108     4         /tmp/shell-119b43.o:(.text)
 100001c  100001c        0     1                 
 100001c  100001c        0     1                 
 100001c  100001c        0     1                 
 100001c  100001c      108     1                 main
 100001e  100001e        0     1                 
 1000038  1000038        0     1                 
 100007c  100007c        0     1                 
 100007c  100007c        0     1                 
 1000086  1000086        0     1                 
 1000086  1000086        0     1                 
 1000090  1000090        0     1                 
 1000090  1000090        0     1                 
 1000098  1000098        0     1                 
 100009a  100009a        0     1                 
 10000a6  10000a6        0     1                 
 10000a6  10000a6        0     1                 
 10000a8  10000a8        0     1                 
 10000ac  10000ac        0     1                 
 10000b0  10000b0        0     1                 
 10000b8  10000b8        0     1                 
 10000ba  10000ba        0     1                 
 10000c2  10000c2        0     1                 
 10000c4  10000c4        0     1                 
 10000d0  10000d0        0     1                 
 10000d0  10000d0        0     1                 
 10000d4  10000d4        0     1                 
 10000de  10000de        0     1                 
 10000de  10000de        0     1                 
 10000e0  10000e0        0     1                 
 10000ea  10000ea        0     1                 
 10000ea  10000ea        0     1                 
 10000f2  10000f2        0     1                 
 10000f2  10000f2        0     1                 
 10000fe  10000fe        0     1                 
 10000fe  10000fe        0     1                 
 1000100  1000100        0     1                 
 100010c  100010c        0     1                 
 100010c  100010c        0     1                 
 100010e  100010e        0     1                 
 100011a  100011a        0     1                 
 100011a  100011a        0     1                 
 100011c  100011c        0     1                 
 1000124  1000124        0     1                 
 1000124  1000124        0     1                 
 1000124  1000124        0     1                 
 1000124  1000124       2c     4         /tmp/user-2dd326.o:(.text)
 1000124  1000124        0     1                 
 1000124  1000124        0     1                 
 1000124  1000124        0     1                 
 1000124  1000124        0     1                 
 1000124  1000124        2     1                 exit
 1000126  1000126        0     1                 
 1000126  1000126        0     1                 
 1000126  1000126        0     1                 
 1000126  1000126        0     1                 
 1000126  1000126        0     1                 
 1000126  1000126        0     1                 
 1000126  1000126        c     1                 putchar
 1000130  1000130        0     1                 
 1000130  1000130        0     1                 
 1000132  1000132        0     1                 
 1000132  1000132        0     1                 
 1000132  1000132        0     1                 
 1000132  1000132        0     1                 
 1000132  1000132        0     1                 
 1000132  1000132       10     1                 syscall
 1000134  1000134        0     1                 
 1000140  1000140        0     1                 
 1000142  1000142        0     1                 
 1000142  1000142        0     1                 
 1000142  1000142        0     1                 
 1000142  1000142        0     1                 
 1000142  1000142        0     1                 
 1000142  1000142        0     1                 
 1000142  1000142        e     1                 getchar
 100014e  100014e        0     1                 
 100014e  100014e        0     1                 
 1000150  1000150        0     1                 
 1000150  1000150        0     1                 
 1000150  1000150      28a     4         /tmp/common-5ab86d.o:(.text)
 1000150  1000150        0     1                 
 1000150  1000150        0     1                 
 1000150  1000150        0     1                 
 1000150  1000150      200     1                 printf
 1000152  1000152        0     1                 
 100016c  100016c        0     1                 
 100017e  100017e        0     1                 
 10001aa  10001aa        0     1                 
 10001ae  10001ae        0     1                 
 10001b0  10001b0        0     1                 
 10001b4  10001b4        0     1                 
 10001bc  10001bc        0     1                 
 10001c4  10001c4        0     1                 
 10001c4  10001c4        0     1                 
 10001c6  10001c6        0     1                 
 10001c8  10001c8        0     1                 
 10001cc  10001cc        0     1                 
 10001ce  10001ce        0     1                 
 10001da  10001da        0     1                 
 10001e6  10001e6        0     1                 
 10001ea  10001ea        0     1                 
 10001ec  10001ec        0     1                 
 10001f2  10001f2        0     1                 
 10001fa  10001fa        0     1                 
 10001fa  10001fa        0     1                 
 1000204  1000204        0     1                 
 1000204  1000204        0     1                 
 1000208  1000208        0     1                 
 100020e  100020e        0     1                 
 1000216  1000216        0     1                 
 1000216  1000216        0     1                 
 100021a  100021a        0     1                 
 100021c  100021c        0     1                 
 1000222  1000222        0     1                 
 100022a  100022a        0     1                 
 100022a  100022a        0     1                 
 100022e  100022e        0     1                 
 1000230  1000230        0     1                 
 1000236  1000236        0     1                 
 100023e  100023e        0     1                 
 100023e  100023e        0     1                 
 1000242  1000242        0     1                 
 1000244  1000244        0     1                 
 100024a  100024a        0     1                 
 1000252  1000252        0     1                 
 1000252  1000252        0     1                 
 1000256  1000256        0     1                 
 1000258  1000258        0     1                 
 100025e  100025e        0     1                 
 1000266  1000266        0     1                 
 1000266  1000266        0     1                 
 100026a  100026a        0     1                 
 100026c  100026c        0     1                 
 1000272  1000272        0     1                 
 100027a  100027a        0     1                 
 100027a  100027a        0     1                 
 100027e  100027e        0     1                 
 1000280  1000280        0     1                 
 1000286  1000286        0     1                 
 100028e  100028e        0     1                 
 100028e  100028e        0     1                 
 1000292  1000292        0     1                 
 1000298  1000298        0     1                 
 1000298  1000298        0     1                 
 10002a0  10002a0        0     1                 
 10002a0  10002a0        0     1                 
 10002a2  10002a2        0     1                 
 10002a4  10002a4        0     1                 
 10002a4  10002a4        0     1                 
 10002ae  10002ae        0     1                 
 10002b2  10002b2        0     1                 
 10002ba  10002ba        0     1                 
 10002c6  10002c6        0     1                 
 10002c6  10002c6        0     1                 
 10002ca  10002ca        0     1                 
 10002d0  10002d0        0     1                 
 10002d0  10002d0        0     1                 
 10002dc  10002dc        0     1                 
 10002dc  10002dc        0     1                 
 10002e0  10002e0        0     1                 
 10002e2  10002e2        0     1                 
 10002e6  10002e6        0     1                 
 10002e8  10002e8        0     1                 
 10002ec  10002ec        0     1                 
 10002f0  10002f0        0     1                 
 10002f4  10002f4        0     1                 
 10002f8  10002f8        0     1                 
 10002fa  10002fa        0     1                 
 10002fe  10002fe        0     1                 
 1000302  1000302        0     1                 
 100030e  100030e        0     1                 
 100030e  100030e        0     1                 
 1000316  1000316        0     1                 
 100031c  100031c        0     1                 
 1000320  1000320        0     1                 
 1000326  1000326        0     1                 
 1000332  1000332        0     1                 
 1000332  1000332        0     1                 
 1000350  1000350        0     1                 
 1000350  1000350        0     1                 
 1000350  1000350        0     1                 
 1000350  1000350        0     1                 
 1000350  1000350        0     1                 
 1000350  1000350        0     1                 
 1000350  1000350       1a     1                 memcpy
 1000352  1000352        0     1                 
 1000354  1000354        0     1                 
 1000358  1000358        0     1                 
 100035a  100035a        0     1                 
 100035c  100035c        0     1                 
 1000360  1000360        0     1                 
 1000364  1000364        0     1                 
 1000366  1000366        0     1                 
 1000368  1000368        0     1                 
 100036a  100036a        0     1                 
 100036a  100036a        0     1                 
 100036a  100036a        0     1                 
 100036a  100036a        0     1                 
 100036a  100036a        0     1                 
 100036a  100036a        0     1                 
 100036a  100036a       14     1                 memset
 100036c  100036c        0     1                 
 100036e  100036e        0     1                 
 1000370  1000370        0     1                 
 1000374  1000374        0     1                 
 1000378  1000378        0     1                 
 100037a  100037a        0     1                 
 100037c  100037c        0     1                 
 100037e  100037e        0     1                 
 100037e  100037e        0     1                 
 100037e  100037e        0     1                 
 100037e  100037e        0     1                 
 100037e  100037e        0     1                 
 100037e  100037e        0     1                 
 100037e  100037e       24     1                 strcpy
 1000384  1000384        0     1                 
 1000388  1000388        0     1                 
 100038a  100038a        0     1                 
 100038e  100038e        0     1                 
 1000392  1000392        0     1                 
 1000396  1000396        0     1                 
 1000398  1000398        0     1                 
 100039a  100039a        0     1                 
 100039c  100039c        0     1                 
 10003a0  10003a0        0     1                 
 10003a2  10003a2        0     1                 
 10003a2  10003a2        0     1                 
 10003a2  10003a2        0     1                 
 10003a2  10003a2        0     1                 
 10003a2  10003a2        0     1                 
 10003a2  10003a2        0     1                 
 10003a2  10003a2       38     1                 strcmp
 10003a6  10003a6        0     1                 
 10003a8  10003a8        0     1                 
 10003aa  10003aa        0     1                 
 10003ae  10003ae        0     1                 
 10003bc  10003bc        0     1                 
 10003c0  10003c0        0     1                 
 10003c4  10003c4        0     1                 
 10003c6  10003c6        0     1                 
 10003ca  10003ca        0     1                 
 10003cc  10003cc        0     1                 
 10003d0  10003d0        0     1                 
 10003d4  10003d4        0     1                 
 10003d8  10003d8        0     1                 
 10003da  10003da        0     1                 
 10003da  10003da        0     1                 
 10003dc  10003dc       69     4 .rodata
 10003dc  10003dc       69     1         <internal>:(.rodata)
 1000448  1000448    10008     4 .bss
 1000448  1000448        8     1         . = ALIGN ( 16 )
 1000450  1000450    10000     1         . += 64 * 1024
 1010450  1010450        0     1         __stack_top = .
 1010450  1010450        0     1         
       0        0      33a     1 .debug_loclists
       0        0       33     1         /tmp/shell-119b43.o:(.debug_loclists)
       c        c        0     1                 
      33       33       bd     1         /tmp/user-2dd326.o:(.debug_loclists)
      3f       3f        0     1                 
      f0       f0      24a     1         /tmp/common-5ab86d.o:(.debug_loclists)
      fc       fc        0     1                 
       0        0      324     1 .debug_abbrev
       0        0      103     1         /tmp/shell-119b43.o:(.debug_abbrev)
     103      103      11c     1         /tmp/user-2dd326.o:(.debug_abbrev)
     21f      21f      105     1         /tmp/common-5ab86d.o:(.debug_abbrev)
       0        0      49d     1 .debug_info
       0        0      109     1         /tmp/shell-119b43.o:(.debug_info)
     109      109      173     1         /tmp/user-2dd326.o:(.debug_info)
     27c      27c      221     1         /tmp/common-5ab86d.o:(.debug_info)
       0        0       4c     1 .debug_rnglists
       0        0       1a     1         /tmp/shell-119b43.o:(.debug_rnglists)
       c        c        0     1                 
      1a       1a       17     1         /tmp/user-2dd326.o:(.debug_rnglists)
      26       26        0     1                 
      31       31       1b     1         /tmp/common-5ab86d.o:(.debug_rnglists)
      3d       3d        0     1                 
       0        0      130     1 .debug_str_offsets
       0        0       48     1         /tmp/shell-119b43.o:(.debug_str_offsets)
       8        8        0     1                 
      48       48       54     1         /tmp/user-2dd326.o:(.debug_str_offsets)
      50       50        0     1                 
      9c       9c       94     1         /tmp/common-5ab86d.o:(.debug_str_offsets)
      a4       a4        0     1                 
       0        0      17d     1 .debug_str
       0        0      17d     1         <internal>:(.debug_str)
       0        0       b8     1 .debug_addr
       0        0       40     1         /tmp/shell-119b43.o:(.debug_addr)
       8        8        0     1                 
      40       40       1c     1         /tmp/user-2dd326.o:(.debug_addr)
      48       48        0     1                 
      5c       5c       5c     1         /tmp/common-5ab86d.o:(.debug_addr)
      64       64        0     1                 
       0        0       42     1 .comment
       0        0       42     1         <internal>:(.comment)
       0        0       2b     1 .riscv.attributes
       0        0       2b     1         /tmp/shell-119b43.o:(.riscv.attributes)
       0        0      12c     4 .debug_frame
       0        0       44     4         /tmp/shell-119b43.o:(.debug_frame)
       0        0        0     1                 
      44       44       64     4         /tmp/user-2dd326.o:(.debug_frame)
      44       44        0     1                 
      a8       a8       84     4         /tmp/common-5ab86d.o:(.debug_frame)
      a8       a8        0     1                 
       0        0      650     1 .debug_line
       0        0      132     1         /tmp/shell-119b43.o:(.debug_line)
       0        0        0     1                 .Lline_table_start0
     132      132       be     1         /tmp/user-2dd326.o:(.debug_line)
     132      132        0     1                 .Lline_table_start0
     1f0      1f0      460     1         /tmp/common-5ab86d.o:(.debug_line)
     1f0      1f0        0     1                 .Lline_table_start0
       0        0       3d     1 .debug_line_str
       0        0       3d     1         <internal>:(.debug_line_str)
       0        0     1590     4 .symtab
       0        0     1590     4         <internal>:(.symtab)
       0        0       d6     1 .shstrtab
       0        0       d6     1         <internal>:(.shstrtab)
       0        0       ac     1 .strtab
       0        0       ac     1         <internal>:(.strtab)
