     VMA      LMA     Size Align Out     In      Symbol
       0        0  1000000     1 . = 0x1000000
 1000000  1000000      3ee     4 .text
 1000000  1000000       1a     2         /tmp/user-93270e.o:(.text.start)
 1000000  1000000        0     1                 
 1000000  1000000        0     1                 
 1000000  1000000        0     1                 
 1000000  1000000        0     1                 
 1000000  1000000       1a     1                 start
 100001a  100001a        0     1                 
 100001a  100001a        0     1                 
 100001c  100001c      110     4         /tmp/shell-6309d0.o:(.text)
 100001c  100001c        0     1                 
 100001c  100001c        0     1                 
 100001c  100001c        0     1                 
 100001c  100001c      110     1                 main
 100001e  100001e        0     1                 
 1000038  1000038        0     1                 
 1000080  1000080        0     1                 
 1000080  1000080        0     1                 
 100008a  100008a        0     1                 
 100008a  100008a        0     1                 
 1000094  1000094        0     1                 
 1000094  1000094        0     1                 
 100009c  100009c        0     1                 
 100009e  100009e        0     1                 
 10000aa  10000aa        0     1                 
 10000aa  10000aa        0     1                 
 10000ac  10000ac        0     1                 
 10000b8  10000b8        0     1                 
 10000c0  10000c0        0     1                 
 10000c2  10000c2        0     1                 
 10000ca  10000ca        0     1                 
 10000cc  10000cc        0     1                 
 10000d8  10000d8        0     1                 
 10000d8  10000d8        0     1                 
 10000dc  10000dc        0     1                 
 10000e6  10000e6        0     1                 
 10000e6  10000e6        0     1                 
 10000e8  10000e8        0     1                 
 10000f2  10000f2        0     1                 
 10000f2  10000f2        0     1                 
 10000fa  10000fa        0     1                 
 10000fa  10000fa        0     1                 
 1000106  1000106        0     1                 
 1000106  1000106        0     1                 
 1000108  1000108        0     1                 
 1000114  1000114        0     1                 
 1000114  1000114        0     1                 
 1000116  1000116        0     1                 
 1000122  1000122        0     1                 
 1000122  1000122        0     1                 
 1000124  1000124        0     1                 
 100012c  100012c        0     1                 
 100012c  100012c        0     1                 
 100012c  100012c        0     1                 
 100012c  100012c       38     4         /tmp/user-93270e.o:(.text)
 100012c  100012c        0     1                 
 100012c  100012c        0     1                 
 100012c  100012c        0     1                 
 100012c  100012c        0     1                 
 100012c  100012c        e     1                 exit
 1000138  1000138        0     1                 
 1000138  1000138        0     1                 
 100013a  100013a        0     1                 
 100013a  100013a        0     1                 
 100013a  100013a        0     1                 
 100013a  100013a        0     1                 
 100013a  100013a        0     1                 
 100013a  100013a       10     1                 syscall
 100013c  100013c        0     1                 
 1000148  1000148        0     1                 
 100014a  100014a        0     1                 
 100014a  100014a        0     1                 
 100014a  100014a        0     1                 
 100014a  100014a        0     1                 
 100014a  100014a        0     1                 
 100014a  100014a        0     1                 
 100014a  100014a        c     1                 putchar
 1000154  1000154        0     1                 
 1000154  1000154        0     1                 
 1000156  1000156        0     1                 
 1000156  1000156        0     1                 
 1000156  1000156        0     1                 
 1000156  1000156        0     1                 
 1000156  1000156        0     1                 
 1000156  1000156        0     1                 
 1000156  1000156        e     1                 getchar
 1000162  1000162        0     1                 
 1000162  1000162        0     1                 
 1000164  1000164        0     1                 
 1000164  1000164        0     1                 
 1000164  1000164      28a     4         /tmp/common-804024.o:(.text)
 1000164  1000164        0     1                 
 1000164  1000164        0     1                 
 1000164  1000164        0     1                 
 1000164  1000164      200     1                 printf
 1000166  1000166        0     1                 
 1000180  1000180        0     1                 
 1000192  1000192        0     1                 
 10001be  10001be        0     1                 
 10001c2  10001c2        0     1                 
 10001c4  10001c4        0     1                 
 10001c8  10001c8        0     1                 
 10001d0  10001d0        0     1                 
 10001d8  10001d8        0     1                 
 10001d8  10001d8        0     1                 
 10001da  10001da        0     1                 
 10001dc  10001dc        0     1                 
 10001e0  10001e0        0     1                 
 10001e2  10001e2        0     1                 
 10001ee  10001ee        0     1                 
 10001fa  10001fa        0     1                 
 10001fe  10001fe        0     1                 
 1000200  1000200        0     1                 
 1000206  1000206        0     1                 
 100020e  100020e        0     1                 
 100020e  100020e        0     1                 
 1000218  1000218        0     1                 
 1000218  1000218        0     1                 
 100021c  100021c        0     1                 
 1000222  1000222        0     1                 
 100022a  100022a        0     1                 
 100022a  100022a        0     1                 
 100022e  100022e        0     1                 
 1000230  1000230        0     1                 
 1000236  1000236        0     1                 
 100023e  100023e        0     1                 
 100023e  100023e        0     1                 
 1000242  1000242        0     1                 
 1000244  1000244        0     1                 
 100024a  100024a        0     1                 
 1000252  1000252        0     1                 
 1000252  1000252        0     1                 
 1000256  1000256        0     1                 
 1000258  1000258        0     1                 
 100025e  100025e        0     1                 
 1000266  1000266        0     1                 
 1000266  1000266        0     1                 
 100026a  100026a        0     1                 
 100026c  100026c        0     1                 
 1000272  1000272        0     1                 
 100027a  100027a        0     1                 
 100027a  100027a        0     1                 
 100027e  100027e        0     1                 
 1000280  1000280        0     1                 
 1000286  1000286        0     1                 
 100028e  100028e        0     1                 
 100028e  100028e        0     1                 
 1000292  1000292        0     1                 
 1000294  1000294        0     1                 
 100029a  100029a        0     1                 
 10002a2  10002a2        0     1                 
 10002a2  10002a2        0     1                 
 10002a6  10002a6        0     1                 
 10002ac  10002ac        0     1                 
 10002ac  10002ac        0     1                 
 10002b4  10002b4        0     1                 
 10002b4  10002b4        0     1                 
 10002b6  10002b6        0     1                 
 10002b8  10002b8        0     1                 
 10002b8  10002b8        0     1                 
 10002c2  10002c2        0     1                 
 10002c6  10002c6        0     1                 
 10002ce  10002ce        0     1                 
 10002da  10002da        0     1                 
 10002da  10002da        0     1                 
 10002de  10002de        0     1                 
 10002e4  10002e4        0     1                 
 10002e4  10002e4        0     1                 
 10002f0  10002f0        0     1                 
 10002f0  10002f0        0     1                 
 10002f4  10002f4        0     1                 
 10002f6  10002f6        0     1                 
 10002fa  10002fa        0     1                 
 10002fc  10002fc        0     1                 
 1000300  1000300        0     1                 
 1000304  1000304        0     1                 
 1000308  1000308        0     1                 
 100030c  100030c        0     1                 
 100030e  100030e        0     1                 
 1000312  1000312        0     1                 
 1000316  1000316        0     1                 
 1000322  1000322        0     1                 
 1000322  1000322        0     1                 
 100032a  100032a        0     1                 
 1000330  1000330        0     1                 
 1000334  1000334        0     1                 
 100033a  100033a        0     1                 
 1000346  1000346        0     1                 
 1000346  1000346        0     1                 
 1000364  1000364        0     1                 
 1000364  1000364        0     1                 
 1000364  1000364        0     1                 
 1000364  1000364        0     1                 
 1000364  1000364        0     1                 
 1000364  1000364        0     1                 
 1000364  1000364       1a     1                 memcpy
 1000366  1000366        0     1                 
 1000368  1000368        0     1                 
 100036c  100036c        0     1                 
 100036e  100036e        0     1                 
 1000370  1000370        0     1                 
 1000374  1000374        0     1                 
 1000378  1000378        0     1                 
 100037a  100037a        0     1                 
 100037c  100037c        0     1                 
 100037e  100037e        0     1                 
 100037e  100037e        0     1                 
 100037e  100037e        0     1                 
 100037e  100037e        0     1                 
 100037e  100037e        0     1                 
 100037e  100037e        0     1                 
 100037e  100037e       14     1                 memset
 1000380  1000380        0     1                 
 1000382  1000382        0     1                 
 1000384  1000384        0     1                 
 1000388  1000388        0     1                 
 100038c  100038c        0     1                 
 100038e  100038e        0     1                 
 1000390  1000390        0     1                 
 1000392  1000392        0     1                 
 1000392  1000392        0     1                 
 1000392  1000392        0     1                 
 1000392  1000392        0     1                 
 1000392  1000392        0     1                 
 1000392  1000392        0     1                 
 1000392  1000392       24     1                 strcpy
 1000398  1000398        0     1                 
 100039c  100039c        0     1                 
 100039e  100039e        0     1                 
 10003a2  10003a2        0     1                 
 10003a6  10003a6        0     1                 
 10003aa  10003aa        0     1                 
 10003ac  10003ac        0     1                 
 10003ae  10003ae        0     1                 
 10003b0  10003b0        0     1                 
 10003b4  10003b4        0     1                 
 10003b6  10003b6        0     1                 
 10003b6  10003b6        0     1                 
 10003b6  10003b6        0     1                 
 10003b6  10003b6        0     1                 
 10003b6  10003b6        0     1                 
 10003b6  10003b6        0     1                 
 10003b6  10003b6       38     1                 strcmp
 10003ba  10003ba        0     1                 
 10003bc  10003bc        0     1                 
 10003be  10003be        0     1                 
 10003c2  10003c2        0     1                 
 10003d0  10003d0        0     1                 
 10003d4  10003d4        0     1                 
 10003d8  10003d8        0     1                 
 10003da  10003da        0     1                 
 10003de  10003de        0     1                 
 10003e0  10003e0        0     1                 
 10003e4  10003e4        0     1                 
 10003e8  10003e8        0     1                 
 10003ec  10003ec        0     1                 
 10003ee  10003ee        0     1                 
 10003ee  10003ee        0     1                 
 10003f0  10003f0       66     4 .rodata
 10003f0  10003f0       66     1         <internal>:(.rodata)
 1000458  1000458    10008     4 .bss
 1000458  1000458        8     1         . = ALIGN ( 16 )
 1000460  1000460    10000     1         . += 64 * 1024
 1010460  1010460        0     1         __stack_top = .
 1010460  1010460        0     1         
       0        0      346     1 .debug_loclists
       0        0       33     1         /tmp/shell-6309d0.o:(.debug_loclists)
       c        c        0     1                 
      33       33       c9     1         /tmp/user-93270e.o:(.debug_loclists)
      3f       3f        0     1                 
      fc       fc      24a     1         /tmp/common-804024.o:(.debug_loclists)
     108      108        0     1                 
       0        0      324     1 .debug_abbrev
       0        0      103     1         /tmp/shell-6309d0.o:(.debug_abbrev)
     103      103      11c     1         /tmp/user-93270e.o:(.debug_abbrev)
     21f      21f      105     1         /tmp/common-804024.o:(.debug_abbrev)
       0        0      4dc     1 .debug_info
       0        0      109     1         /tmp/shell-6309d0.o:(.debug_info)
     109      109      1b2     1         /tmp/user-93270e.o:(.debug_info)
     2bb      2bb      221     1         /tmp/common-804024.o:(.debug_info)
       0        0       4c     1 .debug_rnglists
       0        0       1a     1         /tmp/shell-6309d0.o:(.debug_rnglists)
       c        c        0     1                 
      1a       1a       17     1         /tmp/user-93270e.o:(.debug_rnglists)
      26       26        0     1                 
      31       31       1b     1         /tmp/common-804024.o:(.debug_rnglists)
      3d       3d        0     1                 
       0        0      130     1 .debug_str_offsets
       0        0       48     1         /tmp/shell-6309d0.o:(.debug_str_offsets)
       8        8        0     1                 
      48       48       54     1         /tmp/user-93270e.o:(.debug_str_offsets)
      50       50        0     1                 
      9c       9c       94     1         /tmp/common-804024.o:(.debug_str_offsets)
      a4       a4        0     1                 
       0        0      17d     1 .debug_str
       0        0      17d     1         <internal>:(.debug_str)
       0        0       b8     1 .debug_addr
       0        0       40     1         /tmp/shell-6309d0.o:(.debug_addr)
       8        8        0     1                 
      40       40       1c     1         /tmp/user-93270e.o:(.debug_addr)
      48       48        0     1                 
      5c       5c       5c     1         /tmp/common-804024.o:(.debug_addr)
      64       64        0     1                 
       0        0       42     1 .comment
       0        0       42     1         <internal>:(.comment)
       0        0       2b     1 .riscv.attributes
       0        0       2b     1         /tmp/shell-6309d0.o:(.riscv.attributes)
       0        0      12c     4 .debug_frame
       0        0       44     4         /tmp/shell-6309d0.o:(.debug_frame)
       0        0        0     1                 
      44       44       64     4         /tmp/user-93270e.o:(.debug_frame)
      44       44        0     1                 
      a8       a8       84     4         /tmp/common-804024.o:(.debug_frame)
      a8       a8        0     1                 
       0        0      650     1 .debug_line
       0        0      12c     1         /tmp/shell-6309d0.o:(.debug_line)
       0        0        0     1                 .Lline_table_start0
     12c      12c       c4     1         /tmp/user-93270e.o:(.debug_line)
     12c      12c        0     1                 .Lline_table_start0
     1f0      1f0      460     1         /tmp/common-804024.o:(.debug_line)
     1f0      1f0        0     1                 .Lline_table_start0
       0        0       3d     1 .debug_line_str
       0        0       3d     1         <internal>:(.debug_line_str)
       0        0     15a0     4 .symtab
       0        0     15a0     4         <internal>:(.symtab)
       0        0       d6     1 .shstrtab
       0        0       d6     1         <internal>:(.shstrtab)
       0        0       ac     1 .strtab
       0        0       ac     1         <internal>:(.strtab)
