     VMA      LMA     Size Align Out     In      Symbol
       0        0  1000000     1 . = 0x1000000
 1000000  1000000      3c2     4 .text
 1000000  1000000       1a     2         /tmp/user-34aecd.o:(.text.start)
 1000000  1000000        0     1                 
 1000000  1000000        0     1                 
 1000000  1000000        0     1                 
 1000000  1000000        0     1                 
 1000000  1000000       1a     1                 start
 100001a  100001a        0     1                 
 100001a  100001a        0     1                 
 100001c  100001c       f0     4         /tmp/shell-1227cc.o:(.text)
 100001c  100001c        0     1                 
 100001c  100001c        0     1                 
 100001c  100001c        0     1                 
 100001c  100001c       f0     1                 main
 100001e  100001e        0     1                 
 1000038  1000038        0     1                 
 1000076  1000076        0     1                 
 1000076  1000076        0     1                 
 1000080  1000080        0     1                 
 1000080  1000080        0     1                 
 1000088  1000088        0     1                 
 1000094  1000094        0     1                 
 1000094  1000094        0     1                 
 1000096  1000096        0     1                 
 10000a2  10000a2        0     1                 
 10000a2  10000a2        0     1                 
 10000ac  10000ac        0     1                 
 10000ac  10000ac        0     1                 
 10000b4  10000b4        0     1                 
 10000b6  10000b6        0     1                 
 10000c2  10000c2        0     1                 
 10000c2  10000c2        0     1                 
 10000c4  10000c4        0     1                 
 10000d0  10000d0        0     1                 
 10000d8  10000d8        0     1                 
 10000da  10000da        0     1                 
 10000e2  10000e2        0     1                 
 10000e4  10000e4        0     1                 
 10000f0  10000f0        0     1                 
 10000f0  10000f0        0     1                 
 10000f4  10000f4        0     1                 
 10000fe  10000fe        0     1                 
 10000fe  10000fe        0     1                 
 1000100  1000100        0     1                 
 100010a  100010a        0     1                 
 100010a  100010a        0     1                 
 100010c  100010c        0     1                 
 100010c  100010c        0     1                 
 100010c  100010c        0     1                 
 100010c  100010c       2c     4         /tmp/user-34aecd.o:(.text)
 100010c  100010c        0     1                 
 100010c  100010c        0     1                 
 100010c  100010c        0     1                 
 100010c  100010c        0     1                 
 100010c  100010c        2     1                 exit
 100010e  100010e        0     1                 
 100010e  100010e        0     1                 
 100010e  100010e        0     1                 
 100010e  100010e        0     1                 
 100010e  100010e        0     1                 
 100010e  100010e        0     1                 
 100010e  100010e        c     1                 putchar
 1000118  1000118        0     1                 
 1000118  1000118        0     1                 
 100011a  100011a        0     1                 
 100011a  100011a        0     1                 
 100011a  100011a        0     1                 
 100011a  100011a        0     1                 
 100011a  100011a        0     1                 
 100011a  100011a       10     1                 syscall
 100011c  100011c        0     1                 
 1000128  1000128        0     1                 
 100012a  100012a        0     1                 
 100012a  100012a        0     1                 
 100012a  100012a        0     1                 
 100012a  100012a        0     1                 
 100012a  100012a        0     1                 
 100012a  100012a        0     1                 
 100012a  100012a        e     1                 getchar
 1000136  1000136        0     1                 
 1000136  1000136        0     1                 
 1000138  1000138        0     1                 
 1000138  1000138        0     1                 
 1000138  1000138      28a     4         /tmp/common-5992b4.o:(.text)
 1000138  1000138        0     1                 
 1000138  1000138        0     1                 
 1000138  1000138        0     1                 
 1000138  1000138      200     1                 printf
 100013a  100013a        0     1                 
 1000154  1000154        0     1                 
 1000166  1000166        0     1                 
 1000192  1000192        0     1                 
 1000196  1000196        0     1                 
 1000198  1000198        0     1                 
 100019c  100019c        0     1                 
 10001a4  10001a4        0     1                 
 10001ac  10001ac        0     1                 
 10001ac  10001ac        0     1                 
 10001ae  10001ae        0     1                 
 10001b0  10001b0        0     1                 
 10001b4  10001b4        0     1                 
 10001b6  10001b6        0     1                 
 10001c2  10001c2        0     1                 
 10001ce  10001ce        0     1                 
 10001d2  10001d2        0     1                 
 10001d4  10001d4        0     1                 
 10001da  10001da        0     1                 
 10001e2  10001e2        0     1                 
 10001e2  10001e2        0     1                 
 10001ec  10001ec        0     1                 
 10001ec  10001ec        0     1                 
 10001f0  10001f0        0     1                 
 10001f6  10001f6        0     1                 
 10001fe  10001fe        0     1                 
 10001fe  10001fe        0     1                 
 1000202  1000202        0     1                 
 1000204  1000204        0     1                 
 100020a  100020a        0     1                 
 1000212  1000212        0     1                 
 1000212  1000212        0     1                 
 1000216  1000216        0     1                 
 1000218  1000218        0     1                 
 100021e  100021e        0     1                 
 1000226  1000226        0     1                 
 1000226  1000226        0     1                 
 100022a  100022a        0     1                 
 100022c  100022c        0     1                 
 1000232  1000232        0     1                 
 100023a  100023a        0     1                 
 100023a  100023a        0     1                 
 100023e  100023e        0     1                 
 1000240  1000240        0     1                 
 1000246  1000246        0     1                 
 100024e  100024e        0     1                 
 100024e  100024e        0     1                 
 1000252  1000252        0     1                 
 1000254  1000254        0     1                 
 100025a  100025a        0     1                 
 1000262  1000262        0     1                 
 1000262  1000262        0     1                 
 1000266  1000266        0     1                 
 1000268  1000268        0     1                 
 100026e  100026e        0     1                 
 1000276  1000276        0     1                 
 1000276  1000276        0     1                 
 100027a  100027a        0     1                 
 1000280  1000280        0     1                 
 1000280  1000280        0     1                 
 1000288  1000288        0     1                 
 1000288  1000288        0     1                 
 100028a  100028a        0     1                 
 100028c  100028c        0     1                 
 100028c  100028c        0     1                 
 1000296  1000296        0     1                 
 100029a  100029a        0     1                 
 10002a2  10002a2        0     1                 
 10002ae  10002ae        0     1                 
 10002ae  10002ae        0     1                 
 10002b2  10002b2        0     1                 
 10002b8  10002b8        0     1                 
 10002b8  10002b8        0     1                 
 10002c4  10002c4        0     1                 
 10002c4  10002c4        0     1                 
 10002c8  10002c8        0     1                 
 10002ca  10002ca        0     1                 
 10002ce  10002ce        0     1                 
 10002d0  10002d0        0     1                 
 10002d4  10002d4        0     1                 
 10002d8  10002d8        0     1                 
 10002dc  10002dc        0     1                 
 10002e0  10002e0        0     1                 
 10002e2  10002e2        0     1                 
 10002e6  10002e6        0     1                 
 10002ea  10002ea        0     1                 
 10002f6  10002f6        0     1                 
 10002f6  10002f6        0     1                 
 10002fe  10002fe        0     1                 
 1000304  1000304        0     1                 
 1000308  1000308        0     1                 
 100030e  100030e        0     1                 
 100031a  100031a        0     1                 
 100031a  100031a        0     1                 
 1000338  1000338        0     1                 
 1000338  1000338        0     1                 
 1000338  1000338        0     1                 
 1000338  1000338        0     1                 
 1000338  1000338        0     1                 
 1000338  1000338        0     1                 
 1000338  1000338       1a     1                 memcpy
 100033a  100033a        0     1                 
 100033c  100033c        0     1                 
 1000340  1000340        0     1                 
 1000342  1000342        0     1                 
 1000344  1000344        0     1                 
 1000348  1000348        0     1                 
 100034c  100034c        0     1                 
 100034e  100034e        0     1                 
 1000350  1000350        0     1                 
 1000352  1000352        0     1                 
 1000352  1000352        0     1                 
 1000352  1000352        0     1                 
 1000352  1000352        0     1                 
 1000352  1000352        0     1                 
 1000352  1000352        0     1                 
 1000352  1000352       14     1                 memset
 1000354  1000354        0     1                 
 1000356  1000356        0     1                 
 1000358  1000358        0     1                 
 100035c  100035c        0     1                 
 1000360  1000360        0     1                 
 1000362  1000362        0     1                 
 1000364  1000364        0     1                 
 1000366  1000366        0     1                 
 1000366  1000366        0     1                 
 1000366  1000366        0     1                 
 1000366  1000366        0     1                 
 1000366  1000366        0     1                 
 1000366  1000366        0     1                 
 1000366  1000366       24     1                 strcpy
 100036c  100036c        0     1                 
 1000370  1000370        0     1                 
 1000372  1000372        0     1                 
 1000376  1000376        0     1                 
 100037a  100037a        0     1                 
 100037e  100037e        0     1                 
 1000380  1000380        0     1                 
 1000382  1000382        0     1                 
 1000384  1000384        0     1                 
 1000388  1000388        0     1                 
 100038a  100038a        0     1                 
 100038a  100038a        0     1                 
 100038a  100038a        0     1                 
 100038a  100038a        0     1                 
 100038a  100038a        0     1                 
 100038a  100038a        0     1                 
 100038a  100038a       38     1                 strcmp
 100038e  100038e        0     1                 
 1000390  1000390        0     1                 
 1000392  1000392        0     1                 
 1000396  1000396        0     1                 
 10003a4  10003a4        0     1                 
 10003a8  10003a8        0     1                 
 10003ac  10003ac        0     1                 
 10003ae  10003ae        0     1                 
 10003b2  10003b2        0     1                 
 10003b4  10003b4        0     1                 
 10003b8  10003b8        0     1                 
 10003bc  10003bc        0     1                 
 10003c0  10003c0        0     1                 
 10003c2  10003c2        0     1                 
 10003c2  10003c2        0     1                 
 10003c4  10003c4       61     4 .rodata
 10003c4  10003c4       61     1         <internal>:(.rodata)
 1000428  1000428    10008     4 .bss
 1000428  1000428        8     1         . = ALIGN ( 16 )
 1000430  1000430    10000     1         . += 64 * 1024
 1010430  1010430        0     1         __stack_top = .
 1010430  1010430        0     1         
       0        0      340     1 .debug_loclists
       0        0       39     1         /tmp/shell-1227cc.o:(.debug_loclists)
       c        c        0     1                 
      39       39       bd     1         /tmp/user-34aecd.o:(.debug_loclists)
      45       45        0     1                 
      f6       f6      24a     1         /tmp/common-5992b4.o:(.debug_loclists)
     102      102        0     1                 
       0        0      310     1 .debug_abbrev
       0        0       ef     1         /tmp/shell-1227cc.o:(.debug_abbrev)
      ef       ef      11c     1         /tmp/user-34aecd.o:(.debug_abbrev)
     20b      20b      105     1         /tmp/common-5992b4.o:(.debug_abbrev)
       0        0      489     1 .debug_info
       0        0       f5     1         /tmp/shell-1227cc.o:(.debug_info)
      f5       f5      173     1         /tmp/user-34aecd.o:(.debug_info)
     268      268      221     1         /tmp/common-5992b4.o:(.debug_info)
       0        0       5d     1 .debug_rnglists
       0        0       2b     1         /tmp/shell-1227cc.o:(.debug_rnglists)
       c        c        0     1                 
      2b       2b       17     1         /tmp/user-34aecd.o:(.debug_rnglists)
      37       37        0     1                 
      42       42       1b     1         /tmp/common-5992b4.o:(.debug_rnglists)
      4e       4e        0     1                 
       0        0      12c     1 .debug_str_offsets
       0        0       44     1         /tmp/shell-1227cc.o:(.debug_str_offsets)
       8        8        0     1                 
      44       44       54     1         /tmp/user-34aecd.o:(.debug_str_offsets)
      4c       4c        0     1                 
      98       98       94     1         /tmp/common-5992b4.o:(.debug_str_offsets)
      a0       a0        0     1                 
       0        0      17d     1 .debug_str
       0        0      17d     1         <internal>:(.debug_str)
       0        0       b0     1 .debug_addr
       0        0       38     1         /tmp/shell-1227cc.o:(.debug_addr)
       8        8        0     1                 
      38       38       1c     1         /tmp/user-34aecd.o:(.debug_addr)
      40       40        0     1                 
      54       54       5c     1         /tmp/common-5992b4.o:(.debug_addr)
      5c       5c        0     1                 
       0        0       42     1 .comment
       0        0       42     1         <internal>:(.comment)
       0        0       2b     1 .riscv.attributes
       0        0       2b     1         /tmp/shell-1227cc.o:(.riscv.attributes)
       0        0      12c     4 .debug_frame
       0        0       44     4         /tmp/shell-1227cc.o:(.debug_frame)
       0        0        0     1                 
      44       44       64     4         /tmp/user-34aecd.o:(.debug_frame)
      44       44        0     1                 
      a8       a8       84     4         /tmp/common-5992b4.o:(.debug_frame)
      a8       a8        0     1                 
       0        0      633     1 .debug_line
       0        0      115     1         /tmp/shell-1227cc.o:(.debug_line)
       0        0        0     1                 .Lline_table_start0
     115      115       be     1         /tmp/user-34aecd.o:(.debug_line)
     115      115        0     1                 .Lline_table_start0
     1d3      1d3      460     1         /tmp/common-5992b4.o:(.debug_line)
     1d3      1d3        0     1                 .Lline_table_start0
       0        0       3d     1 .debug_line_str
       0        0       3d     1         <internal>:(.debug_line_str)
       0        0     1520     4 .symtab
       0        0     1520     4         <internal>:(.symtab)
       0        0       d6     1 .shstrtab
       0        0       d6     1         <internal>:(.shstrtab)
       0        0       ac     1 .strtab
       0        0       ac     1         <internal>:(.strtab)
