     VMA      LMA     Size Align Out     In      Symbol
       0        0  1000000     1 . = 0x1000000
 1000000  1000000      3ba     4 .text
 1000000  1000000       1a     2         /tmp/user-a6774d.o:(.text.start)
 1000000  1000000        0     1                 
 1000000  1000000        0     1                 
 1000000  1000000        0     1                 
 1000000  1000000        0     1                 
 1000000  1000000       1a     1                 start
 100001a  100001a        0     1                 
 100001a  100001a        0     1                 
 100001c  100001c       e6     4         /tmp/shell-7619c3.o:(.text)
 100001c  100001c        0     1                 
 100001c  100001c        0     1                 
 100001c  100001c        0     1                 
 100001c  100001c       e6     1                 main
 100001e  100001e        0     1                 
 1000036  1000036        0     1                 
 1000070  1000070        0     1                 
 1000070  1000070        0     1                 
 100007a  100007a        0     1                 
 100007a  100007a        0     1                 
 1000084  1000084        0     1                 
 1000084  1000084        0     1                 
 100008c  100008c        0     1                 
 100008e  100008e        0     1                 
 100009a  100009a        0     1                 
 100009a  100009a        0     1                 
 100009c  100009c        0     1                 
 10000a0  10000a0        0     1                 
 10000a4  10000a4        0     1                 
 10000ac  10000ac        0     1                 
 10000ae  10000ae        0     1                 
 10000b6  10000b6        0     1                 
 10000b8  10000b8        0     1                 
 10000c4  10000c4        0     1                 
 10000c4  10000c4        0     1                 
 10000c8  10000c8        0     1                 
 10000d2  10000d2        0     1                 
 10000d2  10000d2        0     1                 
 10000d4  10000d4        0     1                 
 10000de  10000de        0     1                 
 10000de  10000de        0     1                 
 10000e6  10000e6        0     1                 
 10000e6  10000e6        0     1                 
 10000f2  10000f2        0     1                 
 10000f2  10000f2        0     1                 
 10000f4  10000f4        0     1                 
 1000100  1000100        0     1                 
 1000100  1000100        0     1                 
 1000102  1000102        0     1                 
 1000102  1000102        0     1                 
 1000102  1000102        0     1                 
 1000104  1000104       2c     4         /tmp/user-a6774d.o:(.text)
 1000104  1000104        0     1                 
 1000104  1000104        0     1                 
 1000104  1000104        0     1                 
 1000104  1000104        0     1                 
 1000104  1000104        2     1                 exit
 1000106  1000106        0     1                 
 1000106  1000106        0     1                 
 1000106  1000106        0     1                 
 1000106  1000106        0     1                 
 1000106  1000106        0     1                 
 1000106  1000106        0     1                 
 1000106  1000106        c     1                 putchar
 1000110  1000110        0     1                 
 1000110  1000110        0     1                 
 1000112  1000112        0     1                 
 1000112  1000112        0     1                 
 1000112  1000112        0     1                 
 1000112  1000112        0     1                 
 1000112  1000112        0     1                 
 1000112  1000112       10     1                 syscall
 1000114  1000114        0     1                 
 1000120  1000120        0     1                 
 1000122  1000122        0     1                 
 1000122  1000122        0     1                 
 1000122  1000122        0     1                 
 1000122  1000122        0     1                 
 1000122  1000122        0     1                 
 1000122  1000122        0     1                 
 1000122  1000122        e     1                 getchar
 100012e  100012e        0     1                 
 100012e  100012e        0     1                 
 1000130  1000130        0     1                 
 1000130  1000130        0     1                 
 1000130  1000130      28a     4         /tmp/common-b541eb.o:(.text)
 1000130  1000130        0     1                 
 1000130  1000130        0     1                 
 1000130  1000130        0     1                 
 1000130  1000130      200     1                 printf
 1000132  1000132        0     1                 
 100014c  100014c        0     1                 
 100015e  100015e        0     1                 
 100018a  100018a        0     1                 
 100018e  100018e        0     1                 
 1000190  1000190        0     1                 
 1000194  1000194        0     1                 
 100019c  100019c        0     1                 
 10001a4  10001a4        0     1                 
 10001a4  10001a4        0     1                 
 10001a6  10001a6        0     1                 
 10001a8  10001a8        0     1                 
 10001ac  10001ac        0     1                 
 10001ae  10001ae        0     1                 
 10001ba  10001ba        0     1                 
 10001c6  10001c6        0     1                 
 10001ca  10001ca        0     1                 
 10001cc  10001cc        0     1                 
 10001d2  10001d2        0     1                 
 10001da  10001da        0     1                 
 10001da  10001da        0     1                 
 10001e4  10001e4        0     1                 
 10001e4  10001e4        0     1                 
 10001e8  10001e8        0     1                 
 10001ee  10001ee        0     1                 
 10001f6  10001f6        0     1                 
 10001f6  10001f6        0     1                 
 10001fa  10001fa        0     1                 
 10001fc  10001fc        0     1                 
 1000202  1000202        0     1                 
 100020a  100020a        0     1                 
 100020a  100020a        0     1                 
 100020e  100020e        0     1                 
 1000210  1000210        0     1                 
 1000216  1000216        0     1                 
 100021e  100021e        0     1                 
 100021e  100021e        0     1                 
 1000222  1000222        0     1                 
 1000224  1000224        0     1                 
 100022a  100022a        0     1                 
 1000232  1000232        0     1                 
 1000232  1000232        0     1                 
 1000236  1000236        0     1                 
 1000238  1000238        0     1                 
 100023e  100023e        0     1                 
 1000246  1000246        0     1                 
 1000246  1000246        0     1                 
 100024a  100024a        0     1                 
 100024c  100024c        0     1                 
 1000252  1000252        0     1                 
 100025a  100025a        0     1                 
 100025a  100025a        0     1                 
 100025e  100025e        0     1                 
 1000260  1000260        0     1                 
 1000266  1000266        0     1                 
 100026e  100026e        0     1                 
 100026e  100026e        0     1                 
 1000272  1000272        0     1                 
 1000278  1000278        0     1                 
 1000278  1000278        0     1                 
 1000280  1000280        0     1                 
 1000280  1000280        0     1                 
 1000282  1000282        0     1                 
 1000284  1000284        0     1                 
 1000284  1000284        0     1                 
 100028e  100028e        0     1                 
 1000292  1000292        0     1                 
 100029a  100029a        0     1                 
 10002a6  10002a6        0     1                 
 10002a6  10002a6        0     1                 
 10002aa  10002aa        0     1                 
 10002b0  10002b0        0     1                 
 10002b0  10002b0        0     1                 
 10002bc  10002bc        0     1                 
 10002bc  10002bc        0     1                 
 10002c0  10002c0        0     1                 
 10002c2  10002c2        0     1                 
 10002c6  10002c6        0     1                 
 10002c8  10002c8        0     1                 
 10002cc  10002cc        0     1                 
 10002d0  10002d0        0     1                 
 10002d4  10002d4        0     1                 
 10002d8  10002d8        0     1                 
 10002da  10002da        0     1                 
 10002de  10002de        0     1                 
 10002e2  10002e2        0     1                 
 10002ee  10002ee        0     1                 
 10002ee  10002ee        0     1                 
 10002f6  10002f6        0     1                 
 10002fc  10002fc        0     1                 
 1000300  1000300        0     1                 
 1000306  1000306        0     1                 
 1000312  1000312        0     1                 
 1000312  1000312        0     1                 
 1000330  1000330        0     1                 
 1000330  1000330        0     1                 
 1000330  1000330        0     1                 
 1000330  1000330        0     1                 
 1000330  1000330        0     1                 
 1000330  1000330        0     1                 
 1000330  1000330       1a     1                 memcpy
 1000332  1000332        0     1                 
 1000334  1000334        0     1                 
 1000338  1000338        0     1                 
 100033a  100033a        0     1                 
 100033c  100033c        0     1                 
 1000340  1000340        0     1                 
 1000344  1000344        0     1                 
 1000346  1000346        0     1                 
 1000348  1000348        0     1                 
 100034a  100034a        0     1                 
 100034a  100034a        0     1                 
 100034a  100034a        0     1                 
 100034a  100034a        0     1                 
 100034a  100034a        0     1                 
 100034a  100034a        0     1                 
 100034a  100034a       14     1                 memset
 100034c  100034c        0     1                 
 100034e  100034e        0     1                 
 1000350  1000350        0     1                 
 1000354  1000354        0     1                 
 1000358  1000358        0     1                 
 100035a  100035a        0     1                 
 100035c  100035c        0     1                 
 100035e  100035e        0     1                 
 100035e  100035e        0     1                 
 100035e  100035e        0     1                 
 100035e  100035e        0     1                 
 100035e  100035e        0     1                 
 100035e  100035e        0     1                 
 100035e  100035e       24     1                 strcpy
 1000364  1000364        0     1                 
 1000368  1000368        0     1                 
 100036a  100036a        0     1                 
 100036e  100036e        0     1                 
 1000372  1000372        0     1                 
 1000376  1000376        0     1                 
 1000378  1000378        0     1                 
 100037a  100037a        0     1                 
 100037c  100037c        0     1                 
 1000380  1000380        0     1                 
 1000382  1000382        0     1                 
 1000382  1000382        0     1                 
 1000382  1000382        0     1                 
 1000382  1000382        0     1                 
 1000382  1000382        0     1                 
 1000382  1000382        0     1                 
 1000382  1000382       38     1                 strcmp
 1000386  1000386        0     1                 
 1000388  1000388        0     1                 
 100038a  100038a        0     1                 
 100038e  100038e        0     1                 
 100039c  100039c        0     1                 
 10003a0  10003a0        0     1                 
 10003a4  10003a4        0     1                 
 10003a6  10003a6        0     1                 
 10003aa  10003aa        0     1                 
 10003ac  10003ac        0     1                 
 10003b0  10003b0        0     1                 
 10003b4  10003b4        0     1                 
 10003b8  10003b8        0     1                 
 10003ba  10003ba        0     1                 
 10003ba  10003ba        0     1                 
 10003bc  10003bc       61     4 .rodata
 10003bc  10003bc       61     1         <internal>:(.rodata)
 1000420  1000420    10000     4 .bss
 1000420  1000420        0     1         . = ALIGN ( 16 )
 1000420  1000420    10000     1         . += 64 * 1024
 1010420  1010420        0     1         __stack_top = .
 1010420  1010420        0     1         
       0        0      338     1 .debug_loclists
       0        0       31     1         /tmp/shell-7619c3.o:(.debug_loclists)
       c        c        0     1                 
      31       31       bd     1         /tmp/user-a6774d.o:(.debug_loclists)
      3d       3d        0     1                 
      ee       ee      24a     1         /tmp/common-b541eb.o:(.debug_loclists)
      fa       fa        0     1                 
       0        0      310     1 .debug_abbrev
       0        0       ef     1         /tmp/shell-7619c3.o:(.debug_abbrev)
      ef       ef      11c     1         /tmp/user-a6774d.o:(.debug_abbrev)
     20b      20b      105     1         /tmp/common-b541eb.o:(.debug_abbrev)
       0        0      48d     1 .debug_info
       0        0       f9     1         /tmp/shell-7619c3.o:(.debug_info)
      f9       f9      173     1         /tmp/user-a6774d.o:(.debug_info)
     26c      26c      221     1         /tmp/common-b541eb.o:(.debug_info)
       0        0       4c     1 .debug_rnglists
       0        0       1a     1         /tmp/shell-7619c3.o:(.debug_rnglists)
       c        c        0     1                 
      1a       1a       17     1         /tmp/user-a6774d.o:(.debug_rnglists)
      26       26        0     1                 
      31       31       1b     1         /tmp/common-b541eb.o:(.debug_rnglists)
      3d       3d        0     1                 
       0        0      12c     1 .debug_str_offsets
       0        0       44     1         /tmp/shell-7619c3.o:(.debug_str_offsets)
       8        8        0     1                 
      44       44       54     1         /tmp/user-a6774d.o:(.debug_str_offsets)
      4c       4c        0     1                 
      98       98       94     1         /tmp/common-b541eb.o:(.debug_str_offsets)
      a0       a0        0     1                 
       0        0      17d     1 .debug_str
       0        0      17d     1         <internal>:(.debug_str)
       0        0       b0     1 .debug_addr
       0        0       38     1         /tmp/shell-7619c3.o:(.debug_addr)
       8        8        0     1                 
      38       38       1c     1         /tmp/user-a6774d.o:(.debug_addr)
      40       40        0     1                 
      54       54       5c     1         /tmp/common-b541eb.o:(.debug_addr)
      5c       5c        0     1                 
       0        0       42     1 .comment
       0        0       42     1         <internal>:(.comment)
       0        0       2b     1 .riscv.attributes
       0        0       2b     1         /tmp/shell-7619c3.o:(.riscv.attributes)
       0        0      12c     4 .debug_frame
       0        0       44     4         /tmp/shell-7619c3.o:(.debug_frame)
       0        0        0     1                 
      44       44       64     4         /tmp/user-a6774d.o:(.debug_frame)
      44       44        0     1                 
      a8       a8       84     4         /tmp/common-b541eb.o:(.debug_frame)
      a8       a8        0     1                 
       0        0      639     1 .debug_line
       0        0      11b     1         /tmp/shell-7619c3.o:(.debug_line)
       0        0        0     1                 .Lline_table_start0
     11b      11b       be     1         /tmp/user-a6774d.o:(.debug_line)
     11b      11b        0     1                 .Lline_table_start0
     1d9      1d9      460     1         /tmp/common-b541eb.o:(.debug_line)
     1d9      1d9        0     1                 .Lline_table_start0
       0        0       3d     1 .debug_line_str
       0        0       3d     1         <internal>:(.debug_line_str)
       0        0     1540     4 .symtab
       0        0     1540     4         <internal>:(.symtab)
       0        0       d6     1 .shstrtab
       0        0       d6     1         <internal>:(.shstrtab)
       0        0       ac     1 .strtab
       0        0       ac     1         <internal>:(.strtab)
